W/ActivityManager( 3492): NORMAL SET : srcAppInfo.processName = com.google.process.gapps, destAppInfo.processName = com.google.android.gms
W/ActivityManager( 3492): userId = 0, bbcId = -10000
W/ActivityManager( 3492): NORMAL SET : dst_category = 701, src_allowCategory = 0,701-1023
W/ActivityManager( 3492): NORMAL SET : srcAppInfo.processName = com.google.process.gapps, destAppInfo.processName = com.google.android.gms
W/ActivityManager( 3492): userId = 0, bbcId = -10000
W/ActivityManager( 3492): NORMAL SET : dst_category = 701, src_allowCategory = 0,701-1023
W/ActivityManager( 3492): NORMAL SET : srcAppInfo.processName = com.google.process.gapps, destAppInfo.processName = com.google.android.gms
W/ActivityManager( 3492): userId = 0, bbcId = -10000
W/ActivityManager( 3492): NORMAL SET : dst_category = 701, src_allowCategory = 0,701-1023
W/ActivityManager( 3492): NORMAL SET : srcAppInfo.processName = com.google.process.gapps, destAppInfo.processName = com.google.android.gms
W/ActivityManager( 3492): userId = 0, bbcId = -10000
W/ActivityManager( 3492): NORMAL SET : dst_category = 701, src_allowCategory = 0,701-1023
W/ActivityManager( 3492): NORMAL SET : srcAppInfo.processName = com.google.process.gapps, destAppInfo.processName = com.google.android.gms
W/ActivityManager( 3492): userId = 0, bbcId = -10000
W/ActivityManager( 3492): NORMAL SET : dst_category = 701, src_allowCategory = 0,701-1023
W/ActivityManager( 3492): NORMAL SET : srcAppInfo.processName = com.google.process.gapps, destAppInfo.processName = com.google.android.gms
I/tlc_communication( 2998): mcWaitNotification is completed;272
I/TLC_BAUTH( 2998): Check the Trustlet return code is completed;1223
D/bauth_FPBAuthService( 2998): check_opcode status = 2, opcode = 5, func_ret_val = 0, function_status = 1, timeout = 0
D/bauth_FPBAuthService( 2998): FPBAuthService, 1050
D/bauth_FPBAuthService( 2998): FPBAuthService, 1060
D/bauth_FPBAuthService( 2998): FPBAuthService, 1062
D/bauth_FPBAuthService( 2998): fpop : 100021
D/bauth_BpBAuthServiceListener( 5299): IBAuthServiceListener, 46
D/bauth_client(native)( 5299): BAuthServiceClient, 184
D/FPMS_SamsungFingerprintLibraryImpl( 5299): onFingerprintEvent: eventId=100021, evt=null
D/FPMS_FingerprintClientRecord( 5299): onEvent: commandName=identify, 12, 0, 0
D/bauth_FPBAuthService( 2998): FPBAuthService, 2290
I/TLC_BAUTH( 2998): Call FP cmd 0x6;1156
I/tlc_communication( 2998): Send Trustlet TCI Message;215
I/tlc_communication( 2998): mcNotify is completed;225
D/KeyguardSpassUnlockThread( 3973): handleMessage : EVENT_IDENTIFY_STARTED
D/KeyguardSPassUnlockView( 3973): setAttributionViewEnabled( enable = false )
I/tlc_communication( 2998): mcWaitNotification is completed;272
W/ActivityManager( 3492): userId = 0, bbcId = -10000
I/TLC_BAUTH( 2998): Check the Trustlet return code is completed;1223
D/bauth_FPBAuthService( 2998): check_opcode status = 2, opcode = 4, func_ret_val = 0, function_status = 1, timeout = 50
W/ActivityManager( 3492): NORMAL SET : dst_category = 701, src_allowCategory = 0,701-1023
D/bauth_FPBAuthService( 2998): FPBAuthService, 808
W/ActivityManager( 3492): NORMAL SET : srcAppInfo.processName = com.google.process.gapps, destAppInfo.processName = com.google.android.gms
D/bauth_FPBAuthSensorControl( 2998): FPBAuthSensorControl, 217
D/bauth_FPBAuthService( 2998): FPBAuthService, 823
W/ActivityManager( 3492): userId = 0, bbcId = -10000
W/ActivityManager( 3492): NORMAL SET : dst_category = 701, src_allowCategory = 0,701-1023
W/ActivityManager( 3492): NORMAL SET : srcAppInfo.processName = com.google.process.gapps, destAppInfo.processName = com.google.android.gms
W/ActivityManager( 3492): userId = 0, bbcId = -10000
W/ActivityManager( 3492): NORMAL SET : dst_category = 701, src_allowCategory = 0,701-1023
W/ActivityManager( 3492): NORMAL SET : srcAppInfo.processName = com.google.process.gapps, destAppInfo.processName = com.google.android.gms
W/ActivityManager( 3492): userId = 0, bbcId = -10000
W/ActivityManager( 3492): NORMAL SET : dst_category = 701, src_allowCategory = 0,701-1023
W/ActivityManager( 3492): NORMAL SET : srcAppInfo.processName = com.google.process.gapps, destAppInfo.processName = com.google.android.gms
D/bauth_FPBAuthSensorControl( 2998): FPBAuthSensorControl, 243
D/bauth_FPBAuthService( 2998): FPBAuthService, 872
D/bauth_FPBAuthService( 2998): FPBAuthService, 2290
I/TLC_BAUTH( 2998): Call FP cmd 0x6;1156
I/tlc_communication( 2998): Send Trustlet TCI Message;215
I/tlc_communication( 2998): mcNotify is completed;225
W/ActivityManager( 3492): userId = 0, bbcId = -10000
W/ActivityManager( 3492): NORMAL SET : dst_category = 701, src_allowCategory = 0,701-1023
W/ActivityManager( 3492): NORMAL SET : srcAppInfo.processName = com.google.process.gapps, destAppInfo.processName = com.google.android.gms
W/ActivityManager( 3492): userId = 0, bbcId = -10000
W/ActivityManager( 3492): NORMAL SET : dst_category = 701, src_allowCategory = 0,701-1023
W/ActivityManager( 3492): NORMAL SET : srcAppInfo.processName = com.google.process.gapps, destAppInfo.processName = com.google.android.gms
D/bauth_FPBAuthService( 2998): FPBAuthService, 4780
D/bauth_FPBAuthService( 2998): FPBAuthService, 4903
D/bauth_FPBAuthService( 2998): FPBAuthService, 5015
D/bauth_FPBAuthService( 2998): FPBAuthService, 5026
D/bauth_FPBAuthService( 2998): FPBAuthService, 4799
D/bauth_FPBAuthService( 2998): FPBAuthService, 4850
D/bauth_FPBAuthService( 2998): FPBAuthService, 4803
W/ActivityManager( 3492): userId = 0, bbcId = -10000
W/ActivityManager( 3492): NORMAL SET : dst_category = 701, src_allowCategory = 0,701-1023
W/ActivityManager( 3492): NORMAL SET : srcAppInfo.processName = com.google.process.gapps, destAppInfo.processName = com.google.android.gms
W/ActivityManager( 3492): userId = 0, bbcId = -10000
W/ActivityManager( 3492): NORMAL SET : dst_category = 701, src_allowCategory = 0,701-1023
W/ActivityManager( 3492): NORMAL SET : srcAppInfo.processName = com.google.process.gapps, destAppInfo.processName = com.google.android.gms
W/ActivityManager( 3492): userId = 0, bbcId = -10000
W/ActivityManager( 3492): NORMAL SET : dst_category = 701, src_allowCategory = 0,701-1023
W/ActivityManager( 3492): NORMAL SET : srcAppInfo.processName = com.google.process.gapps, destAppInfo.processName = com.google.android.gms
W/ActivityManager( 3492): userId = 0, bbcId = -10000
W/ActivityManager( 3492): NORMAL SET : dst_category = 701, src_allowCategory = 0,701-1023
W/ActivityManager( 3492): NORMAL SET : srcAppInfo.processName = com.google.process.gapps, destAppInfo.processName = com.google.android.gms
W/ActivityManager( 3492): userId = 0, bbcId = -10000
W/ActivityManager( 3492): NORMAL SET : dst_category = 701, src_allowCategory = 0,701-1023
W/ActivityManager( 3492): NORMAL SET : srcAppInfo.processName = com.google.process.gapps, destAppInfo.processName = com.google.android.gms
W/ActivityManager( 3492): userId = 0, bbcId = -10000
W/ActivityManager( 3492): NORMAL SET : dst_category = 701, src_allowCategory = 0,701-1023
W/ActivityManager( 3492): NORMAL SET : srcAppInfo.processName = com.google.process.gapps, destAppInfo.processName = com.google.android.gms
W/ActivityManager( 3492): userId = 0, bbcId = -10000
W/ActivityManager( 3492): NORMAL SET : dst_category = 701, src_allowCategory = 0,701-1023
W/ActivityManager( 3492): NORMAL SET : srcAppInfo.processName = com.google.process.gapps, destAppInfo.processName = com.google.android.gms
W/ActivityManager( 3492): userId = 0, bbcId = -10000
W/ActivityManager( 3492): NORMAL SET : dst_category = 701, src_allowCategory = 0,701-1023
W/ActivityManager( 3492): NORMAL SET : srcAppInfo.processName = com.google.process.gapps, destAppInfo.processName = com.google.android.gms
I/tlc_communication( 2998): mcWaitNotification is completed;272
I/TLC_BAUTH( 2998): Check the Trustlet return code is completed;1223
D/bauth_FPBAuthService( 2998): check_opcode status = 2, opcode = 4, func_ret_val = 0, function_status = 1, timeout = 50
D/bauth_FPBAuthService( 2998): FPBAuthService, 808
D/bauth_FPBAuthSensorControl( 2998): FPBAuthSensorControl, 217
D/bauth_FPBAuthService( 2998): FPBAuthService, 823
W/ActivityManager( 3492): userId = 0, bbcId = -10000
W/ActivityManager( 3492): NORMAL SET : dst_category = 701, src_allowCategory = 0,701-1023
W/ActivityManager( 3492): NORMAL SET : srcAppInfo.processName = com.google.process.gapps, destAppInfo.processName = com.google.android.gms
W/ActivityManager( 3492): userId = 0, bbcId = -10000
W/ActivityManager( 3492): NORMAL SET : dst_category = 701, src_allowCategory = 0,701-1023
W/ActivityManager( 3492): NORMAL SET : srcAppInfo.processName = com.google.process.gapps, destAppInfo.processName = com.google.android.gms
W/ActivityManager( 3492): userId = 0, bbcId = -10000
W/ActivityManager( 3492): NORMAL SET : dst_category = 701, src_allowCategory = 0,701-1023
W/ActivityManager( 3492): NORMAL SET : srcAppInfo.processName = com.google.process.gapps, destAppInfo.processName = com.google.android.gms
W/ActivityManager( 3492): userId = 0, bbcId = -10000
W/ActivityManager( 3492): NORMAL SET : dst_category = 701, src_allowCategory = 0,701-1023
W/ActivityManager( 3492): NORMAL SET : srcAppInfo.processName = com.google.process.gapps, destAppInfo.processName = com.google.android.gms
W/ActivityManager( 3492): userId = 0, bbcId = -10000
W/ActivityManager( 3492): NORMAL SET : dst_category = 701, src_allowCategory = 0,701-1023
W/ActivityManager( 3492): NORMAL SET : srcAppInfo.processName = com.google.process.gapps, destAppInfo.processName = com.google.android.gms
W/ActivityManager( 3492): userId = 0, bbcId = -10000
W/ActivityManager( 3492): NORMAL SET : dst_category = 701, src_allowCategory = 0,701-1023
W/ActivityManager( 3492): NORMAL SET : srcAppInfo.processName = com.google.process.gapps, destAppInfo.processName = com.google.android.gms
D/bauth_FPBAuthSensorControl( 2998): FPBAuthSensorControl, 243
D/bauth_FPBAuthService( 2998): FPBAuthService, 872
D/bauth_FPBAuthService( 2998): FPBAuthService, 2290
I/TLC_BAUTH( 2998): Call FP cmd 0x6;1156
I/tlc_communication( 2998): Send Trustlet TCI Message;215
I/tlc_communication( 2998): mcNotify is completed;225
W/ActivityManager( 3492): userId = 0, bbcId = -10000
W/ActivityManager( 3492): NORMAL SET : dst_category = 701, src_allowCategory = 0,701-1023
W/ActivityManager( 3492): NORMAL SET : srcAppInfo.processName = com.google.process.gapps, destAppInfo.processName = com.google.android.gms
W/ActivityManager( 3492): userId = 0, bbcId = -10000
W/ActivityManager( 3492): NORMAL SET : dst_category = 701, src_allowCategory = 0,701-1023
W/ActivityManager( 3492): NORMAL SET : srcAppInfo.processName = com.google.process.gapps, destAppInfo.processName = com.google.android.gms
W/ActivityManager( 3492): userId = 0, bbcId = -10000
W/ActivityManager( 3492): NORMAL SET : dst_category = 701, src_allowCategory = 0,701-1023
W/ActivityManager( 3492): NORMAL SET : srcAppInfo.processName = com.google.process.gapps, destAppInfo.processName = com.google.android.gms
W/ActivityManager( 3492): userId = 0, bbcId = -10000
W/ActivityManager( 3492): NORMAL SET : dst_category = 701, src_allowCategory = 0,701-1023
W/ActivityManager( 3492): NORMAL SET : srcAppInfo.processName = com.google.process.gapps, destAppInfo.processName = com.google.android.gms
W/ActivityManager( 3492): userId = 0, bbcId = -10000
W/ActivityManager( 3492): NORMAL SET : dst_category = 701, src_allowCategory = 0,701-1023
W/ActivityManager( 3492): NORMAL SET : srcAppInfo.processName = com.google.process.gapps, destAppInfo.processName = com.google.android.gms
W/ActivityManager( 3492): userId = 0, bbcId = -10000
W/ActivityManager( 3492): NORMAL SET : dst_category = 701, src_allowCategory = 0,701-1023
W/ActivityManager( 3492): NORMAL SET : srcAppInfo.processName = com.google.process.gapps, destAppInfo.processName = com.google.android.gms
W/ActivityManager( 3492): userId = 0, bbcId = -10000
W/ActivityManager( 3492): NORMAL SET : dst_category = 701, src_allowCategory = 0,701-1023
W/ActivityManager( 3492): NORMAL SET : srcAppInfo.processName = com.google.process.gapps, destAppInfo.processName = com.google.android.gms
W/ActivityManager( 3492): userId = 0, bbcId = -10000
W/ActivityManager( 3492): NORMAL SET : dst_category = 701, src_allowCategory = 0,701-1023
W/ActivityManager( 3492): NORMAL SET : srcAppInfo.processName = com.google.process.gapps, destAppInfo.processName = com.google.android.gms
W/ActivityManager( 3492): userId = 0, bbcId = -10000
W/ActivityManager( 3492): NORMAL SET : dst_category = 701, src_allowCategory = 0,701-1023
W/ActivityManager( 3492): NORMAL SET : srcAppInfo.processName = com.google.process.gapps, destAppInfo.processName = com.google.android.gms
W/ActivityManager( 3492): userId = 0, bbcId = -10000
W/ActivityManager( 3492): NORMAL SET : dst_category = 701, src_allowCategory = 0,701-1023
W/ActivityManager( 3492): NORMAL SET : srcAppInfo.processName = com.google.process.gapps, destAppInfo.processName = com.google.android.gms
W/ActivityManager( 3492): userId = 0, bbcId = -10000
W/ActivityManager( 3492): NORMAL SET : dst_category = 701, src_allowCategory = 0,701-1023
W/ActivityManager( 3492): NORMAL SET : srcAppInfo.processName = com.google.process.gapps, destAppInfo.processName = com.google.android.gms
I/tlc_communication( 2998): mcWaitNotification is completed;272
W/ActivityManager( 3492): userId = 0, bbcId = -10000
I/TLC_BAUTH( 2998): Check the Trustlet return code is completed;1223
D/bauth_FPBAuthService( 2998): check_opcode status = 2, opcode = 4, func_ret_val = 0, function_status = 1, timeout = 50
W/ActivityManager( 3492): NORMAL SET : dst_category = 701, src_allowCategory = 0,701-1023
D/bauth_FPBAuthService( 2998): FPBAuthService, 808
W/ActivityManager( 3492): NORMAL SET : srcAppInfo.processName = com.google.process.gapps, destAppInfo.processName = com.google.android.gms
D/bauth_FPBAuthSensorControl( 2998): FPBAuthSensorControl, 217
D/bauth_FPBAuthService( 2998): FPBAuthService, 823
W/ActivityManager( 3492): userId = 0, bbcId = -10000
W/ActivityManager( 3492): NORMAL SET : dst_category = 701, src_allowCategory = 0,701-1023
W/ActivityManager( 3492): NORMAL SET : srcAppInfo.processName = com.google.process.gapps, destAppInfo.processName = com.google.android.gms
W/ActivityManager( 3492): userId = 0, bbcId = -10000
W/ActivityManager( 3492): NORMAL SET : dst_category = 701, src_allowCategory = 0,701-1023
W/ActivityManager( 3492): NORMAL SET : srcAppInfo.processName = com.google.process.gapps, destAppInfo.processName = com.google.android.gms
W/ActivityManager( 3492): userId = 0, bbcId = -10000
W/ActivityManager( 3492): NORMAL SET : dst_category = 701, src_allowCategory = 0,701-1023
W/ActivityManager( 3492): NORMAL SET : srcAppInfo.processName = com.google.process.gapps, destAppInfo.processName = com.google.android.gms
W/ActivityManager( 3492): userId = 0, bbcId = -10000
W/ActivityManager( 3492): NORMAL SET : dst_category = 701, src_allowCategory = 0,701-1023
W/ActivityManager( 3492): NORMAL SET : srcAppInfo.processName = com.google.process.gapps, destAppInfo.processName = com.google.android.gms
W/ActivityManager( 3492): userId = 0, bbcId = -10000
W/ActivityManager( 3492): NORMAL SET : dst_category = 701, src_allowCategory = 0,701-1023
W/ActivityManager( 3492): NORMAL SET : srcAppInfo.processName = com.google.process.gapps, destAppInfo.processName = com.google.android.gms
W/ActivityManager( 3492): userId = 0, bbcId = -10000
W/ActivityManager( 3492): NORMAL SET : dst_category = 701, src_allowCategory = 0,701-1023
W/ActivityManager( 3492): NORMAL SET : srcAppInfo.processName = com.google.process.gapps, destAppInfo.processName = com.google.android.gms
W/ActivityManager( 3492): userId = 0, bbcId = -10000
W/ActivityManager( 3492): NORMAL SET : dst_category = 701, src_allowCategory = 0,701-1023
W/ActivityManager( 3492): NORMAL SET : srcAppInfo.processName = com.google.process.gapps, destAppInfo.processName = com.google.android.gms
D/bauth_FPBAuthSensorControl( 2998): FPBAuthSensorControl, 243
D/bauth_FPBAuthService( 2998): FPBAuthService, 872
D/bauth_FPBAuthService( 2998): FPBAuthService, 2290
I/TLC_BAUTH( 2998): Call FP cmd 0x6;1156
I/tlc_communication( 2998): Send Trustlet TCI Message;215
I/tlc_communication( 2998): mcNotify is completed;225
W/ActivityManager( 3492): userId = 0, bbcId = -10000
W/ActivityManager( 3492): NORMAL SET : dst_category = 701, src_allowCategory = 0,701-1023
W/ActivityManager( 3492): NORMAL SET : srcAppInfo.processName = com.google.process.gapps, destAppInfo.processName = com.google.android.gms
W/ActivityManager( 3492): userId = 0, bbcId = -10000
W/ActivityManager( 3492): NORMAL SET : dst_category = 701, src_allowCategory = 0,701-1023
W/ActivityManager( 3492): NORMAL SET : srcAppInfo.processName = com.google.process.gapps, destAppInfo.processName = com.google.android.gms
W/ActivityManager( 3492): userId = 0, bbcId = -10000
W/ActivityManager( 3492): NORMAL SET : dst_category = 701, src_allowCategory = 0,701-1023
W/ActivityManager( 3492): NORMAL SET : srcAppInfo.processName = com.google.process.gapps, destAppInfo.processName = com.google.android.gms
W/ActivityManager( 3492): userId = 0, bbcId = -10000
W/ActivityManager( 3492): NORMAL SET : dst_category = 701, src_allowCategory = 0,701-1023
W/ActivityManager( 3492): NORMAL SET : srcAppInfo.processName = com.google.process.gapps, destAppInfo.processName = com.google.android.gms
W/ActivityManager( 3492): userId = 0, bbcId = -10000
W/ActivityManager( 3492): NORMAL SET : dst_category = 701, src_allowCategory = 0,701-1023
W/ActivityManager( 3492): NORMAL SET : srcAppInfo.processName = com.google.process.gapps, destAppInfo.processName = com.google.android.gms
W/ActivityManager( 3492): userId = 0, bbcId = -10000
W/ActivityManager( 3492): NORMAL SET : dst_category = 701, src_allowCategory = 0,701-1023
W/ActivityManager( 3492): NORMAL SET : srcAppInfo.processName = com.google.process.gapps, destAppInfo.processName = com.google.android.gms
W/ActivityManager( 3492): userId = 0, bbcId = -10000
W/ActivityManager( 3492): NORMAL SET : dst_category = 701, src_allowCategory = 0,701-1023
W/ActivityManager( 3492): NORMAL SET : srcAppInfo.processName = com.google.process.gapps, destAppInfo.processName = com.google.android.gms
W/ActivityManager( 3492): userId = 0, bbcId = -10000
W/ActivityManager( 3492): NORMAL SET : dst_category = 701, src_allowCategory = 0,701-1023
W/ActivityManager( 3492): NORMAL SET : srcAppInfo.processName = com.google.process.gapps, destAppInfo.processName = com.google.android.gms
W/ActivityManager( 3492): userId = 0, bbcId = -10000
W/ActivityManager( 3492): NORMAL SET : dst_category = 701, src_allowCategory = 0,701-1023
W/ActivityManager( 3492): NORMAL SET : srcAppInfo.processName = com.google.process.gapps, destAppInfo.processName = com.google.android.gms
W/ActivityManager( 3492): userId = 0, bbcId = -10000
W/ActivityManager( 3492): NORMAL SET : dst_category = 701, src_allowCategory = 0,701-1023
W/ActivityManager( 3492): NORMAL SET : srcAppInfo.processName = com.google.process.gapps, destAppInfo.processName = com.google.android.gms
W/ActivityManager( 3492): userId = 0, bbcId = -10000
W/ActivityManager( 3492): NORMAL SET : dst_category = 701, src_allowCategory = 0,701-1023
W/ActivityManager( 3492): NORMAL SET : srcAppInfo.processName = com.google.process.gapps, destAppInfo.processName = com.google.android.gms
W/ActivityManager( 3492): userId = 0, bbcId = -10000
W/ActivityManager( 3492): NORMAL SET : dst_category = 701, src_allowCategory = 0,701-1023
W/ActivityManager( 3492): NORMAL SET : srcAppInfo.processName = com.google.process.gapps, destAppInfo.processName = com.google.android.gms
W/ActivityManager( 3492): userId = 0, bbcId = -10000
W/ActivityManager( 3492): NORMAL SET : dst_category = 701, src_allowCategory = 0,701-1023
W/ActivityManager( 3492): NORMAL SET : srcAppInfo.processName = com.google.process.gapps, destAppInfo.processName = com.google.android.gms
W/ActivityManager( 3492): userId = 0, bbcId = -10000
W/ActivityManager( 3492): NORMAL SET : dst_category = 701, src_allowCategory = 0,701-1023
W/ActivityManager( 3492): NORMAL SET : srcAppInfo.processName = com.google.process.gapps, destAppInfo.processName = com.google.android.gms
W/ActivityManager( 3492): userId = 0, bbcId = -10000
W/ActivityManager( 3492): NORMAL SET : dst_category = 701, src_allowCategory = 0,701-1023
W/ActivityManager( 3492): NORMAL SET : srcAppInfo.processName = com.google.process.gapps, destAppInfo.processName = com.google.android.gms
W/ActivityManager( 3492): userId = 0, bbcId = -10000
W/ActivityManager( 3492): NORMAL SET : dst_category = 701, src_allowCategory = 0,701-1023
W/ActivityManager( 3492): NORMAL SET : srcAppInfo.processName = com.google.process.gapps, destAppInfo.processName = com.google.android.gms
W/ActivityManager( 3492): userId = 0, bbcId = -10000
W/ActivityManager( 3492): NORMAL SET : dst_category = 701, src_allowCategory = 0,701-1023
W/ActivityManager( 3492): NORMAL SET : srcAppInfo.processName = com.google.process.gapps, destAppInfo.processName = com.google.android.gms
W/ActivityManager( 3492): userId = 0, bbcId = -10000
W/ActivityManager( 3492): NORMAL SET : dst_category = 701, src_allowCategory = 0,701-1023
W/ActivityManager( 3492): NORMAL SET : srcAppInfo.processName = com.google.process.gapps, destAppInfo.processName = com.google.android.gms
W/ActivityManager( 3492): userId = 0, bbcId = -10000
W/ActivityManager( 3492): NORMAL SET : dst_category = 701, src_allowCategory = 0,701-1023
W/ActivityManager( 3492): NORMAL SET : srcAppInfo.processName = com.google.process.gapps, destAppInfo.processName = com.google.android.gms
W/ActivityManager( 3492): userId = 0, bbcId = -10000
W/ActivityManager( 3492): NORMAL SET : dst_category = 701, src_allowCategory = 0,701-1023
W/ActivityManager( 3492): NORMAL SET : srcAppInfo.processName = com.google.process.gapps, destAppInfo.processName = com.google.android.gms
W/ActivityManager( 3492): userId = 0, bbcId = -10000
W/ActivityManager( 3492): NORMAL SET : dst_category = 701, src_allowCategory = 0,701-1023
W/ActivityManager( 3492): NORMAL SET : srcAppInfo.processName = com.google.process.gapps, destAppInfo.processName = com.google.android.gms
W/ActivityManager( 3492): userId = 0, bbcId = -10000
W/ActivityManager( 3492): NORMAL SET : dst_category = 701, src_allowCategory = 0,701-1023
W/ActivityManager( 3492): NORMAL SET : srcAppInfo.processName = com.google.process.gapps, destAppInfo.processName = com.google.android.gms
W/ActivityManager( 3492): userId = 0, bbcId = -10000
W/ActivityManager( 3492): NORMAL SET : dst_category = 701, src_allowCategory = 0,701-1023
W/ActivityManager( 3492): NORMAL SET : srcAppInfo.processName = com.google.process.gapps, destAppInfo.processName = com.google.android.gms
I/tlc_communication( 2998): mcWaitNotification is completed;272
I/TLC_BAUTH( 2998): Check the Trustlet return code is completed;1223
D/bauth_FPBAuthService( 2998): check_opcode status = 2, opcode = 6, func_ret_val = 0, function_status = 1, timeout = 50
D/bauth_FPBAuthService( 2998): FPBAuthService, 786
D/bauth_FPBAuthService( 2998): FPBAuthService, 794
D/bauth_FPBAuthService( 2998): fpop : 100022
D/bauth_BpBAuthServiceListener( 5299): IBAuthServiceListener, 46
D/bauth_client(native)( 5299): BAuthServiceClient, 184
D/FPMS_SamsungFingerprintLibraryImpl( 5299): onFingerprintEvent: eventId=100022, evt=null
D/FPMS_FingerprintClientRecord( 5299): onEvent: commandName=identify, 14, 0, 21
D/bauth_FPBAuthService( 2998): FPBAuthService, 2290
I/TLC_BAUTH( 2998): Call FP cmd 0x6;1156
I/tlc_communication( 2998): Send Trustlet TCI Message;215
I/tlc_communication( 2998): mcNotify is completed;225
D/KeyguardSpassUnlockThread( 3973): handleMessage : EVENT_IDENTIFY_STATUS  
D/lights  ( 3492): button : 0 +
I/wpa_supplicant( 3928): nl80211: Received scan results (11 BSSes)
I/wpa_supplicant( 3928): same, connected : AC.7B.19, current : AC.7B.19
D/Tethering( 3492): interfaceLinkStateChanged wlan0, true
D/Tethering( 3492): interfaceStatusChanged wlan0, true
D/lights  ( 3492): button : 0 -
D/KeyguardSPassUnlockView( 3973): handleShowFingerPrintInstruction( show finger pirnt instructions )
D/KeyguardViewMediator( 3973): handleKeyguardDoneDrawing
E/SQLiteLog( 4394): (10) POSIX Error : 11 SQLite Error : 3850
D/bauth_FPBAuthService( 2998): FPBAuthService, 4780
D/bauth_FPBAuthService( 2998): FPBAuthService, 4903
D/bauth_FPBAuthService( 2998): FPBAuthService, 5015
D/bauth_FPBAuthService( 2998): FPBAuthService, 5026
D/bauth_FPBAuthService( 2998): FPBAuthService, 4799
D/bauth_FPBAuthService( 2998): FPBAuthService, 4850
D/bauth_FPBAuthService( 2998): FPBAuthService, 4803
D/bauth_FPBAuthService( 2998): FPBAuthService, 4780
D/bauth_FPBAuthService( 2998): FPBAuthService, 4903
D/bauth_FPBAuthService( 2998): FPBAuthService, 5015
D/bauth_FPBAuthService( 2998): FPBAuthService, 5026
D/bauth_FPBAuthService( 2998): FPBAuthService, 4799
D/bauth_FPBAuthService( 2998): FPBAuthService, 4850
D/bauth_FPBAuthService( 2998): FPBAuthService, 4803
I/tlc_communication( 2998): mcWaitNotification is completed;272
I/TLC_BAUTH( 2998): Check the Trustlet return code is completed;1223
D/bauth_FPBAuthService( 2998): check_opcode status = 2, opcode = 0, func_ret_val = 0, function_status = 1, timeout = 50
D/bauth_FPBAuthSensorControl( 2998): FPBAuthSensorControl, 273
D/bauth_FPBAuthSensorControl( 2998): FPBAuthSensorControl, 273
D/bauth_FPBAuthService( 2998): FPBAuthService, 2419
D/bauth_FPBAuthService( 2998): fpop : 100024
D/bauth_BpBAuthServiceListener( 5299): IBAuthServiceListener, 46
D/bauth_client(native)( 5299): BAuthServiceClient, 184
D/bauth_FPBAuthService( 2998): FPBAuthService, 2506
D/FPMS_SamsungFingerprintLibraryImpl( 5299): onFingerprintEvent: eventId=100024, evt=FingerprintBitmap{ , quality=0 }
D/bauth_FPBAuthService( 2998): fpop : 100010
D/bauth_BpBAuthServiceListener( 5299): IBAuthServiceListener, 46
D/bauth_client(native)( 5299): BAuthServiceClient, 184
I/TLC_BAUTH( 2998): Call FP cmd 0x7;1238
I/tlc_communication( 2998): Send Trustlet TCI Message;215
D/FPMS_SamsungFingerprintLibraryImpl( 5299): onFingerprintEvent: eventId=100010, evt=IdentifyResult{ result=100010, index=2 }
I/tlc_communication( 2998): mcNotify is completed;225
D/FPMS_FingerprintClientRecord( 5299): onEvent: commandName=identify, 13, 0, 0
I/FPMS_FingerprintManagerService( 5299): insertSurveyLog: true, FPIS, com.android.systemui
D/KeyguardSpassUnlockThread( 3973): handleMessage : RESULT_SUCCESS
D/KeyguardSpassUnlockThread( 3973): handleUnlock()
D/KeyguardSpassUnlockThread( 3973): Spass boostCpuClock
W/ActivityManager( 3492): userId = 0, bbcId = -10000
W/ActivityManager( 3492): NORMAL SET : dst_category = 0, src_allowCategory = 0,2-1023
W/ActivityManager( 3492): NORMAL SET : srcAppInfo.processName = com.samsung.android.fingerprint.service, destAppInfo.processName = com.samsung.android.providers.context
D/KeyguardSPassUnlockView( 3973): dismissKeyguard()
D/KeyguardSpassUnlockThread( 3973): cleanUp()
D/KeyguardSecurityView( 3973): showNextSecurityScreenOrFinish(true)
D/KeyguardViewMediator( 3973): keyguardDone(true)
D/FingerprintManager( 3973): unBindFingerprintManagerService: called
D/Coffee-GoogleTrustAgent( 4932): onUnlockAttempt true
I/FPMS_FingerprintManagerService( 5299): unregisterClient: pid=3973
D/FPMS_SamsungFingerprintLibraryImpl( 5299): cancel() in identify.requestCancel
D/bauth_client(native)( 5299): BAuthServiceClient, 22
D/bauth_client(native)( 5299): getBAuthService - EXIT
D/bauth_BASCommunicator( 2998): IBAuthService, 352
D/bauth_BASCommunicator( 2998): IBAuthService, 572
D/bauth_service( 2998): BAuthService, 525
D/bauth_FPBAuthService( 2998): FPBAuthService, 422
D/bauth_FPBAuthService( 2998): FPBAuthService, 632
I/FPMS_SamsungFingerprintProxyFactory( 5299): cancel FP_PROXY FINISH (0ms) RESULT: 0
D/KeyguardSpassUnlockThread( 3973): unregisterClient() mToken = com.android.keyguard.sec.KeyguardSpassUnlockThread$1@282bc3e2
D/KeyguardSPassUnlockView( 3973): setAttributionViewEnabled( enable = true )
D/KeyguardSpassUnlockThread( 3973): handleDestoryFingerPrintThread()
I/NativeFX(11700): [YMeter] FPS:32.494205, FrameDuration:0.008153, Draws: min:2 max:2
I/tlc_communication( 2998): mcWaitNotification is completed;272
I/TLC_BAUTH( 2998): Check the Trustlet return code is completed;1288
D/bauth_FPBAuthService( 2998): FPBAuthService, 642
D/bauth_FPBAuthSensorControl( 2998): FPBAuthSensorControl, 217
D/bauth_FPBAuthService( 2998): FPBAuthService, 655
I/TLC_BAUTH( 2998): Call FP cmd 0xa;1511
I/tlc_communication( 2998): Send Trustlet TCI Message;215
I/tlc_communication( 2998): mcNotify is completed;225
I/tlc_communication( 2998): mcWaitNotification is completed;272
I/TLC_BAUTH( 2998): Check the Trustlet return code is completed;1547
D/bauth_FPBAuthService( 2998): FPBAuthService, 2528
D/bauth_BpBAuthServiceListener( 5299): IBAuthServiceListener, 46
D/bauth_client(native)( 5299): BAuthServiceClient, 184
D/FPMS_SamsungFingerprintLibraryImpl( 5299): onFingerprintEvent: eventId=100011, evt=IdentifyResult{ result=100012, index=0 }
E/FPMS_FingerprintManagerService( 5299): handleFingerprintEvent: mFocusedClient is null so this event will be skipped.
D/bauth_FPBAuthSensorControl( 2998): FPBAuthSensorControl, 273
D/bauth_FPBAuthService( 2998): FPBAuthService, 673
D/        ( 2998): Worker, 75
D/SKMM_v2.0_Mobicore_Helper( 2975): Send Trustlet TCI Message
D/KeyguardViewMediator( 3973): handleKeyguardDone
D/KeyguardViewMediator( 3973): handleHide
D/KeyguardViewMediator( 3973): isAutoUnlockEnabled in KeyguardViewMediator = true
D/KeyguardViewMediator( 3973): isSecure() = true
D/KeyguardEffectViewUtil( 3973): wallpaperType :2
D/StatusBar-Window( 3973): fnf=false sanc=true, kni=false, sbf=true
D/CoverUI ( 3973): applyFocusableFlag() : Remove SAMSUNG_FLAG_SVIEW_COVER
D/CoverUI ( 3973): applyHeight h = -1, oc = true, ex = true, fa = false, ac = false, sc = false
D/PhoneStatusBar( 3973): makeExpandedInvisible: mExpandedVisible=true mExpandedVisible=true
D/StatusBar-QSPanel( 3973): setSingleLine:true
D/StatusBar-QSPanel( 3973): adjustCellWidth mButtonWidth : 272, displayWidth : 1440
D/StatusBar-QSPanel( 3973): updateButtonInfo mButtonWidth : 272 mColumns:5 orien: 1 mButtonCorrectionWidth:32
D/StatusBar-QSPanel( 3973): setSingleLine height:384
D/PhoneStatusBar( 3973): updateQSpanelHeight: 384 height:608
D/QSTile.TorchLightTile( 3973): handleUpdateState() state=MultiState[visible=true,icon=null,label=Flashlight,contentDescription=Flashlight is off.,dualLabelContentDescription=null,autoMirrorDrawable=true,iconId=2130838949,pairedDeviceName=null,alpha=1.0,imageAlpha=1.0,textAlpha=1.0,textTruncate=true,textEllipsis=false,tintColor =-1,value=2]
D/StatusBarKeyguardViewManager( 3973): setNeedAnimationFlag...  false
D/PanelView( 3973): There is/are notification(s) 
D/SecKeyguardClockView( 3973): updateCMASText() mOwnerInfo=android.widget.TextView{17d176dc I.ED..C. ..S...ID 32,0-32,86 #7f0e039d app:id/keyguard_owner_info}
D/SecKeyguardClockView( 3973): disableNoti = false
D/KeyguardEffectViewUtil( 3973): wallpaperType :2
D/StatusBar-Window( 3973): fnf=false sanc=true, kni=false, sbf=true
D/CoverUI ( 3973): applyFocusableFlag() : Remove SAMSUNG_FLAG_SVIEW_COVER
D/CoverUI ( 3973): applyHeight h = -1, oc = true, ex = true, fa = false, ac = false, sc = false
D/PanelView( 3973): flingSettings mQsMin:0 mQsMax:788 mQsEx:788.0mQsPeek:608
D/PanelView( 3973): There is/are notification(s) 
D/PanelView( 3973): kidsfalse mQsExpansionEnabled:true
D/PanelView( 3973): There is/are notification(s) 
D/KeyguardEffectViewUtil( 3973): wallpaperType :2
D/StatusBar-Window( 3973): fnf=false sanc=true, kni=false, sbf=true
D/CoverUI ( 3973): applyFocusableFlag() : Remove SAMSUNG_FLAG_SVIEW_COVER
D/CoverUI ( 3973): applyHeight h = -1, oc = true, ex = true, fa = false, ac = false, sc = false
D/PanelView( 3973): There is/are notification(s) 
D/KeyguardEffectViewUtil( 3973): wallpaperType :2
D/StatusBar-Window( 3973): fnf=false sanc=true, kni=false, sbf=false
D/CoverUI ( 3973): applyFocusableFlag() : Remove SAMSUNG_FLAG_SVIEW_COVER
D/CoverUI ( 3973): applyHeight h = -1, oc = true, ex = false, fa = false, ac = false, sc = false
D/PhoneStatusBar( 3973): disable: < expand icons* alerts system_info* BACK HOME RECENT clock SEARCH >
D/PhoneStatusBar( 3973): updateKeyguardState :0
I/KeyguardEffectViewController( 3973): setKeyguardShowing = false
W/KeyguardEffectViewController( 3973): setKeyguardShowing: **** SHOWN CALLED to turn on forcingly ****
D/KeyguardEffectViewController( 3973): cleanUp()
D/VisualEffectCircleUnlockEffect( 3973): KeyguardEffectViewNone : cleanUp
D/VisualEffectCircleUnlockEffect( 3973): KeyguardEffectViewNone : cleanUp
V/KeyguardUpdateMonitor( 3973): *** unregister callback for com.android.keyguard.sec.effect.KeyguardEffectViewController$2@1fde257a
D/KeyguardEffectViewController( 3973): isFestivalActivated()false
I/KeyguardEffectViewController( 3973): setFestivalKeyguardShowing = false ,:false
D/KeyguardEffectViewController( 3973): isFestivalActivated()false
D/PhoneStatusBar( 3973): updateKeyguardPreviousState :1
D/PhoneStatusBar( 3973): HomeCitySettingsDialog available = false, show = false
D/StatusBar-Window( 3973): fnf=true sanc=false, kni=false, sbf=false
D/CoverUI ( 3973): applyFocusableFlag() : Remove SAMSUNG_FLAG_SVIEW_COVER
D/CoverUI ( 3973): applyHeight h = 100, oc = false, ex = false, fa = false, ac = false, sc = false
D/KeyguardSPassUnlockView( 3973): onPause()
D/KeyguardSpassUnlockThread( 3973): onPause()
D/KeyguardSPassUnlockView( 3973): handleShowErrorMessage( mBackupPasswordButton )
V/KeyguardUpdateMonitor( 3973): *** unregister callback for com.android.keyguard.EmergencyButton$1@c35b900
V/KeyguardUpdateMonitor( 3973): *** unregister callback for com.android.keyguard.sec.SecKeyguardCircleView$1@273df539
V/KeyguardUpdateMonitor( 3973): *** unregister callback for com.android.keyguard.sec.SecKeyguardCircleEmergencyView$1@392ef77e
V/KeyguardUpdateMonitor( 3973): *** unregister callback for com.android.keyguard.KeyguardMessageArea$3@11dbf4df
V/KeyguardUpdateMonitor( 3973): *** unregister callback for com.android.keyguard.sec.SecKeyguardCircleView$1@22bd652c
D/KeyguardSPassUnlockView( 3973): onDetachedFromWindow()
D/KeyguardSPassUnlockView( 3973): cleanUp()
D/KeyguardSpassUnlockThread( 3973): cleanUp()
I/SecAttributionInfoView( 3973): onDetachedFromWindow
V/KeyguardUpdateMonitor( 3973): *** unregister callback for com.android.keyguard.KeyguardSimpleHostView$1@340c4fc
D/KeyguardUpdateMonitor( 3973): sendKeyguardVisibilityChanged(false)
D/KeyguardViewMediator( 3973): adjustStatusBarLocked: mShowing=false mOccluded=false isSecure=? --> flags=0x0
V/KeyguardEffectViewController( 3973): *** Keyguard wallpaper service unbounded
D/PhoneStatusBar( 3973): makeExpandedInvisible: mExpandedVisible=false mExpandedVisible=false
D/KeyguardWallpaperService(13269): onUnbind!!
D/KeyguardWallpaperService(13269): onDestroy!!
I/Process (13269): Sending signal. PID: 13269 SIG: 9
V/WindowOrientationListener( 3492): mSContextAutoRotationListener.getProposedRotation, mbResultFaceDectection: false
V/WindowOrientationListener( 3492): mSContextAutoRotationListener.getProposedRotation, Rotation: 0
V/WindowOrientationListener( 3492): mSContextAutoRotationListener.getProposedRotation, mbResultFaceDectection: false
V/WindowOrientationListener( 3492): mSContextAutoRotationListener.getProposedRotation, Rotation: 0
D/CoverManagerWhiteLists( 3492): isAllowedToUse : SIGNATURE_MATCH
I/PalmMotion( 3492): [PALM] SURFACE_MOTION_ENGINE: 1 SURFACE_PALM_TOUCH: 1
I/PalmMotion( 3492): [PALM] SURFACE_PALM_SWIPE: 1
D/PalmMotion( 3492): [PALM] SETTINGS : [TOUCH: true] [SWEEP: true]
D/PalmMotion( 3492): [PALM] ACCEPTED : [zeroflte] PALM_CNT : 3, M_TOUCH : 30.0, M_SWEEP : 25.0, E_SWEEP : 2.2, IGNORE_M_SWEEP : true
D/SecContentProvider( 3492): uri = 18 selection = isUsbMediaPlayerAvailable
D/SamsungIME( 5324): showDlgMsgBox : false true true
D/ScreenOnOffReceiver( 4932): Received intent: Intent { act=android.intent.action.USER_PRESENT flg=0x24000010 }.
I/Coffee-PlaceLure( 4932): User present
D/NfcService( 4433): call the applyRouting
I/Coffee-PlaceTrustlet( 4932): User Present broadcast receiver action: android.intent.action.USER_PRESENT
I/Coffee-PlaceTrustlet( 4932): ready to fetch home
W/ActivityManager( 3492): userId = 0, bbcId = -10000
W/ActivityManager( 3492): NORMAL SET : dst_category = 701, src_allowCategory = 0,2-1023
W/ActivityManager( 3492): NORMAL SET : srcAppInfo.processName = com.android.systemui, destAppInfo.processName = com.google.android.gms
D/InputDispatcher( 3492): Focus left window: 3973
D/InputDispatcher( 3492): Focus entered window: 3973
D/PointerIcon( 3492): setMouseIconStyle1 pointerType: 1001 iconType:101 flag:0 pid:3492 uid:1000
D/PointerIcon( 3492): setMouseCustomIcon IconType is same.101
D/ApplicationPolicy( 3492): isStatusBarNotificationAllowedAsUser: packageName = android,userId = -1
V/ApplicationPolicy( 3492): isApplicationStateBlocked userId -1 pkgname android
I/PalmMotion( 3492): [PALM] SURFACE_MOTION_ENGINE: 1 SURFACE_PALM_TOUCH: 1
I/PalmMotion( 3492): [PALM] SURFACE_PALM_SWIPE: 1
D/PalmMotion( 3492): [PALM] SETTINGS : [TOUCH: true] [SWEEP: true]
D/PalmMotion( 3492): [PALM] ACCEPTED : [zeroflte] PALM_CNT : 3, M_TOUCH : 30.0, M_SWEEP : 25.0, E_SWEEP : 2.2, IGNORE_M_SWEEP : true
D/CoverManagerWhiteLists( 3492): isAllowedToUse : SIGNATURE_MATCH
D/mali_winsys( 3973): new_window_surface returns 0x3000,  [1440x100]-format:1
W/ActivityManager( 3492): userId = 0, bbcId = -10000
W/ActivityManager( 3492): NORMAL SET : dst_category = 701, src_allowCategory = 0,2-1023
W/ActivityManager( 3492): NORMAL SET : srcAppInfo.processName = com.android.systemui, destAppInfo.processName = com.google.android.gms
I/PERF    ( 3973): StatusBarKeyguardViewManager - callbackAfterDraw
D/ScreenOnOffReceiver( 4932): Received intent: Intent { act=android.intent.action.USER_PRESENT flg=0x24000010 }.
I/Coffee-PlaceLure( 4932): User present
I/Coffee-PlaceTrustlet( 4932): User Present broadcast receiver action: android.intent.action.USER_PRESENT
I/Coffee-PlaceTrustlet( 4932): ready to fetch home
V/KeyguardServiceDelegate( 3492): **** SHOWN CALLED ****
D/SamsungIME( 5324): showDlgMsgBox : false true true
D/SecContentProvider( 3492): uri = 18 selection = isUsbMediaPlayerAvailable
I/NFXRenderer(11700): [NFXRenderer] destroySystem() called explicitly. Destroying system at address:547864170528
I/WFXRenderer(11700): [WFXRenderer] destroying effect at address:547863934016
I/NativeFX(11700): [WFXLib.cpp] Effect destroyed for address:-1891879872
I/NativeFX(11700): [NFXLib.cpp] Destroy requested by Java of system at address:547864170528 lostContext:1
I/NativeFX(11700): [YSystem] Context lost.
I/NativeFX(11700): [YSystem] Destroyed at address:547864170528
D/ApplicationPolicy( 3492): isStatusBarNotificationAllowedAsUser: packageName = android,userId = -1
V/ApplicationPolicy( 3492): isApplicationStateBlocked userId -1 pkgname android
D/bauth_FPBAuthService( 2998): FPBAuthService, 4780
D/bauth_FPBAuthService( 2998): FPBAuthService, 4903
I/TLC_BAUTH( 2998): Call FP cmd 0xc;1565
I/tlc_communication( 2998): Send Trustlet TCI Message;215
I/tlc_communication( 2998): mcNotify is completed;225
V/UserPresentBroadcastReceiver( 4932): Received Intent { act=android.intent.action.USER_PRESENT flg=0x24000010 cmp=com.google.android.gms/.auth.trustagent.UserPresentBroadcastReceiver }.
W/WallpaperService(11700): Ignoring updateSurface: destroyed
W/WallpaperService(11700): Failed to add window while updating wallpaper surface.
W/ActivityManager( 3492): userId = 0, bbcId = -10000
W/ActivityManager( 3492): NORMAL SET : dst_category = 701, src_allowCategory = 0,701-1023
W/ActivityManager( 3492): NORMAL SET : srcAppInfo.processName = com.google.android.gms, destAppInfo.processName = com.google.android.gms
D/PanelView( 3973): There is/are notification(s) 
D/PanelView( 3973): kidsfalse mQsExpansionEnabled:true
D/KeyguardUpdateMonitor( 3973): handleKeyguardVisibilityChanged(0)
W/ActivityManager( 3492): userId = 0, bbcId = -10000
W/ActivityManager( 3492): NORMAL SET : dst_category = 701, src_allowCategory = 0,2-1023
W/ActivityManager( 3492): NORMAL SET : srcAppInfo.processName = com.android.systemui, destAppInfo.processName = com.google.android.gms
D/UsbDebuggingActivity( 3973): onStart !!
D/ActivityManager( 3492): post active user change for 0 fullscreen false record.isFloatingActivity() false
D/KnoxTimeoutHandler( 3492): postActiveUserChange for user 0
I/KnoxTimeoutHandler( 3492): postActiveUserChange, showWhenLocked: false
D/KnoxTimeoutHandler( 3492): handleActiveUserChange for user 0
I/KnoxTimeoutHandler( 3492): Target Activity is not fullscreen. We will not show this activity0
D/PhoneStatusBar( 3973): disable: < expand icons alerts system_info back* home* recent* clock search* >
W/ActivityManager( 3492): userId = 0, bbcId = -10000
W/ActivityManager( 3492): NORMAL SET : dst_category = 701, src_allowCategory = 0,701-1023
W/ActivityManager( 3492): NORMAL SET : srcAppInfo.processName = com.google.process.gapps, destAppInfo.processName = com.google.android.gms
W/ActivityManager( 3492): userId = 0, bbcId = -10000
W/ActivityManager( 3492): NORMAL SET : dst_category = 701, src_allowCategory = 0,2-1023
W/ActivityManager( 3492): NORMAL SET : srcAppInfo.processName = com.android.systemui, destAppInfo.processName = com.google.android.gms
D/PanelView( 3973): mClearAll.setVisibility - mIsFullyOpened : false isShade : true mHasNotification : true mIsUpwardFling : false mQsFullyExpanded : false isShadeLocked : false mClearAllVisible : false
D/VisualEffectCircleUnlockEffect( 3973): clearEffect
D/VisualEffectCircleUnlockEffect( 3973): cancelAllAnimator
D/VisualEffectCircleUnlockEffect( 3973): clearEffect
D/VisualEffectCircleUnlockEffect( 3973): cancelAllAnimator
V/UserPresentBroadcastReceiver( 4932): Received Intent { act=android.intent.action.USER_PRESENT flg=0x24000010 cmp=com.google.android.gms/.auth.trustagent.UserPresentBroadcastReceiver }.
D/PanelView( 3973): mClearAll.setVisibility - mIsFullyOpened : false isShade : true mHasNotification : true mIsUpwardFling : false mQsFullyExpanded : false isShadeLocked : false mClearAllVisible : false
D/PanelView( 3973): mClearAll.setVisibility - mIsFullyOpened : false isShade : true mHasNotification : true mIsUpwardFling : false mQsFullyExpanded : false isShadeLocked : false mClearAllVisible : false
W/ActivityManager( 3492): userId = 0, bbcId = -10000
W/ActivityManager( 3492): NORMAL SET : dst_category = 701, src_allowCategory = 0,701-1023
W/ActivityManager( 3492): NORMAL SET : srcAppInfo.processName = com.google.process.gapps, destAppInfo.processName = com.google.android.gms
D/NotificationStackScrollLayout( 3973): hasNotification()-C:4
D/NotificationStackScrollLayout( 3973): hasNotification()-0-N:false
D/NotificationStackScrollLayout( 3973): hasNotification()-0-V:8
D/NotificationStackScrollLayout( 3973): hasNotification()-1-N:false
D/NotificationStackScrollLayout( 3973): hasNotification()-1-V:8
D/NotificationStackScrollLayout( 3973): hasNotification()-2-N:true
D/NotificationStackScrollLayout( 3973): hasNotification()-2-V:8
D/NotificationStackScrollLayout( 3973): hasNotification()-3-N:false
D/NotificationStackScrollLayout( 3973): hasNotification()-3-V:8
D/PanelView( 3973): There is/are no notification(s) 
D/PanelView( 3973): kidsfalse mQsExpansionEnabled:true
D/PhoneStatusBar( 3973): animateCollapse(): mExpandedVisible=false flags=0
D/StatusBar-Window( 3973): fnf=true sanc=false, kni=false, sbf=false
D/CoverUI ( 3973): applyFocusableFlag() : Remove SAMSUNG_FLAG_SVIEW_COVER
D/CoverUI ( 3973): applyHeight h = 100, oc = false, ex = false, fa = false, ac = false, sc = false
D/NotificationStackScrollLayout( 3973): hasNotification()-C:4
D/NotificationStackScrollLayout( 3973): hasNotification()-0-N:false
D/NotificationStackScrollLayout( 3973): hasNotification()-0-V:8
D/NotificationStackScrollLayout( 3973): hasNotification()-1-N:false
D/NotificationStackScrollLayout( 3973): hasNotification()-1-V:8
D/NotificationStackScrollLayout( 3973): hasNotification()-2-N:true
D/NotificationStackScrollLayout( 3973): hasNotification()-2-V:8
D/NotificationStackScrollLayout( 3973): hasNotification()-3-N:false
D/NotificationStackScrollLayout( 3973): hasNotification()-3-V:8
D/PanelView( 3973): There is/are no notification(s) 
D/PanelView( 3973): kidsfalse mQsExpansionEnabled:true
D/SecNfcJni( 4433): RoutingManager::commitRouting
E/SecNfcJni( 4433): nfaConnectionCallback: unknown event ????
D/SecNfcJni( 4433): RoutingManager::nfaEeCallback: NFA_EE_UPDATED_EVT
I/tlc_communication( 2998): mcWaitNotification is completed;272
I/TLC_BAUTH( 2998): Check the Trustlet return code is completed;1658
D/bauth_FPBAuthService( 2998): check_opcode status = 5, opcode = 0, func_ret_val = 0, function_status = 0, timeout = 0
D/bauth_FPBAuthService( 2998): FPBAuthService, 4953
I/TLC_BAUTH( 2998): Call FUNC ID 0x4;657
I/TLC_BAUTH( 2998): Free ION Memory;686
I/TLC_BAUTH( 2998): Call FUNC ID 0x20;224
I/TLC_BAUTH( 2998): FUNC ID 0x20 is completed;250
I/tlc_communication( 2998): tlc_close() called;155
I/tlc_communication( 2998): Closing the session;159
I/tlc_communication( 2998): Free WSM;175
I/tlc_communication( 2998): tlc_close() successed;202
I/TLC_BAUTH( 2998): FUNC ID 0x4 is completed;787
D/bauth_FPBAuthSensorControl( 2998): FPBAuthSensorControl, 191
D/bauth_FPBAuthService( 2998): FPBAuthService, 467
D/bauth_FPBAuthService( 2998): FPBAuthService, 4990
D/bauth_FPBAuthService( 2998): FPBAuthService, 5026
D/bauth_FPBAuthService( 2998): FPBAuthService, 4803
D/NfcService( 4433): index : 0
D/NfcService( 4433): index : 1
D/NfcService( 4433): index : 2
D/NfcService( 4433): call the applyRouting
D/NfcService( 4433): Discovery configuration equal, not updating.
D/NfcService( 4433): index : 0
D/NfcService( 4433): index : 1
D/NfcService( 4433): index : 2
D/KnoxNotification( 3973): ----- inflateViews : modified publicViewLocal -----
D/KnoxNotification( 3973): ----- inflateViews : modified KnoxViewLocal -----
D/PanelView( 3973): There is/are notification(s) 
D/PanelView( 3973): kidsfalse mQsExpansionEnabled:true
D/PanelView( 3973): There is/are notification(s) 
D/PanelView( 3973): kidsfalse mQsExpansionEnabled:true
D/NotificationStackScrollLayout( 3973): hasNotification()-C:4
D/NotificationStackScrollLayout( 3973): hasNotification()-0-N:false
D/NotificationStackScrollLayout( 3973): hasNotification()-0-V:8
D/NotificationStackScrollLayout( 3973): hasNotification()-1-N:false
D/NotificationStackScrollLayout( 3973): hasNotification()-1-V:8
D/NotificationStackScrollLayout( 3973): hasNotification()-2-N:true
D/NotificationStackScrollLayout( 3973): hasNotification()-2-V:8
D/NotificationStackScrollLayout( 3973): hasNotification()-3-N:false
D/NotificationStackScrollLayout( 3973): hasNotification()-3-V:8
D/PanelView( 3973): There is/are no notification(s) 
D/PanelView( 3973): kidsfalse mQsExpansionEnabled:true
D/PhoneStatusBar( 3973): animateCollapse(): mExpandedVisible=false flags=0
D/StatusBar-Window( 3973): fnf=true sanc=false, kni=false, sbf=false
D/CoverUI ( 3973): applyFocusableFlag() : Remove SAMSUNG_FLAG_SVIEW_COVER
D/CoverUI ( 3973): applyHeight h = 100, oc = false, ex = false, fa = false, ac = false, sc = false
D/NotificationStackScrollLayout( 3973): hasNotification()-C:4
D/NotificationStackScrollLayout( 3973): hasNotification()-0-N:false
D/NotificationStackScrollLayout( 3973): hasNotification()-0-V:8
D/NotificationStackScrollLayout( 3973): hasNotification()-1-N:false
D/NotificationStackScrollLayout( 3973): hasNotification()-1-V:8
D/NotificationStackScrollLayout( 3973): hasNotification()-2-N:true
D/NotificationStackScrollLayout( 3973): hasNotification()-2-V:8
D/NotificationStackScrollLayout( 3973): hasNotification()-3-N:false
D/NotificationStackScrollLayout( 3973): hasNotification()-3-V:8
D/PanelView( 3973): There is/are no notification(s) 
D/PanelView( 3973): kidsfalse mQsExpansionEnabled:true
D/KnoxNotification( 3973): ----- inflateViews : modified publicViewLocal -----
D/KnoxNotification( 3973): ----- inflateViews : modified KnoxViewLocal -----
D/PanelView( 3973): There is/are notification(s) 
D/PanelView( 3973): kidsfalse mQsExpansionEnabled:true
D/PanelView( 3973): There is/are notification(s) 
D/PanelView( 3973): kidsfalse mQsExpansionEnabled:true
D/Recents_AlternateRecentsComponent( 4502): dismissHelpPopup 
D/PanelView( 3973): mClearAll.setVisibility - mIsFullyOpened : false isShade : true mHasNotification : true mIsUpwardFling : false mQsFullyExpanded : false isShadeLocked : false mClearAllVisible : false
D/PanelView( 3973): mClearAll.setVisibility - mIsFullyOpened : false isShade : true mHasNotification : true mIsUpwardFling : false mQsFullyExpanded : false isShadeLocked : false mClearAllVisible : false
I/Timeline( 3973): Timeline: Activity_idle id: android.os.BinderProxy@237bdc82 time:512981
D/PanelView( 3973): mClearAll.setVisibility - mIsFullyOpened : false isShade : true mHasNotification : true mIsUpwardFling : false mQsFullyExpanded : false isShadeLocked : false mClearAllVisible : false
D/PanelView( 3973): mClearAll.setVisibility - mIsFullyOpened : false isShade : true mHasNotification : true mIsUpwardFling : false mQsFullyExpanded : false isShadeLocked : false mClearAllVisible : false
