D/PopupuiReceiver(13883): Action package removed
W/System.err(13787): remove failed: ENOENT (No such file or directory) : /data/data/com.facebook.katana/app_recovery/recovery_file
D/Mms/MmsApp(13858): [start]    onCreate() consume time = 0.0
D/Mms/ArtClassLoader(13858): init before art
D/Mms/MmsApp(13858): onCreate() com.android.mms
D/Mms/MessagingPreferenceActivity(13858): setDefaultPreference() China floating Message is enabled : false
D/InjectionManager(13828): InjectionManager
D/InjectionManager(13828): fillFeatureStoreMap com.google.android.apps.plus
I/InjectionManager(13828): Constructor com.google.android.apps.plus, Feature store :{}
I/InjectionManager(13828): featureStore :{}
W/ActivityManager( 3492): userId = 0, bbcId = -10000
W/ActivityManager( 3492): NORMAL SET : dst_category = 701, src_allowCategory = 0,701-1023
W/ActivityManager( 3492): NORMAL SET : srcAppInfo.processName = com.google.android.apps.plus, destAppInfo.processName = com.google.android.apps.plus
E/AffinityControl(13804): AffinityControl: registerfunction enter
W/ActivityManager( 3492): userId = 0, bbcId = -10000
W/ActivityManager( 3492): NORMAL SET : dst_category = 701, src_allowCategory = 0,701-1023
W/ActivityManager( 3492): NORMAL SET : srcAppInfo.processName = com.google.android.apps.plus, destAppInfo.processName = com.google.android.apps.plus
D/AndroidRuntime(13804): Calling main entry com.android.commands.am.Am
V/ApplicationPolicy( 3492): isApplicationStateBlocked userId 0 pkgname com.example.hello
V/ApplicationPolicy( 3492): isApplicationStateBlocked userId 0 pkgname com.google.android.googlequicksearchbox
V/ApplicationPolicy( 3492): isApplicationStateBlocked userId 0 pkgname com.example.hello
D/InputDispatcher( 3492): Focused application set to: xxxx
D/InputDispatcher( 3492): Focus left window: 4463
D/PhoneWindow( 3492): *FMB* installDecor mIsFloating : false
D/PhoneWindow( 3492): *FMB* installDecor flags : 25362712
D/PointerIcon( 3492): setMouseIconStyle1 pointerType: 1001 iconType:101 flag:0 pid:3492 uid:1000
D/PointerIcon( 3492): setMouseCustomIcon IconType is same.101
D/PhoneWindow( 3492): *FMB* isFloatingMenuEnabled mFloatingMenuBtn : null
D/PhoneWindow( 3492): *FMB* isFloatingMenuEnabled return false
I/SurfaceFlinger( 2949): id=44 createSurf (1440x2560),1 flag=404, iello
E/Zygote  (13921): MountEmulatedStorage()
E/Zygote  (13921): v2
I/SELinux (13921): Function: selinux_compare_spd_ram, SPD-policy is existed. and_ver=SEPF_SM-G920F_5.0.2 ver=27
I/SELinux (13921): Function: selinux_compare_spd_ram , priority [2] , priority version is VE=SEPF_SM-G920F_5.1.1_0030
E/SELinux (13921): [DEBUG] get_category: variable seinfo: default sensitivity: NULL, cateogry: NULL
I/art     (13921): Late-enabling -Xcheck:jni
D/TimaKeyStoreProvider(13921): TimaSignature is unavailable
D/ActivityThread(13921): Added TimaKeyStore provider
D/Mms/MmsApp(13858): [start]    initCountryIso consume time = 182.270292
V/WindowOrientationListener( 3492): mSContextAutoRotationListener.getProposedRotation, mbResultFaceDectection: false
V/WindowOrientationListener( 3492): mSContextAutoRotationListener.getProposedRotation, Rotation: 0
V/WindowOrientationListener( 3492): mSContextAutoRotationListener.getProposedRotation, mbResultFaceDectection: false
V/WindowOrientationListener( 3492): mSContextAutoRotationListener.getProposedRotation, Rotation: 0
D/Mms/MmsApp(13858): [end]    initCountryIso consume time = 16.887583
D/Mms/MmsConfig(13858): [start]    MmsConfig.init() consume time = 0.096417
D/EasySignUpManager_1.0.0(13858): isAuth is false
D/Mms/MmsConfig(13858): getEasySignUpStatus sIsAuthEasySignUp=false, TelephonyUtils.getSimState(0)= 5
D/EasySignUpManager_1.0.0(13858): userSerialNumber = 0
I/InjectionManager(13921): Inside getClassLibPath + mLibMap{0=, 1=}
D/EasySignUpManager_1.0.0(13858): serviceId : 1, features : 1
D/EasySignUpManager_1.0.0(13858): isAuth is false
D/EasySignUpManager_1.0.0(13858): getServiceStatus : serviceId (1) is OFF
D/Mms/MmsConfig(13858): setFreeMessageEnabled, getSupportedFeatures = 1 sIsAuthEasySignUp = false sIsFreeMessageServiceStatus = false
I/InjectionManager(13921): Inside getClassLibPath caller 
D/TP/MmsSmsProvider( 4448): query,matched:2117, calling pid = 13858
D/InjectionManager(13921): InjectionManager
D/InjectionManager(13921): fillFeatureStoreMap com.example.hello
D/TP/MmsSmsProvider( 4448): match 2117:Elapsed time : 3.798 ms
I/InjectionManager(13921): Constructor com.example.hello, Feature store :{}
I/InjectionManager(13921): featureStore :{}
D/Mms/MmsConfig(13858): Load Resize quality : 80
E/CscParser(13858): mps_code.dat does not exist
E/CscParser(13858): customer_path =/system/csc/customer.xml
E/CscParser(13858): fileName + /system/csc/customer.xml
E/CscParser(13858): mps_code.dat does not exist
E/CscParser(13858): customer_path =/system/csc/customer.xml
E/CscParser(13858): fileName + /system/csc/customer.xml
D/CscParser(13858): getInstance fileName =/system/csc/customer.xml
D/Mms/MmsConfig(13858):  enable multiwindow = true
D/StatusBar.NetworkController( 3973): refreshViews connected={ wifi } level=3 combinedSignalIconId=0x7f02053d/com.android.systemui:drawable/stat_sys_wifi_signal_3 mobileLabel=Pelephone wifiLabel="AO" emergencyOnly=false combinedLabel="AO" mAirplaneMode=false mDataActivity=0 mPhoneSignalIconId=0x7f0204ab/com.android.systemui:drawable/stat_sys_signal_3_auto_rotate mQSPhoneSignalIconId=0x7f020113/com.android.systemui:drawable/ic_qs_signal_3 mDataDirectionIconId=0x0/(null) mDataSignalIconId=0x7f0204ab/com.android.systemui:drawable/stat_sys_signal_3_auto_rotate mDataTypeIconId=0x7f02033b/com.android.systemui:drawable/stat_sys_data_connected_h mQSDataTypeIconId=0x7f02011f/com.android.systemui:drawable/ic_qs_signal_h mNoSimIconId=0x0/(null) mWifiIconId=0x7f02053d/com.android.systemui:drawable/stat_sys_wifi_signal_3 mQSWifiIconId=0x7f02012a/com.android.systemui:drawable/ic_qs_wifi_3 mWifiActivityIconId=0x7f02050a/com.android.systemui:drawable/stat_sys_signal_inout mBluetoothTetherIconId=0x7f02051d/com.android.systemui:drawable/stat_sys_tether_bluetooth
D/STATUSBAR-WifiTile( 3973): onWifiSignalChanged enabled=true enabledDesc:"AO"
D/StatusBar.NetworkController( 3973): refreshNwBoosterIndicator - setNWBoosterIndicators(false)
D/StatusBar.NetworkController( 3973): refreshNwBoosterIndicator - setNWBoosterIndicators(false)
D/StatusBar.NetworkController( 3973): refreshNwBoosterIndicator - setNWBoosterIndicators(false)
D/StatusBar.NetworkController( 3973): refreshNwBoosterIndicator - setNWBoosterIndicators(false)
D/Mms/MmsConfig(13858): [end]    init() consume time = 65.791958
I/WebViewFactory(13921): Loading com.google.android.webview version 44.0.2403.90 (code 240309050)
D/Mms/Contact(13858): [start]    init() consume time = 10.857084
I/InjectionManager(13921): Inside getClassLibPath caller 
D/TP/MmsSmsProvider( 4448): query,matched:13, calling pid = 13858
I/LibraryLoader(13921): Time to load native libraries: 0 ms (timestamps 9877-9877)
I/LibraryLoader(13921): Expected native library version number "",actual native library version number ""
D/TP/MmsSmsProvider( 4448): match 13:Elapsed time : 1.174 ms
D/Mms/Contact(13858): [end]    init consume time = 17.482833
V/WebViewChromiumFactoryProvider(13921): Binding Chromium to main looper Looper (main, tid 1) {976d4a9}
I/LibraryLoader(13921): Expected native library version number "",actual native library version number ""
I/chromium(13921): [INFO:library_loader_hooks.cc(120)] Chromium logging enabled: level = 0, default verbosity = 0
D/Mms:transaction(13858): roaming -> false (slotId = 0)
D/Mms:transaction(13858): [NotificationTransaction] getAutoDownloadState simSlot : 0
D/Mms:transaction(13858): auto download without roaming -> true
D/Mms:transaction(13858): [NotificationTransaction] getAutoDownloadState alwaysAuto : false, roaming : false
D/Mms:transaction(13858): roaming -> false (slotId = 1)
D/Mms:transaction(13858): [NotificationTransaction] getAutoDownloadState simSlot : 1
D/Mms:transaction(13858): auto download without roaming slot2 -> true
D/Mms:transaction(13858): [NotificationTransaction] getAutoDownloadState alwaysAutoSlot2 : false, roaming : false
D/Mms:transaction(13858): auto download during roaming secondary -> false
D/Mms:transaction(13858): mAutoDownload ------> true
I/BrowserStartupController(13921): Initializing chromium process, singleProcess=true
W/art     (13921): Attempt to remove local handle scope entry from IRT, ignoring
D/Mms/PackageInfo(13858): isEnabledComponent compomentName=com.android.mms.ui.RcsTransferContent
D/Mms/PackageInfo(13858): isEnabledComponent compomentName=com.android.mms.ui.TmoTransferContent
E/SysUtils(13921): ApplicationContext is null in ApplicationStatus
D/Mms/PackageInfo(13858): isEnabledComponent compomentName=com.android.mms.ui.TransferContent
E/CII     (13858): CommonIMSInterface: VoLTE CSC feature disabled.
D/Mms/PackageInfo(13858): isEnabledComponent compomentName=com.android.mms.ui.ComposeMessageMms
D/Mms/DraftCache(13858): [start]    rebuildCache consume time = 30.503083
D/TP/MmsSmsProvider( 4448): query,matched:12, calling pid = 13858
I/Mms/ReservationManager(13858): ReservationManager()
I/Mms/ReservationManager(13858): resetAfterConnected()
D/TP/MmsSmsProvider( 4448): match 12:Elapsed time : 1.779 ms
W/chromium(13921): [WARNING:resource_bundle.cc(285)] locale_file_path.empty()
D/TP/MmsSmsProvider( 4448): query,matched:7, calling pid = 13858
D/Mms/DraftCache(13858): [end]    rebuildCache consume time = 9.497459
D/TP/MmsSmsProvider( 4448): match 7:Elapsed time : 1.278 ms
I/Mms/ReservationManager(13858): getReservedSendMessageCount(): retMessageCount=0
D/Mms/MmsApp(13858): [end]    onCreate() consume time = 4.171166
D/InjectionManager(13858): InjectionManager
D/InjectionManager(13858): fillFeatureStoreMap com.android.mms
I/InjectionManager(13858): Constructor com.android.mms, Feature store :{}
I/InjectionManager(13858): featureStore :{}
D/Mms/FreeMessageStatusReceiver(13858): onReceive, action : android.intent.action.PACKAGE_REMOVED
W/ActivityManager( 3492): userId = 0, bbcId = -10000
W/ActivityManager( 3492): NORMAL SET : dst_category = 0, src_allowCategory = 0,2-1023
W/ActivityManager( 3492): NORMAL SET : srcAppInfo.processName = com.android.mms, destAppInfo.processName = com.android.mms
D/Mms:transaction(13858): Service state changed: Bundle[mParcelledData.dataSize=1268]
D/Mms/MethodReflector(13858): newFromBundle is called
D/Mms:transaction(13858): roaming ------> false, mSimSlot = 0
D/Mms:transaction(13858): roaming -> false (slotId = 0)
D/Mms:transaction(13858): [NotificationTransaction] getAutoDownloadState simSlot : 0
D/Mms:transaction(13858): auto download without roaming -> true
D/Mms:transaction(13858): [NotificationTransaction] getAutoDownloadState alwaysAuto : false, roaming : false
D/Mms:transaction(13858): mAutoDownload ------> true
D/Mms/Conversation(13858): [start]    init() consume time = 15.35525
E/Zygote  (13950): MountEmulatedStorage()
E/Zygote  (13950): v2
I/SELinux (13950): Function: selinux_compare_spd_ram, SPD-policy is existed. and_ver=SEPF_SM-G920F_5.0.2 ver=27
I/SELinux (13950): Function: selinux_compare_spd_ram , priority [2] , priority version is VE=SEPF_SM-G920F_5.1.1_0030
E/SELinux (13950): [DEBUG] get_category: variable seinfo: release sensitivity: NULL, cateogry: NULL
D/TP/MmsSmsProvider( 4448): deleteConversation threadId: 9223372036854775807
D/Mms/FreeMessageReceiverService(13858): onHandleIntent, action : android.intent.action.PACKAGE_REMOVED
D/Mms/FreeMessageReceiverService(13858): onHandleIntent: ACTION_PACKAGE_REMOVED
D/TP/MmsSmsProvider( 4448): delete URI_CONVERSATIONS_MESSAGES affectedRows=0 isIntegrated=false
V/TP/MmsSmsDatabaseHelper( 4448): updateThread(), thread_id = 9223372036854775807
D/libEGL  (13921): loaded /vendor/lib64/egl/libGLES_mali.so
V/TP/MmsSmsDatabaseHelper( 4448): sUpgradeVersion = 0, db.getVersion() = 83
W/StaticBindingVerifier(13787): Verify
V/TP/MmsSmsDatabaseHelper( 4448): updateThread() end, affectedRows = 0
D/TP/MmsSmsProvider( 4448): delete URI_CONVERSATIONS_MESSAGES affectedRows=0
D/TP/MmsSmsProvider( 4448): delete threadId: 9223372036854775807
D/TP/MmsSmsProvider( 4448): need read changed broadcast:false
D/Mms/Conversation(13858): [end]    init consume time = 20.9995
D/Mms/MessagingNotificationLight(13858): [start]    init() consume time = 1.298209
D/Mms/MessagingNotificationLight(13858): [end]    init consume time = 1.00275
D/TimaKeyStoreProvider(13950): TimaSignature is unavailable
D/ActivityThread(13950): Added TimaKeyStore provider
E/libEGL  (13921): validate_display:255 error 3008 (EGL_BAD_DISPLAY)
E/libEGL  (13921): validate_display:255 error 3008 (EGL_BAD_DISPLAY)
D/Mms/SpamFilter(13858): [start]    SpamFilter fill() begin consume time = 4.84875
I/InjectionManager(13950): Inside getClassLibPath + mLibMap{0=, 1=}
I/InjectionManager(13950): Inside getClassLibPath caller 
D/InjectionManager(13950): InjectionManager
D/InjectionManager(13950): fillFeatureStoreMap com.sec.android.app.soundalive
I/InjectionManager(13950): Constructor com.sec.android.app.soundalive, Feature store :{}
I/InjectionManager(13950): featureStore :{}
W/AudioManagerAndroid(13921): Requires BLUETOOTH permission
D/Compatibility(13950): onReceive() it will make start service
W/ActivityManager( 3492): userId = 0, bbcId = -10000
W/ActivityManager( 3492): NORMAL SET : dst_category = 0, src_allowCategory = 0,2-1023
W/ActivityManager( 3492): NORMAL SET : srcAppInfo.processName = com.sec.android.app.soundalive, destAppInfo.processName = com.sec.android.app.soundalive
I/art     ( 4448): Explicit concurrent mark sweep GC freed 96432(5MB) AllocSpace objects, 44(1180KB) LOS objects, 34% free, 30MB/46MB, paused 318us total 41.249ms
D/Compatibility(13950): onHandleIntent()
D/Compatibility(13950): intentservice saw: Intent { act=android.intent.action.PACKAGE_REMOVED dat=package:com.example.hello flg=0x4000010 cmp=com.sec.android.app.soundalive/.compatibility.Compatibility$Receiver (has extras) } Bundle[{android.intent.extra.REMOVED_FOR_ALL_USERS=false, android.intent.extra.UID=10213, android.intent.extra.DATA_REMOVED=false, android.intent.extra.REPLACING=true, android.intent.extra.user_handle=0}]
D/Mms/TelephonyPermission(13858): start operation mode monitor
D/Mms/TelephonyPermission(13858): User ID is null set current User Id
D/Compatibility(13950): found: 2
D/TP/MmsSmsProvider( 4448): query,matched:400, calling pid = 13858
D/Compatibility(13950): saved default: com.sec.android.app.soundalive.SAControlPanelActivity
D/Compatibility(13950): skipping ResolveInfo{139be1e2 com.sec.android.app.soundalive/.compatibility.Compatibility$Redirector p=2147483647 m=0x108000}
D/Compatibility(13950): considering ResolveInfo{2efe3973 com.sec.android.app.soundalive/.SAControlPanelActivity m=0x108000}
D/Compatibility(13950): default: com.sec.android.app.soundalive.SAControlPanelActivity
D/Compatibility(13950): enabling receiver ResolveInfo{19b1b030 com.sec.android.app.soundalive/.SAControlPanelReceiver m=0x108000}
D/Mms/SpamFilter(13858): [end]    SpamFilter fill() finished consume time = 52.649541
D/TP/MmsSmsProvider( 4448): query,matched:0, calling pid = 13858
V/TP/MmsSmsProvider( 4448): getSimpleConversations entered.
D/TP/MmsSmsProvider( 4448): match 0:Elapsed time : 0.855 ms
D/Compatibility(13950): enabling receiver ResolveInfo{976d4a9 com.sec.android.app.soundalive/.compatibility.HelperGooglePlayMusic m=0x108000}
D/Mms/TelephonyPermission(13858): DefaultSmsApp is com.android.mms
D/Mms/TelephonyPermission(13858): isDefault true
D/Compatibility(13950): enabling receiver ResolveInfo{201a3a2e com.sec.android.app.soundalive/.SAControlPanelReceiver m=0x108000}
W/art     (13921): Attempt to remove local handle scope entry from IRT, ignoring
D/Compatibility(13950): enabling receiver ResolveInfo{1678f9cf com.sec.android.app.soundalive/.compatibility.HelperGooglePlayMusic m=0x108000}
D/Mms/ArtClassLoader(13858): init [DONE] art
W/AwContents(13921): onDetachedFromWindow called when already detached. Ignoring
E/Zygote  (13998): MountEmulatedStorage()
E/Zygote  (13998): v2
D/Compatibility(13950): wrote com.sec.android.app.soundalive/com.sec.android.app.soundalive.SAControlPanelActivity as default
I/SELinux (13998): Function: selinux_compare_spd_ram, SPD-policy is existed. and_ver=SEPF_SM-G920F_5.0.2 ver=27
I/SELinux (13998): Function: selinux_compare_spd_ram , priority [2] , priority version is VE=SEPF_SM-G920F_5.1.1_0030
E/SELinux (13998): [DEBUG] get_category: variable seinfo: release sensitivity: NULL, cateogry: NULL
D/PhoneWindow(13921): *FMB* installDecor mIsFloating : false
D/PhoneWindow(13921): *FMB* installDecor flags : 8456448
D/TimaKeyStoreProvider(13998): TimaSignature is unavailable
D/ActivityThread(13998): Added TimaKeyStore provider
D/SystemWebViewEngine(13921): CordovaWebView is running on device made by: samsung
I/InjectionManager(13998): Inside getClassLibPath + mLibMap{0=, 1=}
W/art     (13921): Attempt to remove local handle scope entry from IRT, ignoring
W/art     (13921): Attempt to remove local handle scope entry from IRT, ignoring
I/InjectionManager(13998): Inside getClassLibPath caller 
D/BadgeProvider(13998): onCreate
D/BadgeProvider(13998): DatabaseHelper
D/InjectionManager(13998): InjectionManager
D/InjectionManager(13998): fillFeatureStoreMap com.sec.android.provider.badge
I/InjectionManager(13998): Constructor com.sec.android.provider.badge, Feature store :{}
I/InjectionManager(13998): featureStore :{}
D/BadgeProvider(13998): query, [selection] : package=?
D/Mms/MessagingNotificationLight(13858): checkBadgeCount unreadCount=0 badgeCount=0
D/TP/SmsProvider( 4448): query,matched:26, calling pid = 13858
D/TP/SmsProvider( 4448): match 26:Elapsed time : 0.662 ms
D/TP/MmsSmsProvider( 4448): query,matched:6, calling pid = 13858
D/TP/MmsSmsProvider( 4448): match 6:Elapsed time : 0.667 ms
D/Activity(13921): performCreate Call Injection manager
I/InjectionManager(13921): dispatchOnViewCreated > Target : com.example.hello.MainActivity isFragment :false
W/ActivityManager( 3492): userId = 0, bbcId = -10000
W/ActivityManager( 3492): NORMAL SET : dst_category = 1023, src_allowCategory = 0,701-1023
W/ActivityManager( 3492): NORMAL SET : srcAppInfo.processName = com.facebook.katana, destAppInfo.processName = com.facebook.katana
D/OpenGLRenderer(13921): Use EGL_SWAP_BEHAVIOR_PRESERVED: true
W/ActivityManager( 3492): userId = 0, bbcId = -10000
W/ActivityManager( 3492): NORMAL SET : dst_category = 1023, src_allowCategory = 0,701-1023
W/ActivityManager( 3492): NORMAL SET : srcAppInfo.processName = com.facebook.katana, destAppInfo.processName = com.facebook.katana
D/ActivityManager( 3492): post active user change for 0 fullscreen true record.isFloatingActivity() false
D/KnoxTimeoutHandler( 3492): postActiveUserChange for user 0
I/KnoxTimeoutHandler( 3492): postActiveUserChange, showWhenLocked: false
D/KnoxTimeoutHandler( 3492): handleActiveUserChange for user 0
W/chromium(13921): [WARNING:data_reduction_proxy_config.cc(423)] SPDY proxy OFF at startup
D/PhoneWindow(13921): *FMB* isFloatingMenuEnabled mFloatingMenuBtn : null
D/PhoneWindow(13921): *FMB* isFloatingMenuEnabled return false
I/SurfaceFlinger( 2949): id=45 createSurf (1440x2560),1 flag=404, NainActivit
D/InputDispatcher( 3492): Focus entered window: 13921
D/PointerIcon( 3492): setMouseIconStyle1 pointerType: 1001 iconType:101 flag:0 pid:3492 uid:1000
D/PointerIcon( 3492): setMouseCustomIcon IconType is same.101
D/SRIB_DCS(13921): log_dcs ThreadedRenderer::initialize entered! 
I/OpenGLRenderer(13921): Initialized EGL, version 1.4
I/OpenGLRenderer(13921): HWUI protection enabled for context ,  &this =0x7f9d14ea60 ,&mEglDisplay = 1 , &mEglConfig = -1755569488 
D/OpenGLRenderer(13921): Get maximum texture size. GL_MAX_TEXTURE_SIZE is 8192
D/OpenGLRenderer(13921): Enabling debug mode 0
D/mali_winsys(13921): new_window_surface returns 0x3000,  [1440x2560]-format:1
D/InjectionManager(13787): InjectionManager
D/InjectionManager(13787): fillFeatureStoreMap com.facebook.katana
I/InjectionManager(13787): Constructor com.facebook.katana, Feature store :{}
I/InjectionManager(13787): featureStore :{}
D/InputMethodManagerService( 3492): windowGainedFocus mCurrentFocusedUserId - 0 and mSecureKeypadEnabled-false
W/OpenGLRenderer(13921): Program(9d18b800) : invalid binary - source difference(vs(201:201)/fs(94:36705)-b0000000000000000)
V/ImageWallpaper( 4271): ----checkSurfaceSize : onVisibilityChanged mLastSurfaceWidth: 2880 mLastSurfaceHeight: 2560
I/SurfaceFlinger( 2949): id=43 Removed HEL (3/9)
I/SurfaceFlinger( 2949): id=43 Removed HEL (-2/9)
E/NetworkScheduler.SchedulerReceiver( 4394): Invalid parameter app
E/NetworkScheduler.SchedulerReceiver( 4394): Invalid package name : Perhaps you didn't include a PendingIntent in the extras?
D/PanelView( 3973): There is/are notification(s) 
W/ActivityManager( 3492): userId = 0, bbcId = -10000
W/ActivityManager( 3492): NORMAL SET : dst_category = 701, src_allowCategory = 0,701-1023
W/ActivityManager( 3492): NORMAL SET : srcAppInfo.processName = com.google.process.gapps, destAppInfo.processName = com.google.android.gms
D/PackageBroadcastService( 4208): Received broadcast action=android.intent.action.PACKAGE_REMOVED and uri=com.example.hello
W/ActivityManager( 3492): userId = 0, bbcId = -10000
W/ActivityManager( 3492): NORMAL SET : dst_category = 701, src_allowCategory = 0,701-1023
W/ActivityManager( 3492): NORMAL SET : srcAppInfo.processName = com.google.android.gms, destAppInfo.processName = com.google.android.gms
D/ChimeraCfgMgr( 4208): Loading module com.google.android.gms.games from APK com.google.android.play.games
W/ActivityManager( 3492): userId = 0, bbcId = -10000
W/ActivityManager( 3492): NORMAL SET : dst_category = 701, src_allowCategory = 0,701-1023
W/ActivityManager( 3492): NORMAL SET : srcAppInfo.processName = com.google.android.gms, destAppInfo.processName = com.google.android.gms
D/ChimeraModuleLdr( 4208): Loading module APK com.google.android.play.games
I/Timeline(13921): Timeline: Activity_idle id: android.os.BinderProxy@22d1978c time:540253
I/ActivityManager( 3492): Displayed Component not be shown by security: +525ms (total +27s487ms)
I/Timeline( 3492): Timeline: Activity_windows_visible id: ActivityRecord{9e4a1c9 u0 com.example.hello/.MainActivity t2085} time:540254
D/AndroidRuntime(13804): Shutting down VM
W/ActivityManager( 3492): userId = 0, bbcId = -10000
W/ActivityManager( 3492): NORMAL SET : dst_category = 701, src_allowCategory = 0,701-1023
W/ActivityManager( 3492): NORMAL SET : srcAppInfo.processName = com.google.android.gms, destAppInfo.processName = com.google.android.gms
W/BindingManager(13921): Cannot call determinedVisibility() - never saw a connection for the pid: 13921
I/ConfigFetchService( 4208): onStartCommand Intent { act=android.intent.action.PACKAGE_REMOVED dat=package:com.example.hello cmp=com.google.android.gms/.config.ConfigFetchService (has extras) }
W/ActivityManager( 3492): userId = 0, bbcId = -10000
W/ActivityManager( 3492): NORMAL SET : dst_category = 701, src_allowCategory = 0,701-1023
W/ActivityManager( 3492): NORMAL SET : srcAppInfo.processName = com.google.android.gms, destAppInfo.processName = com.google.android.gms
E/Zygote  (14042): MountEmulatedStorage()
E/Zygote  (14042): v2
I/SELinux (14042): Function: selinux_compare_spd_ram, SPD-policy is existed. and_ver=SEPF_SM-G920F_5.0.2 ver=27
I/SELinux (14042): Function: selinux_compare_spd_ram , priority [2] , priority version is VE=SEPF_SM-G920F_5.1.1_0030
E/SELinux (14042): [DEBUG] get_category: variable seinfo: samsung sensitivity: NULL, cateogry: NULL
W/ActivityManager( 3492): userId = 0, bbcId = -10000
W/ActivityManager( 3492): NORMAL SET : dst_category = 701, src_allowCategory = 0,701-1023
W/ActivityManager( 3492): NORMAL SET : srcAppInfo.processName = com.google.android.gms, destAppInfo.processName = com.google.android.gms
D/TimaKeyStoreProvider(14042): TimaSignature is unavailable
D/ActivityThread(14042): Added TimaKeyStore provider
I/InjectionManager(14042): Inside getClassLibPath + mLibMap{0=, 1=}
I/InjectionManager(14042): Inside getClassLibPath caller 
D/InjectionManager(14042): InjectionManager
D/InjectionManager(14042): fillFeatureStoreMap com.sec.spp.push
E/SPPClientService(14042): ============PushLog. commonIsShipBuild. stop!
I/InjectionManager(14042): Constructor com.sec.spp.push, Feature store :{}
E/SPPClientService(14042): [PushClientApplication] Push log off : This is Ship build version
I/InjectionManager(14042): featureStore :{}
W/System.err(14042): remove failed: ENOENT (No such file or directory) : /data/data/com.sec.spp.push/files/pushLog0.txt
D/SPPClientService(14042): PushLog.txt file is not deleted.
W/System.err(14042): remove failed: ENOENT (No such file or directory) : /data/data/com.sec.spp.push/files/pushLog1.txt
D/SPPClientService(14042): PushLog.txt file is not deleted.
D/SPPClientService(14042): ============PushLog. stop!
D/VRSetupWizardStub/PackageIntentReceiver(13500): onReceive()
D/VRSetupWizardStub/PackageIntentReceiver(13500): ACTION_PACKAGE_ADDED
I/HomeSyncInstallReceiver( 4433): This pkg do not need BT addr. Do nothing
I/SurfaceFlinger( 2949): id=44 Removed iello (5/8)
I/SurfaceFlinger( 2949): id=44 Removed iello (-2/8)
D/Mms/FreeMessageStatusReceiver(13858): onReceive, action : android.intent.action.PACKAGE_ADDED
E/Zygote  (14067): MountEmulatedStorage()
E/Zygote  (14067): v2
I/SELinux (14067): Function: selinux_compare_spd_ram, SPD-policy is existed. and_ver=SEPF_SM-G920F_5.0.2 ver=27
I/SELinux (14067): Function: selinux_compare_spd_ram , priority [2] , priority version is VE=SEPF_SM-G920F_5.1.1_0030
E/SELinux (14067): [DEBUG] get_category: variable seinfo: samsung sensitivity: NULL, cateogry: NULL
W/ActivityManager( 3492): userId = 0, bbcId = -10000
W/ActivityManager( 3492): NORMAL SET : dst_category = 0, src_allowCategory = 0,2-1023
W/ActivityManager( 3492): NORMAL SET : srcAppInfo.processName = com.android.mms, destAppInfo.processName = com.android.mms
D/Mms/FreeMessageReceiverService(13858): onHandleIntent, action : android.intent.action.PACKAGE_ADDED
D/Mms/FreeMessageReceiverService(13858): onHandleIntent: ACTION_PACKAGE_ADDED
D/TimaKeyStoreProvider(14067): TimaSignature is unavailable
D/Compatibility(13950): onReceive() it will make start service
D/ActivityThread(14067): Added TimaKeyStore provider
W/ActivityManager( 3492): userId = 0, bbcId = -10000
W/ActivityManager( 3492): NORMAL SET : dst_category = 0, src_allowCategory = 0,2-1023
W/ActivityManager( 3492): NORMAL SET : srcAppInfo.processName = com.sec.android.app.soundalive, destAppInfo.processName = com.sec.android.app.soundalive
D/Compatibility(13950): onHandleIntent()
D/Compatibility(13950): intentservice saw: Intent { act=android.intent.action.PACKAGE_ADDED dat=package:com.example.hello flg=0x4000010 cmp=com.sec.android.app.soundalive/.compatibility.Compatibility$Receiver (has extras) } Bundle[{android.intent.extra.UID=10213, android.intent.extra.REPLACING=true, android.intent.extra.user_handle=0}]
D/Compatibility(13950): found: 2
D/Compatibility(13950): saved default: com.sec.android.app.soundalive.SAControlPanelActivity
D/Compatibility(13950): skipping ResolveInfo{1c13cb3a com.sec.android.app.soundalive/.compatibility.Compatibility$Redirector p=2147483647 m=0x108000}
D/Compatibility(13950): considering ResolveInfo{253563eb com.sec.android.app.soundalive/.SAControlPanelActivity m=0x108000}
D/Compatibility(13950): default: com.sec.android.app.soundalive.SAControlPanelActivity
D/Compatibility(13950): enabling receiver ResolveInfo{eef5548 com.sec.android.app.soundalive/.SAControlPanelReceiver m=0x108000}
W/ActivityManager( 3492): userId = 0, bbcId = -10000
W/ActivityManager( 3492): NORMAL SET : dst_category = 0, src_allowCategory = 0,2-1023
W/ActivityManager( 3492): NORMAL SET : srcAppInfo.processName = com.sec.android.app.shealth, destAppInfo.processName = com.sec.android.app.shealth
I/InjectionManager(14067): Inside getClassLibPath + mLibMap{0=, 1=}
D/Compatibility(13950): enabling receiver ResolveInfo{5936fe1 com.sec.android.app.soundalive/.compatibility.HelperGooglePlayMusic m=0x108000}
I/InjectionManager(14067): Inside getClassLibPath caller 
D/Compatibility(13950): enabling receiver ResolveInfo{34e36106 com.sec.android.app.soundalive/.SAControlPanelReceiver m=0x108000}
D/Compatibility(13950): enabling receiver ResolveInfo{1d0453c7 com.sec.android.app.soundalive/.compatibility.HelperGooglePlayMusic m=0x108000}
D/Compatibility(13950): wrote com.sec.android.app.soundalive/com.sec.android.app.soundalive.SAControlPanelActivity as default
W/ActivityManager( 3492): userId = 0, bbcId = -10000
W/ActivityManager( 3492): NORMAL SET : dst_category = 0, src_allowCategory = 0,2-1023
W/ActivityManager( 3492): NORMAL SET : srcAppInfo.processName = com.samsung.android.app.assistantmenu, destAppInfo.processName = com.samsung.android.app.assistantmenu
W/ActivityManager( 3492): userId = 0, bbcId = -10000
W/ActivityManager( 3492): NORMAL SET : dst_category = 701, src_allowCategory = 0,701-1023
W/ActivityManager( 3492): NORMAL SET : srcAppInfo.processName = com.google.process.gapps, destAppInfo.processName = com.google.android.gms
D/PackageBroadcastService( 4208): Received broadcast action=android.intent.action.PACKAGE_ADDED and uri=com.example.hello
E/Zygote  (14089): MountEmulatedStorage()
E/Zygote  (14089): v2
I/SELinux (14089): Function: selinux_compare_spd_ram, SPD-policy is existed. and_ver=SEPF_SM-G920F_5.0.2 ver=27
I/SELinux (14089): Function: selinux_compare_spd_ram , priority [2] , priority version is VE=SEPF_SM-G920F_5.1.1_0030
E/SELinux (14089): [DEBUG] get_category: variable seinfo: platform sensitivity: NULL, cateogry: NULL
W/ActivityManager( 3492): userId = 0, bbcId = -10000
W/ActivityManager( 3492): NORMAL SET : dst_category = 701, src_allowCategory = 0,701-1023
W/ActivityManager( 3492): NORMAL SET : srcAppInfo.processName = com.google.android.gms, destAppInfo.processName = com.google.android.gms
E/Zygote  (14103): MountEmulatedStorage()
E/Zygote  (14103): v2
I/SELinux (14103): Function: selinux_compare_spd_ram, SPD-policy is existed. and_ver=SEPF_SM-G920F_5.0.2 ver=27
I/SELinux (14103): Function: selinux_compare_spd_ram , priority [2] , priority version is VE=SEPF_SM-G920F_5.1.1_0030
E/SELinux (14103): [DEBUG] get_category: variable seinfo: untrusted sensitivity: NULL, cateogry: NULL
D/TimaKeyStoreProvider(14089): TimaSignature is unavailable
D/ActivityThread(14089): Added TimaKeyStore provider
W/ActivityManager( 3492): userId = 0, bbcId = -10000
W/ActivityManager( 3492): NORMAL SET : dst_category = 701, src_allowCategory = 0,701-1023
W/ActivityManager( 3492): NORMAL SET : srcAppInfo.processName = com.google.android.gms, destAppInfo.processName = com.google.android.gms
W/ActivityManager( 3492): userId = 0, bbcId = -10000
W/ActivityManager( 3492): NORMAL SET : dst_category = 701, src_allowCategory = 0,701-1023
W/ActivityManager( 3492): NORMAL SET : srcAppInfo.processName = com.google.android.gms, destAppInfo.processName = com.google.android.gms
D/TimaKeyStoreProvider(14103): TimaSignature is unavailable
D/ActivityThread(14103): Added TimaKeyStore provider
W/ActivityManager( 3492): userId = 0, bbcId = -10000
W/ActivityManager( 3492): NORMAL SET : dst_category = 701, src_allowCategory = 0,701-1023
W/ActivityManager( 3492): NORMAL SET : srcAppInfo.processName = com.google.android.gms, destAppInfo.processName = com.google.android.gms
I/ConfigFetchService( 4208): onStartCommand Intent { act=android.intent.action.PACKAGE_ADDED dat=package:com.example.hello cmp=com.google.android.gms/.config.ConfigFetchService (has extras) }
I/InjectionManager(14089): Inside getClassLibPath + mLibMap{0=, 1=}
W/ActivityManager( 3492): userId = 0, bbcId = -10000
W/ActivityManager( 3492): NORMAL SET : dst_category = 701, src_allowCategory = 0,701-1023
W/ActivityManager( 3492): NORMAL SET : srcAppInfo.processName = com.google.android.gms, destAppInfo.processName = com.google.android.gms
I/ConfigFetchService( 4208): launchTask
D/InjectionManager(14067): InjectionManager
D/InjectionManager(14067): fillFeatureStoreMap com.sec.android.app.samsungapps
I/InjectionManager(14067): Constructor com.sec.android.app.samsungapps, Feature store :{}
I/InjectionManager(14067): featureStore :{}
I/InjectionManager(14089): Inside getClassLibPath caller 
I/ConfigFetchService( 4208): service connected
D/ChimeraCfgMgr( 4208): Loading module com.google.android.gms.games from APK com.google.android.play.games
D/ChimeraModuleLdr( 4208): Module APK com.google.android.play.games already loaded
I/InjectionManager(14103): Inside getClassLibPath + mLibMap{0=, 1=}
I/InjectionManager(14103): Inside getClassLibPath caller 
V/ConfigFetchTask( 4208): ConfigFetchTask getDeviceDataVersionInfo(): ABFEt1UpnxEej9DRAQ0LKtf4SgzP-ePTiFpBfNmhtXQYa011njOHorZeq6u-daHrkKC148FFKvYmj5JjG7pAaI5gM7FwpbMt8LdAbzZiofBYq4j4ZO595bNqBOIjq2jMQuvVZ17qBgindj7ax3fY96dzK-3MbPtbZr74UGDGL8hbMndjIqe1fCM8iUTeihLaUru8gmNt7ULc1oxJcmo4teNfgmDqVogZ9E-rIMwsnhr4KG-4oSRiB84
E/Zygote  (14126): MountEmulatedStorage()
E/Zygote  (14126): v2
I/SELinux (14126): Function: selinux_compare_spd_ram, SPD-policy is existed. and_ver=SEPF_SM-G920F_5.0.2 ver=27
I/SELinux (14126): Function: selinux_compare_spd_ram , priority [2] , priority version is VE=SEPF_SM-G920F_5.1.1_0030
I/GoogleURLConnFactory( 4208): Using platform SSLCertificateSocketFactory
E/SELinux (14126): [DEBUG] get_category: variable seinfo: untrusted sensitivity: NULL, cateogry: NULL
D/InjectionManager(14089): InjectionManager
D/InjectionManager(14089): fillFeatureStoreMap com.samsung.android.bbc.bbcagent
W/ActivityManager( 3492): userId = 0, bbcId = -10000
W/ActivityManager( 3492): NORMAL SET : dst_category = 701, src_allowCategory = 0,701-1023
W/ActivityManager( 3492): NORMAL SET : srcAppInfo.processName = com.google.android.gms, destAppInfo.processName = com.google.android.gms
I/InjectionManager(14089): Constructor com.samsung.android.bbc.bbcagent, Feature store :{}
I/InjectionManager(14089): featureStore :{}
I/MultiDex(14103): VM with version 2.1.0 has multidex support
I/MultiDex(14103): install
I/MultiDex(14103): VM has multidex support, MultiDex support library is disabled.
V/ApplicationReceiver( 5650): 2015-08-29 14:49:12-null-Application install message is received ver:1.1.8
D/TimaKeyStoreProvider(14126): TimaSignature is unavailable
D/ActivityThread(14126): Added TimaKeyStore provider
W/ActivityManager( 3492): userId = 0, bbcId = -10000
W/ActivityManager( 3492): NORMAL SET : dst_category = 0, src_allowCategory = 0,2-1023
V/ApplicationReceiver( 5650): 2015-08-29 14:49:12-null-Installing:package:com.example.hello ver:1.1.8
W/ActivityManager( 3492): NORMAL SET : srcAppInfo.processName = com.samsung.android.bbc.bbcagent, destAppInfo.processName = com.samsung.android.bbc.bbcagent
W/ActivityManager( 3492): userId = 0, bbcId = -10000
W/ActivityManager( 3492): NORMAL SET : dst_category = 701, src_allowCategory = 0,701-1023
W/ActivityManager( 3492): NORMAL SET : srcAppInfo.processName = com.google.android.gms, destAppInfo.processName = com.google.android.gms
W/ActivityManager( 3492): userId = 0, bbcId = -10000
W/ActivityManager( 3492): NORMAL SET : dst_category = 701, src_allowCategory = 0,701-1023
W/ActivityManager( 3492): NORMAL SET : srcAppInfo.processName = com.google.android.apps.plus, destAppInfo.processName = com.google.android.apps.plus
I/InjectionManager(14126): Inside getClassLibPath + mLibMap{0=, 1=}
D/AASAservice(13680): AASAUpdateReceiver: android.intent.action.PACKAGE_ADDED, package = com.example.hello, uid = 10213
I/InjectionManager(14126): Inside getClassLibPath caller 
W/ActivityManager( 3492): userId = 0, bbcId = -10000
W/ActivityManager( 3492): NORMAL SET : dst_category = 701, src_allowCategory = 0,701-1023
W/ActivityManager( 3492): NORMAL SET : srcAppInfo.processName = com.google.android.gms, destAppInfo.processName = com.google.android.gms
I/AASAservice(13680): parseToken()
W/System.err(13680): java.io.FileNotFoundException: /data/AASARuleUpdate.xml: open failed: ENOENT (No such file or directory)
W/System.err(13680): 	at libcore.io.IoBridge.open(IoBridge.java:456)
W/System.err(13680): 	at java.io.FileInputStream.<init>(FileInputStream.java:76)
W/System.err(13680): 	at java.io.FileInputStream.<init>(FileInputStream.java:103)
W/System.err(13680): 	at com.samsung.aasaservice.AASAService.parseToken(AASAService.java:409)
W/System.err(13680): 	at com.samsung.aasaservice.AASAUpdateReceiver.onReceive(AASAUpdateReceiver.java:33)
W/System.err(13680): 	at android.app.ActivityThread.handleReceiver(ActivityThread.java:3479)
W/System.err(13680): 	at android.app.ActivityThread.access$1900(ActivityThread.java:198)
W/System.err(13680): 	at android.app.ActivityThread$H.handleMessage(ActivityThread.java:1753)
W/System.err(13680): 	at android.os.Handler.dispatchMessage(Handler.java:102)
W/System.err(13680): 	at android.os.Looper.loop(Looper.java:145)
W/System.err(13680): 	at android.app.ActivityThread.main(ActivityThread.java:6837)
W/System.err(13680): 	at java.lang.reflect.Method.invoke(Native Method)
W/System.err(13680): 	at java.lang.reflect.Method.invoke(Method.java:372)
W/System.err(13680): 	at com.android.internal.os.ZygoteInit$MethodAndArgsCaller.run(ZygoteInit.java:1404)
W/System.err(13680): 	at com.android.internal.os.ZygoteInit.main(ZygoteInit.java:1199)
W/System.err(13680): Caused by: android.system.ErrnoException: open failed: ENOENT (No such file or directory)
W/System.err(13680): 	at libcore.io.Posix.open(Native Method)
W/System.err(13680): 	at libcore.io.BlockGuardOs.open(BlockGuardOs.java:186)
W/System.err(13680): 	at libcore.io.IoBridge.open(IoBridge.java:442)
W/System.err(13680): 	... 14 more
I/AASAservice(13680): 2
D/AASAservice(13680): AASARuleUpdateResult() : Rule file is not exist.
D/ConfigFetchService( 4208): ConfigApi connection successful.
I/art     (13787): Explicit concurrent mark sweep GC freed 51004(3MB) AllocSpace objects, 13(208KB) LOS objects, 17% free, 38MB/46MB, paused 3.669ms total 80.919ms
D/ChimeraCfgMgr( 4208): Loading module com.google.android.gms.games from APK com.google.android.play.games
D/ChimeraModuleLdr( 4208): Module APK com.google.android.play.games already loaded
W/ActivityManager( 3492): userId = 0, bbcId = -10000
W/ActivityManager( 3492): NORMAL SET : dst_category = 701, src_allowCategory = 0,701-1023
W/ActivityManager( 3492): NORMAL SET : srcAppInfo.processName = com.google.android.apps.plus, destAppInfo.processName = com.google.android.apps.plus
V/JNIHelp (14103): Registering com/google/android/gms/org/conscrypt/NativeCrypto's 227 native methods...
D/ChimeraCfgMgr( 4208): Loading module com.google.android.gms.vision from APK com.google.android.gms
D/FilterInstaller(13712): onReceive:android.intent.action.PACKAGE_ADDED, package:com.example.hello
W/ActivityManager( 3492): userId = 0, bbcId = -10000
W/ActivityManager( 3492): NORMAL SET : dst_category = 701, src_allowCategory = 0,701-1023
W/ActivityManager( 3492): NORMAL SET : srcAppInfo.processName = com.google.android.gms, destAppInfo.processName = com.google.android.gms
W/ActivityManager( 3492): userId = 0, bbcId = -10000
W/ActivityManager( 3492): NORMAL SET : dst_category = 0, src_allowCategory = 0,2-1023
W/ActivityManager( 3492): NORMAL SET : srcAppInfo.processName = com.samsung.android.app.filterinstaller, destAppInfo.processName = com.samsung.android.app.filterinstaller
I/FilterInstaller(13712): FilterPackageService : ACTION_CHANGED
D/Vision  ( 4208): Received broadcast Intent { act=android.intent.action.PACKAGE_ADDED dat=package:com.example.hello flg=0x4000010 cmp=com.google.android.gms/.vision.DependencyBroadcastReceiverProxy (has extras) }
D/InjectionManager(14126): InjectionManager
D/InjectionManager(14126): fillFeatureStoreMap com.google.android.partnersetup
D/Vision  ( 4208): Failed to find package metadata for com.example.hello
D/Vision  ( 4208): No vision deps
I/InjectionManager(14126): Constructor com.google.android.partnersetup, Feature store :{}
I/InjectionManager(14126): featureStore :{}
I/ProviderInstaller(14103): Installed default security provider GmsCore_OpenSSL
I/System.out( 4208): (HTTPLog)-Static: isSBSettingEnabled false
I/System.out( 4208): (HTTPLog)-Static: isShipBuild true
I/System.out( 4208): (HTTPLog)-Thread-209-837004530: SmartBonding Enabling is false, SHIP_BUILD is true, log to file is false, DBG is false
I/System.out( 4208): (HTTPLog)-Thread-209-837004530: SMARTBONDING_FEATURE_ENABLED is true
I/System.out( 4208): (HTTPLog)-Static: isSBSettingEnabled false
D/EnterpriseController( 2962): mIsMarkChainAdded is 0 mIsBlockChainAdded is 0 netId is 0
D/Netd    ( 2962): getNetworkForDns: using netid 502 for uid 10011
W/ActivityManager( 3492): userId = 0, bbcId = -10000
W/ActivityManager( 3492): NORMAL SET : dst_category = 701, src_allowCategory = 0,701-1023
W/ActivityManager( 3492): NORMAL SET : srcAppInfo.processName = com.google.android.partnersetup, destAppInfo.processName = com.google.android.partnersetup
E/FilterInstaller(13712): installFilters
E/FilterInstaller(13712): There is no requred permission
I/System.out( 4208): KnoxVpnUidStorageknoxVpnSupported API value returned is false
I/qtaguid ( 4208): Tagging socket 53 with tag 40b00000000{1035,0} uid -1, pid: 4208, getuid(): 10011
D/InjectionManager(14103): InjectionManager
D/InjectionManager(14103): fillFeatureStoreMap com.google.android.gms
I/InjectionManager(14103): Constructor com.google.android.gms, Feature store :{}
I/InjectionManager(14103): featureStore :{}
D/PackageIntentReceiver(13809): ACTION_PACKAGE_ADDED
D/PackageIntentReceiver(13809): Not GearManger package! 
W/ActivityManager( 3492): userId = 0, bbcId = -10000
W/ActivityManager( 3492): NORMAL SET : dst_category = 701, src_allowCategory = 0,701-1023
W/ActivityManager( 3492): NORMAL SET : srcAppInfo.processName = com.google.android.partnersetup, destAppInfo.processName = com.google.android.partnersetup
I/InjectionManager( 3492): Inside getClassLibPath caller 
E/Zygote  (14168): MountEmulatedStorage()
E/Zygote  (14168): v2
I/SELinux (14168): Function: selinux_compare_spd_ram, SPD-policy is existed. and_ver=SEPF_SM-G920F_5.0.2 ver=27
I/SELinux (14168): Function: selinux_compare_spd_ram , priority [2] , priority version is VE=SEPF_SM-G920F_5.1.1_0030
E/SELinux (14168): [DEBUG] get_category: variable seinfo: default sensitivity: NULL, cateogry: NULL
D/com.sec.android.service.health.upgrade.UninstallReceiver( 7799): onReceive()
I/com.sec.android.service.health.upgrade.UninstallReceiver( 7799): onReceive called  PACKAGE_ADDED package:com.example.hello
D/com.sec.android.service.health.upgrade.UninstallReceiver( 7799): onReceive() : package name is not s health. Return !!!
D/TimaKeyStoreProvider(14168): TimaSignature is unavailable
D/ActivityThread(14168): Added TimaKeyStore provider
W/BaseAppContext( 4208): Using Auth Proxy for data requests.
W/ActivityManager( 3492): userId = 0, bbcId = -10000
W/BaseAppContext( 4208): Using Auth Proxy for data requests.
W/ActivityManager( 3492): NORMAL SET : dst_category = 701, src_allowCategory = 0,701-1023
W/ActivityManager( 3492): NORMAL SET : srcAppInfo.processName = com.google.android.googlequicksearchbox, destAppInfo.processName = com.google.android.googlequicksearchbox
I/InjectionManager(14168): Inside getClassLibPath + mLibMap{0=, 1=}
W/ActivityManager( 3492): userId = 0, bbcId = -10000
W/ActivityManager( 3492): NORMAL SET : dst_category = 701, src_allowCategory = 0,701-1023
W/ActivityManager( 3492): NORMAL SET : srcAppInfo.processName = com.google.android.googlequicksearchbox, destAppInfo.processName = com.google.android.googlequicksearchbox
I/InjectionManager(14168): Inside getClassLibPath caller 
I/qtaguid ( 4208): Tagging socket 135 with tag 40b00000000{1035,0} uid -1, pid: 4208, getuid(): 10011
D/InjectionManager(14168): InjectionManager
D/InjectionManager(14168): fillFeatureStoreMap com.facebook.system
I/InjectionManager(14168): Constructor com.facebook.system, Feature store :{}
I/InjectionManager(14168): featureStore :{}
W/ActivityManager( 3492): userId = 0, bbcId = -10000
W/ActivityManager( 3492): NORMAL SET : dst_category = 1023, src_allowCategory = 0,701-1023
W/ActivityManager( 3492): NORMAL SET : srcAppInfo.processName = com.facebook.katana, destAppInfo.processName = com.facebook.katana
W/BaseAppContext( 4208): Using Auth Proxy for data requests.
W/BaseAppContext( 4208): Using Auth Proxy for data requests.
I/System.out( 6002): Thread-129(ApacheHTTPLog):isSBSettingEnabled false
W/BaseAppContext( 4208): Using Auth Proxy for data requests.
I/System.out( 6002): Thread-129(ApacheHTTPLog):isShipBuild true
I/System.out( 6002): Thread-129(ApacheHTTPLog):SMARTBONDING_ENABLED is false
I/System.out( 6002): Thread-129(ApacheHTTPLog):SmartBonding Enabling is false, SHIP_BUILD is true, log to file is false, DBG is false
D/EnterpriseController( 2962): mIsMarkChainAdded is 0 mIsBlockChainAdded is 0 netId is 0
D/Netd    ( 2962): getNetworkForDns: using netid 502 for uid 10112
W/BaseAppContext( 4208): Using Auth Proxy for data requests.
W/ActivityManager( 3492): userId = 0, bbcId = -10000
W/ActivityManager( 3492): NORMAL SET : dst_category = 701, src_allowCategory = 0,701-1023
W/ActivityManager( 3492): NORMAL SET : srcAppInfo.processName = com.google.android.googlequicksearchbox, destAppInfo.processName = com.google.android.gms
W/ActivityManager( 3492): userId = 0, bbcId = -10000
W/ActivityManager( 3492): NORMAL SET : dst_category = 1023, src_allowCategory = 0,701-1023
W/ActivityManager( 3492): NORMAL SET : srcAppInfo.processName = com.facebook.katana, destAppInfo.processName = com.facebook.katana
E/JavaBinder( 3492): !!! FAILED BINDER TRANSACTION !!!
D/AcmsPackageEventListener( 3492): action2:android.intent.action.PACKAGE_ADDED
D/AcmsPackageEventListener( 3492): pkgName:com.example.hello ,10213
E/Zygote  (14190): MountEmulatedStorage()
E/Zygote  (14190): v2
I/SELinux (14190): Function: selinux_compare_spd_ram, SPD-policy is existed. and_ver=SEPF_SM-G920F_5.0.2 ver=27
I/SELinux (14190): Function: selinux_compare_spd_ram , priority [2] , priority version is VE=SEPF_SM-G920F_5.1.1_0030
E/SELinux (14190): [DEBUG] get_category: variable seinfo: platform sensitivity: NULL, cateogry: NULL
I/art     ( 4394): Explicit concurrent mark sweep GC freed 45483(2MB) AllocSpace objects, 8(160KB) LOS objects, 32% free, 32MB/48MB, paused 422us total 33.689ms
I/art     ( 2990): Explicit concurrent mark sweep GC freed 8741(372KB) AllocSpace objects, 0(0B) LOS objects, 36% free, 28MB/44MB, paused 155us total 11.136ms
D/TimaKeyStoreProvider(14190): TimaSignature is unavailable
D/ActivityThread(14190): Added TimaKeyStore provider
I/art     ( 2990): Explicit concurrent mark sweep GC freed 5(160B) AllocSpace objects, 0(0B) LOS objects, 36% free, 28MB/44MB, paused 124us total 8.803ms
W/ActivityManager( 3492): userId = 0, bbcId = -10000
W/ActivityManager( 3492): NORMAL SET : dst_category = 701, src_allowCategory = 0,701-1023
W/ActivityManager( 3492): NORMAL SET : srcAppInfo.processName = com.google.process.gapps, destAppInfo.processName = com.google.android.gms
I/art     ( 2990): Explicit concurrent mark sweep GC freed 5(160B) AllocSpace objects, 0(0B) LOS objects, 36% free, 28MB/44MB, paused 135us total 8.499ms
I/InjectionManager(14190): Inside getClassLibPath + mLibMap{0=, 1=}
I/AppIncrementalLogger( 4601): logEvent(): Logged 110 bytes in 99 ms
I/InjectionManager(14190): Inside getClassLibPath caller 
I/UpdateIcingCorporaServi( 4601): Updating corpora: APPS=com.example.hello, CONTACTS=MAYBE
D/InjectionManager(14190): InjectionManager
D/InjectionManager(14190): fillFeatureStoreMap com.samsung.android.app.galaxyfinder
I/InjectionManager(14190): Constructor com.samsung.android.app.galaxyfinder, Feature store :{}
I/InjectionManager(14190): featureStore :{}
I/FeatureConfig(14190): init() refresh[false], Select[false], DisplayOrder[false], HelpMenu[false], SurveyMode[true]
I/GalaxyFinderApplication(14190): [onReceive] android.intent.action.PACKAGE_ADDED
E/Zygote  (14211): MountEmulatedStorage()
E/Zygote  (14211): v2
I/SELinux (14211): Function: selinux_compare_spd_ram, SPD-policy is existed. and_ver=SEPF_SM-G920F_5.0.2 ver=27
I/SELinux (14211): Function: selinux_compare_spd_ram , priority [2] , priority version is VE=SEPF_SM-G920F_5.1.1_0030
E/SELinux (14211): [DEBUG] get_category: variable seinfo: platform sensitivity: NULL, cateogry: NULL
D/TimaKeyStoreProvider(14211): TimaSignature is unavailable
D/ActivityThread(14211): Added TimaKeyStore provider
W/ActivityManager( 3492): userId = 0, bbcId = -10000
W/ActivityManager( 3492): NORMAL SET : dst_category = 701, src_allowCategory = 0,701-1023
W/ActivityManager( 3492): NORMAL SET : srcAppInfo.processName = com.google.android.googlequicksearchbox, destAppInfo.processName = com.google.android.gms
I/InjectionManager(14211): Inside getClassLibPath + mLibMap{0=, 1=}
I/InjectionManager(14211): Inside getClassLibPath caller 
I/DBG_POLICYDM(14211): [com.policydm.XDMApplication(552/xdmWakeLockAcquire)] 
W/System.err(14211): stat failed: ENOENT (No such file or directory) : /data/data/com.policydm/app_log/policydm_booting0.log
W/ActivityManager( 3492): userId = 0, bbcId = -10000
W/ActivityManager( 3492): NORMAL SET : dst_category = 0, src_allowCategory = 0,2-1023
