D/PanelView( 3973): mClearAll.setVisibility - mIsFullyOpened : false isShade : true mHasNotification : true mIsUpwardFling : false mQsFullyExpanded : true isShadeLocked : false mClearAllVisible : false
D/PanelView( 3973): mClearAll.setVisibility - mIsFullyOpened : false isShade : true mHasNotification : true mIsUpwardFling : false mQsFullyExpanded : true isShadeLocked : false mClearAllVisible : false
D/InputReader( 3492): Input event(4): value=0 when=551341043000
D/InputReader( 3492): Input event(4): value=0 when=551341043000
I/InputReader( 3492): Touch event's action is 0x1 (deviceType=0) [pCnt=1, s=] when=551341043000
I/InputDispatcher( 3492): Delivering touch to (3973): action: 0x1, toolType: 1
D/PanelView( 3973): mClearAll.setVisibility - mIsFullyOpened : false isShade : true mHasNotification : true mIsUpwardFling : true mQsFullyExpanded : true isShadeLocked : false mClearAllVisible : false
D/PhoneStatusBar( 3973): updateQSpanelHeight: 384 height:608
D/PanelView( 3973): flingSettings mQsMin:788 mQsMax:788 mQsEx:788.0mQsPeek:608
D/PanelView( 3973): mClearAll.setVisibility - mIsFullyOpened : false isShade : true mHasNotification : true mIsUpwardFling : false mQsFullyExpanded : true isShadeLocked : false mClearAllVisible : false
D/PhoneStatusBar( 3973): makeExpandedInvisible: mExpandedVisible=true mExpandedVisible=true
D/StatusBar-QSPanel( 3973): setSingleLine:true
D/StatusBar-QSPanel( 3973): adjustCellWidth mButtonWidth : 272, displayWidth : 1440
D/StatusBar-QSPanel( 3973): updateButtonInfo mButtonWidth : 272 mColumns:5 orien: 1 mButtonCorrectionWidth:32
D/StatusBar-QSPanel( 3973): setSingleLine height:384
D/PhoneStatusBar( 3973): updateQSpanelHeight: 384 height:608
D/PanelView( 3973): flingSettings mQsMin:788 mQsMax:788 mQsEx:788.0mQsPeek:608
D/QSTile.TorchLightTile( 3973): handleUpdateState() state=MultiState[visible=true,icon=null,label=Flashlight,contentDescription=Flashlight is off.,dualLabelContentDescription=null,autoMirrorDrawable=true,iconId=2130838949,pairedDeviceName=null,alpha=1.0,imageAlpha=1.0,textAlpha=1.0,textTruncate=true,textEllipsis=false,tintColor =-1,value=2]
D/PanelView( 3973): There is/are notification(s) 
D/PanelView( 3973): kidsfalse mQsExpansionEnabled:true
D/StatusBar-Window( 3973): fnf=true sanc=false, kni=false, sbf=false
D/CoverUI ( 3973): applyFocusableFlag() : Remove SAMSUNG_FLAG_SVIEW_COVER
D/CoverUI ( 3973): applyHeight h = 100, oc = false, ex = false, fa = false, ac = false, sc = false
D/PhoneStatusBar( 3973): disable: < expand icons alerts system_info back home recent clock search >
D/InputDispatcher( 3492): Focus left window: 3973
D/InputDispatcher( 3492): Focus entered window: 13921
D/PointerIcon( 3492): setMouseIconStyle1 pointerType: 1001 iconType:101 flag:0 pid:3492 uid:1000
D/PointerIcon( 3492): setMouseCustomIcon IconType is same.101
D/InputMethodManagerService( 3492): windowGainedFocus mCurrentFocusedUserId - 0 and mSecureKeypadEnabled-false
D/mali_winsys( 3973): new_window_surface returns 0x3000,  [1440x100]-format:1
D/PanelView( 3973): mClearAll.setVisibility - mIsFullyOpened : false isShade : true mHasNotification : true mIsUpwardFling : false mQsFullyExpanded : true isShadeLocked : false mClearAllVisible : false
D/PanelView( 3973): mClearAll.setVisibility - mIsFullyOpened : false isShade : true mHasNotification : true mIsUpwardFling : false mQsFullyExpanded : true isShadeLocked : false mClearAllVisible : false
D/PanelView( 3973): mClearAll.setVisibility - mIsFullyOpened : false isShade : true mHasNotification : true mIsUpwardFling : false mQsFullyExpanded : true isShadeLocked : false mClearAllVisible : false
D/VisualEffectCircleUnlockEffect( 3973): clearEffect
D/VisualEffectCircleUnlockEffect( 3973): cancelAllAnimator
D/VisualEffectCircleUnlockEffect( 3973): clearEffect
D/VisualEffectCircleUnlockEffect( 3973): cancelAllAnimator
D/PanelView( 3973): mClearAll.setVisibility - mIsFullyOpened : false isShade : true mHasNotification : true mIsUpwardFling : false mQsFullyExpanded : true isShadeLocked : false mClearAllVisible : false
D/PanelView( 3973): mClearAll.setVisibility - mIsFullyOpened : false isShade : true mHasNotification : true mIsUpwardFling : false mQsFullyExpanded : true isShadeLocked : false mClearAllVisible : false
D/PanelView( 3973): mClearAll.setVisibility - mIsFullyOpened : false isShade : true mHasNotification : true mIsUpwardFling : false mQsFullyExpanded : true isShadeLocked : false mClearAllVisible : false
I/InputReader( 3492): Reconfiguring input devices.  changes=0x00000010
I/PageBuddyNotiSvc( 6589): mCPBroadcastReceiver action=android.intent.action.PACKAGE_CHANGED mCpBitFlag=0
D/EasySignUpManager_1.0.0( 6195): userSerialNumber = 0
D/EasySignUpManager_1.0.0( 6195): serviceId : 0, features : 1
W/ResourceType( 3492): ResTable_typeSpec entry count inconsistent: given 2, previously 159
W/ResourceType( 3492): For resource 0x7f020085, entry index(133) is beyond type entryCount(2)
W/ResourceType( 3492): For resource 0x7f020085, entry index(133) is beyond type entryCount(2)
E/Zygote  (14510): MountEmulatedStorage()
E/Zygote  (14510): v2
I/SELinux (14510): Function: selinux_compare_spd_ram, SPD-policy is existed. and_ver=SEPF_SM-G920F_5.0.2 ver=27
I/SELinux (14510): Function: selinux_compare_spd_ram , priority [2] , priority version is VE=SEPF_SM-G920F_5.1.1_0030
E/SELinux (14510): [DEBUG] get_category: variable seinfo: untrusted sensitivity: NULL, cateogry: NULL
W/ActivityManager( 3492): userId = 0, bbcId = -10000
W/ActivityManager( 3492): NORMAL SET : dst_category = 701, src_allowCategory = 0,701-1023
W/ActivityManager( 3492): NORMAL SET : srcAppInfo.processName = com.microsoft.skydrive, destAppInfo.processName = com.google.android.music:main
D/RegisteredComponentCache( 4433): Collect Tech packages for Knox
W/ResourceType( 6195): For resource 0x7f0209e4, entry index(2532) is beyond type entryCount(552)
W/ResourceType( 6195): Failure getting entry for 0x7f0209e4 (t=1 e=2532) (error -75)
W/ResourceType( 6195): For resource 0x7f020a43, entry index(2627) is beyond type entryCount(552)
W/ResourceType( 6195): Failure getting entry for 0x7f020a43 (t=1 e=2627) (error -75)
D/TimaKeyStoreProvider(14510): TimaSignature is unavailable
D/ActivityThread(14510): Added TimaKeyStore provider
W/ResourceType( 6195): For resource 0x7f02053b, entry index(1339) is beyond type entryCount(552)
W/ResourceType( 6195): Failure getting entry for 0x7f02053b (t=1 e=1339) (error -75)
W/ResourceType( 6195): For resource 0x7f02053b, entry index(1339) is beyond type entryCount(552)
W/ResourceType( 6195): Failure getting entry for 0x7f02053b (t=1 e=1339) (error -75)
W/RegisteredServicesCache( 4433): info is null
D/RegisteredServicesCache( 4433): empty dynamic service
D/AidRoutingManager( 4433): autoSwitching is not enabled;
I/InjectionManager(14510): Inside getClassLibPath + mLibMap{0=, 1=}
I/InjectionManager(14510): Inside getClassLibPath caller 
I/Babel   (14510): MmsConfig: mnc/mcc: 425/3
I/Babel   (14510): MmsConfig.loadMmsSettings
I/Babel   (14510): MmsConfig.loadDeviceMmsSettings from API: mUserAgent=SAMSUNG-ANDROID-MMS/SM-G920FPCL, mUaProfUrl=http://wap.samsungmobile.com/uaprof/SM-G920FPCL.xml
I/Babel   (14510): MmsConfig.loadFromDatabase
E/SQLiteLog(14510): (1) no such table: mmsconfig
I/Babel   (14510): MmsConfig: no mmsconfig table android.database.sqlite.SQLiteException: no such table: mmsconfig (code 1): , while compiling: SELECT key, value, type FROM mmsconfig WHERE numeric=?
I/Babel   (14510): #################################################################
I/Babel   (14510): Error Code : 1 (SQLITE_ERROR)
I/Babel   (14510): Caused By : SQL(query) error or missing database.
I/Babel   (14510): 	(no such table: mmsconfig (code 1): , while compiling: SELECT key, value, type FROM mmsconfig WHERE numeric=?)
I/Babel   (14510): #################################################################
I/Babel   (14510): MmsConfig.loadFromResources
E/Babel   (14510): canonicalizeMccMnc: invalid mccmnc nullnull
I/Babel   (14510): MmsConfig.loadMmsSettings: mUserAgent=SAMSUNG-ANDROID-MMS/SM-G920FPCL, mUaProfUrl=http://wap.samsungmobile.com/uaprof/SM-G920FPCL.xml
W/ActivityManager( 3492): userId = 0, bbcId = -10000
W/ActivityManager( 3492): NORMAL SET : dst_category = 701, src_allowCategory = 0,701-1023
W/ActivityManager( 3492): NORMAL SET : srcAppInfo.processName = com.google.android.talk, destAppInfo.processName = com.google.android.talk
W/Settings(14510): Setting airplane_mode_on has moved from android.provider.Settings.System to android.provider.Settings.Global, returning read-only value.
W/ResourceType( 3492): Failure getting entry for 0x7f07007b (t=6 e=123) (error -75)
V/GmsNetworkLocationProvi( 4932): DISABLE
I/Babel_StickerModule(14510): App launched.
I/Babel   (14510): TeleModule.launchCompleted
D/LauncherApps( 4463): getActivityList callingUid: 0 user: 0
I/GCoreNlp( 4932): !shouldConfirmNlp, ensuring user opted into NLP
D/SettingsProvider( 3492): name = assisted_gps_enabled
D/SettingsProvider( 3492): edmUri: content://com.sec.knox.provider/RestrictionPolicy3
D/SettingsProvider( 3492): projectionArgs: isSettingsChangesAllowed
D/SettingsProvider( 3492): selectionArgs: false
D/SettingsProvider( 3492): selectionArgs: 10011
D/SecContentProvider( 3492): uri = 17 selection = isSettingsChangesAllowed
D/SettingsProvider( 3492): ret = -1
I/Launcher( 4463): Deferring update until onResume
I/Babel   (14510): TeleModule.updateConnectionManagerRegistration, registration preference changed from false to false
I/Babel   (14510): TeleModule.updateIncomingCallRegistration, preferred account for incoming calls changed from: null to null
W/ActivityManager( 3492): userId = 0, bbcId = -10000
W/ActivityManager( 3492): NORMAL SET : dst_category = 701, src_allowCategory = 0,701-1023
W/ActivityManager( 3492): NORMAL SET : srcAppInfo.processName = com.google.android.gms, destAppInfo.processName = com.google.android.gms
D/LocationProviderProxy( 3492): applying state to connected service
V/GmsNetworkLocationProvi( 4932): onSetRequest: ProviderRequestUnbundled, reportLocation is true and interval is 120000
D/InjectionManager(14510): InjectionManager
D/InjectionManager(14510): fillFeatureStoreMap com.google.android.talk
D/LocationProviderProxy( 3492): applying state to connected service
I/InjectionManager(14510): Constructor com.google.android.talk, Feature store :{}
I/InjectionManager(14510): featureStore :{}
V/GmsNetworkLocationProvi( 4932): ENABLE
V/GmsNetworkLocationProvi( 4932): SET-REQUEST
V/GmsNetworkLocationProvi( 4932): in Handler: ProviderRequestUnbundled, reportLocation is true and interval is 120000
W/ActivityManager( 3492): userId = 0, bbcId = -10000
W/ActivityManager( 3492): NORMAL SET : dst_category = 701, src_allowCategory = 0,701-1023
W/ActivityManager( 3492): NORMAL SET : srcAppInfo.processName = com.google.android.gms, destAppInfo.processName = com.google.android.gms
W/ActivityManager( 3492): userId = 0, bbcId = -10000
W/ActivityManager( 3492): NORMAL SET : dst_category = 701, src_allowCategory = 0,701-1023
W/ActivityManager( 3492): NORMAL SET : srcAppInfo.processName = com.google.android.talk, destAppInfo.processName = com.google.android.talk
I/ExynosCamera3Interface( 2970): INFO(HAL_getCameraInfo[306]):in =====
I/ExynosCamera3Interface( 2970): INFO(HAL_getCameraInfo[306]):in =====
I/GalaxyFinderApplication(14190): [onReceive] android.intent.action.PACKAGE_CHANGED
E/WifiStateMachine( 3492): WifiStateMachine CMD_START_SCAN source 10011 txSuccessRate=18.30 rxSuccessRate=17.07 targetRoamBSSID=ac:f1:df:9d:7b:19 RSSI=-64
I/wpa_supplicant( 3928): wlan0: Setting scan request: 0 sec 0 usec
I/wpa_supplicant( 3928): P2P: Current p2p state = IDLE
E/Zygote  (14540): MountEmulatedStorage()
E/Zygote  (14540): v2
I/SELinux (14540): Function: selinux_compare_spd_ram, SPD-policy is existed. and_ver=SEPF_SM-G920F_5.0.2 ver=27
I/SELinux (14540): Function: selinux_compare_spd_ram , priority [2] , priority version is VE=SEPF_SM-G920F_5.1.1_0030
E/SELinux (14540): [DEBUG] get_category: variable seinfo: platform sensitivity: NULL, cateogry: NULL
I/wpa_supplicant( 3928): Scan requested (ret=0) - scan timeout 30 seconds
W/AudioCapabilities(14510): Unsupported mime audio/mpeg-L1
W/AudioCapabilities(14510): Unsupported mime audio/mpeg-L2
D/TimaKeyStoreProvider(14540): TimaSignature is unavailable
D/ActivityThread(14540): Added TimaKeyStore provider
W/AudioCapabilities(14510): Unsupported mime audio/x-ms-wma
W/AudioCapabilities(14510): Unsupported mime audio/x-ima
W/VideoCapabilities(14510): Unrecognized profile/level 32768/2 for video/mp4v-es
I/InjectionManager(14540): Inside getClassLibPath + mLibMap{0=, 1=}
W/VideoCapabilities(14510): Unrecognized profile 2130706433 for video/avc
W/VideoCapabilities(14510): Unrecognized profile 2130706433 for video/avc
W/VideoCapabilities(14510): Unrecognized profile 2130706433 for video/avc
W/VideoCapabilities(14510): Unrecognized profile 2130706433 for video/avc
W/VideoCapabilities(14510): Unrecognized profile 2130706433 for video/avc
W/VideoCapabilities(14510): Unrecognized profile 2130706433 for video/avc
W/VideoCapabilities(14510): Unrecognized profile 2130706433 for video/avc
W/VideoCapabilities(14510): Unrecognized profile 2130706433 for video/avc
W/VideoCapabilities(14510): Unrecognized profile 2130706433 for video/avc
W/VideoCapabilities(14510): Unrecognized profile 2130706433 for video/avc
W/VideoCapabilities(14510): Unrecognized profile 2130706433 for video/avc
W/VideoCapabilities(14510): Unrecognized profile 2130706433 for video/avc
W/VideoCapabilities(14510): Unrecognized profile 2130706433 for video/avc
W/VideoCapabilities(14510): Unrecognized profile 2130706433 for video/avc
W/VideoCapabilities(14510): Unrecognized profile 2130706433 for video/avc
W/VideoCapabilities(14510): Unrecognized profile 2130706433 for video/avc
W/VideoCapabilities(14510): Unrecognized profile 2130706433 for video/avc
W/VideoCapabilities(14510): Unrecognized profile 2130706433 for video/avc
W/VideoCapabilities(14510): Unrecognized profile 2130706433 for video/avc
W/VideoCapabilities(14510): Unrecognized profile 2130706433 for video/avc
W/VideoCapabilities(14510): Unrecognized profile 2130706433 for video/avc
W/VideoCapabilities(14510): Unrecognized profile 2130706433 for video/avc
W/VideoCapabilities(14510): Unrecognized profile 2130706433 for video/avc
W/VideoCapabilities(14510): Unrecognized profile 2130706433 for video/avc
W/VideoCapabilities(14510): Unrecognized profile 2130706433 for video/avc
W/VideoCapabilities(14510): Unrecognized profile 2130706433 for video/avc
W/VideoCapabilities(14510): Unrecognized profile 2130706433 for video/avc
W/VideoCapabilities(14510): Unrecognized profile 2130706433 for video/avc
W/VideoCapabilities(14510): Unrecognized profile 2130706433 for video/avc
W/VideoCapabilities(14510): Unrecognized profile 2130706433 for video/avc
W/VideoCapabilities(14510): Unrecognized profile 2130706433 for video/avc
W/VideoCapabilities(14510): Unrecognized profile 2130706433 for video/avc
I/InjectionManager(14540): Inside getClassLibPath caller 
D/InjectionManager(14540): InjectionManager
D/InjectionManager(14540): fillFeatureStoreMap com.samsung.android.app.FileShareServer
W/VideoCapabilities(14510): Unsupported mime video/wvc1
I/InjectionManager(14540): Constructor com.samsung.android.app.FileShareServer, Feature store :{}
I/InjectionManager(14540): featureStore :{}
W/VideoCapabilities(14510): Unsupported mime video/x-ms-wmv
D/FileShare-Server(14540): ServerBroadcastReceiver.onReceive - action android.intent.action.PACKAGE_CHANGED // package:com.google.android.gms
W/VideoCapabilities(14510): Unrecognized profile/level 32768/2 for video/mp4v-es
W/VideoCapabilities(14510): Unsupported mime video/wvc1
W/VideoCapabilities(14510): Unsupported mime video/x-ms-wmv
W/VideoCapabilities(14510): Unsupported mime video/x-ms-wmv7
W/VideoCapabilities(14510): Unsupported mime video/x-ms-wmv8
W/VideoCapabilities(14510): Unsupported mime video/sorenson
W/VideoCapabilities(14510): Unsupported mime video/mp43
E/Zygote  (14555): MountEmulatedStorage()
E/Zygote  (14555): v2
I/SELinux (14555): Function: selinux_compare_spd_ram, SPD-policy is existed. and_ver=SEPF_SM-G920F_5.0.2 ver=27
I/SELinux (14555): Function: selinux_compare_spd_ram , priority [2] , priority version is VE=SEPF_SM-G920F_5.1.1_0030
E/SELinux (14555): [DEBUG] get_category: variable seinfo: platform sensitivity: NULL, cateogry: NULL
W/AudioCapabilities(14510): Unsupported mime audio/mpeg-L1
W/AudioCapabilities(14510): Unsupported mime audio/mpeg-L2
W/VideoCapabilities(14510): Unrecognized profile 2130706433 for video/avc
W/VideoCapabilities(14510): Unrecognized profile 2130706433 for video/avc
W/VideoCapabilities(14510): Unrecognized profile 2130706433 for video/avc
W/VideoCapabilities(14510): Unrecognized profile 2130706433 for video/avc
W/VideoCapabilities(14510): Unrecognized profile 2130706433 for video/avc
W/VideoCapabilities(14510): Unrecognized profile 2130706433 for video/avc
W/VideoCapabilities(14510): Unrecognized profile 2130706433 for video/avc
W/VideoCapabilities(14510): Unrecognized profile 2130706433 for video/avc
W/VideoCapabilities(14510): Unrecognized profile 2130706433 for video/avc
W/VideoCapabilities(14510): Unrecognized profile 2130706433 for video/avc
W/VideoCapabilities(14510): Unrecognized profile 2130706433 for video/avc
W/VideoCapabilities(14510): Unrecognized profile 2130706433 for video/avc
W/VideoCapabilities(14510): Unrecognized profile 2130706433 for video/avc
W/VideoCapabilities(14510): Unrecognized profile 2130706433 for video/avc
W/VideoCapabilities(14510): Unrecognized profile 2130706433 for video/avc
W/VideoCapabilities(14510): Unrecognized profile 2130706433 for video/avc
W/VideoCapabilities(14510): Unrecognized profile/level 32768/2 for video/mp4v-es
D/TimaKeyStoreProvider(14555): TimaSignature is unavailable
D/ActivityThread(14555): Added TimaKeyStore provider
I/VideoCapabilities(14510): Unsupported profile 4 for video/mp4v-es
I/InjectionManager(14555): Inside getClassLibPath + mLibMap{0=, 1=}
I/InjectionManager(14555): Inside getClassLibPath caller 
W/ActivityManager( 3492): userId = 0, bbcId = -10000
W/ActivityManager( 3492): NORMAL SET : dst_category = 701, src_allowCategory = 0,701-1023
W/ActivityManager( 3492): NORMAL SET : srcAppInfo.processName = com.google.android.talk, destAppInfo.processName = com.google.android.talk
D/InjectionManager(14555): InjectionManager
D/InjectionManager(14555): fillFeatureStoreMap com.sec.knox.foldercontainer
I/InjectionManager(14555): Constructor com.sec.knox.foldercontainer, Feature store :{}
I/InjectionManager(14555): featureStore :{}
I/Babel   (14510): Creating RTCS
D/ShortcutReceiver(14555):  onReceive() intent: android.intent.action.PACKAGE_CHANGED
W/ActivityManager( 3492): userId = 0, bbcId = -10000
W/ActivityManager( 3492): NORMAL SET : dst_category = 701, src_allowCategory = 0,701-1023
W/ActivityManager( 3492): NORMAL SET : srcAppInfo.processName = com.google.process.gapps, destAppInfo.processName = com.google.android.gms
D/PackageBroadcastService( 4208): Received broadcast action=android.intent.action.PACKAGE_CHANGED and uri=com.google.android.gms
W/ActivityManager( 3492): userId = 0, bbcId = -10000
W/ActivityManager( 3492): NORMAL SET : dst_category = 701, src_allowCategory = 0,701-1023
W/ActivityManager( 3492): NORMAL SET : srcAppInfo.processName = com.google.android.gms, destAppInfo.processName = com.google.android.gms
I/PackageBroadcastService( 4208): Null package name or gms related package.  Ignoreing.
W/ActivityManager( 3492): userId = 0, bbcId = -10000
W/ActivityManager( 3492): NORMAL SET : dst_category = 701, src_allowCategory = 0,701-1023
W/ActivityManager( 3492): NORMAL SET : srcAppInfo.processName = com.google.android.googlequicksearchbox, destAppInfo.processName = com.google.android.googlequicksearchbox
I/Babel   (14510): Destroying RTCS
W/ActivityManager( 3492): userId = 0, bbcId = -10000
W/ActivityManager( 3492): NORMAL SET : dst_category = 701, src_allowCategory = 0,701-1023
W/ActivityManager( 3492): NORMAL SET : srcAppInfo.processName = com.google.android.gms, destAppInfo.processName = com.google.android.gms
I/UpdateIcingCorporaServi( 4601): Updating corpora: APPS=com.google.android.gms, CONTACTS=MAYBE
W/ActivityManager( 3492): userId = 0, bbcId = -10000
W/ActivityManager( 3492): NORMAL SET : dst_category = 701, src_allowCategory = 0,701-1023
W/ActivityManager( 3492): NORMAL SET : srcAppInfo.processName = com.google.android.gms, destAppInfo.processName = com.google.android.gms
D/InputReader( 3492): Input event(8): value=1 when=552461195000
V/Vibrator( 3492): Called vibrateImmVibe(int, MagnitudeType) API - PUID: 1000, PackageName: android
V/Vibrator( 3492): vibrateImmVibe - PUID: 1000, PackageName: android, type: 14, mag: 8000
I/Icing   ( 4208): updateResources: need to parse f{com.google.android.gms}
D/lights  ( 3492): button : 1 +
I/InputDispatcher( 3492): Delivering key to (13921): action: 0x0 (0)
W/Launcher( 4463): setApplicationContext called twice! old=com.google.android.velvet.VelvetApplication@ec7cbec new=com.google.android.velvet.VelvetApplication@ec7cbec
W/ActivityManager( 3492): userId = 0, bbcId = -10000
W/ActivityManager( 3492): NORMAL SET : dst_category = 0, src_allowCategory = 0,2-1023
W/ActivityManager( 3492): NORMAL SET : srcAppInfo.processName = com.sec.android.app.shealth, destAppInfo.processName = com.sec.android.app.shealth
D/InputReader( 3492): Input event(8): value=0 when=552512267000
I/MultiPhoneWindowManager( 3492): closeMultiWindowTrayBar() failed -> mMultiWindowTrayBar =null/mMultiWindowEditMode = null
I/InputDispatcher( 3492): Delivering key to (13921): action: 0x1 (0)
E/Zygote  (14581): MountEmulatedStorage()
E/Zygote  (14581): v2
D/lights  ( 3492): button : 1 -
I/SELinux (14581): Function: selinux_compare_spd_ram, SPD-policy is existed. and_ver=SEPF_SM-G920F_5.0.2 ver=27
I/SELinux (14581): Function: selinux_compare_spd_ram , priority [2] , priority version is VE=SEPF_SM-G920F_5.1.1_0030
E/SELinux (14581): [DEBUG] get_category: variable seinfo: untrusted sensitivity: NULL, cateogry: NULL
V/ApplicationPolicy( 3492): isApplicationStateBlocked userId 0 pkgname com.example.hello
V/ApplicationPolicy( 3492): isApplicationStateBlocked userId 0 pkgname com.google.android.googlequicksearchbox
D/InputDispatcher( 3492): Focused application set to: xxxx
D/InputDispatcher( 3492): Focus left window: 13921
I/UpdateIcingCorporaServi( 4601): UpdateCorporaTask done [took 85 ms] updated apps [took 85 ms] 
D/TimaKeyStoreProvider(14581): TimaSignature is unavailable
D/ActivityThread(14581): Added TimaKeyStore provider
D/PointerIcon( 3492): setMouseIconStyle1 pointerType: 1001 iconType:101 flag:0 pid:3492 uid:1000
D/PointerIcon( 3492): setMouseCustomIcon IconType is same.101
W/ActivityManager( 3492): userId = 0, bbcId = -10000
W/ActivityManager( 3492): NORMAL SET : dst_category = 701, src_allowCategory = 0,701-1023
W/ActivityManager( 3492): NORMAL SET : srcAppInfo.processName = com.google.android.gms, destAppInfo.processName = com.google.android.gms
I/InjectionManager(14581): Inside getClassLibPath + mLibMap{0=, 1=}
V/WindowOrientationListener( 3492): mSContextAutoRotationListener.getProposedRotation, mbResultFaceDectection: false
V/WindowOrientationListener( 3492): mSContextAutoRotationListener.getProposedRotation, Rotation: 0
V/WindowOrientationListener( 3492): mSContextAutoRotationListener.getProposedRotation, mbResultFaceDectection: false
V/WindowOrientationListener( 3492): mSContextAutoRotationListener.getProposedRotation, Rotation: 0
I/InjectionManager(14581): Inside getClassLibPath caller 
W/ActivityManager( 3492): userId = 0, bbcId = -10000
W/ActivityManager( 3492): NORMAL SET : dst_category = 701, src_allowCategory = 0,701-1023
W/ActivityManager( 3492): NORMAL SET : srcAppInfo.processName = com.google.android.googlequicksearchbox, destAppInfo.processName = com.google.android.googlequicksearchbox
D/WallpaperManager( 4463): SEC_PRODUCT_FEATURE_COMMON_SUPPORT_TEXTURE_COMPRESSION is true
D/WallpaperManager( 4463): SEC_PRODUCT_FEATURE_COMMON_SUPPORT_TEXTURE_COMPRESSION is true
D/WallpaperManager( 4463): SEC_PRODUCT_FEATURE_COMMON_SUPPORT_TEXTURE_COMPRESSION is true
D/WallpaperManager( 4463): SEC_PRODUCT_FEATURE_COMMON_SUPPORT_TEXTURE_COMPRESSION is true
W/System.err(14581): remove failed: ENOENT (No such file or directory) : /data/data/com.android.vending/cache/crashed
D/Finsky  (14581): [1] FinskyApp.onCreate: Initializing network with DFE https://android.clients.google.com/fdfe/
W/ActivityManager( 3492): userId = 0, bbcId = -10000
W/ActivityManager( 3492): NORMAL SET : dst_category = 701, src_allowCategory = 0,701-1023
W/ActivityManager( 3492): NORMAL SET : srcAppInfo.processName = com.google.android.googlequicksearchbox, destAppInfo.processName = com.google.android.gms
D/ActivityManager( 3492): handle home activity for 0
I/WallpaperManagerService( 3492): switchPersonaWallpaper is called for personaId-0
D/KnoxTimeoutHandler( 3492): post home show event for user 0
D/ActivityManager( 3492): post active user change for 0 fullscreen true record.isFloatingActivity() false
D/WallpaperManagerService( 3492):  force update = false; persona id = 0; current user =0; current persona = 0
D/KnoxTimeoutHandler( 3492): postActiveUserChange for user 0
I/KnoxTimeoutHandler( 3492): postActiveUserChange, showWhenLocked: false
D/KnoxTimeoutHandler( 3492): handleHomeShow for 0 and current 0
D/KnoxTimeoutHandler( 3492): handleActiveUserChange for user 0
I/SurfaceFlinger( 2949): id=46 createSurf (1440x2560),1 flag=4, HEL
D/InputDispatcher( 3492): Focus entered window: 4463
D/SRIB_DCS( 4463): log_dcs ThreadedRenderer::initialize entered! 
D/PointerIcon( 3492): setMouseIconStyle1 pointerType: 1001 iconType:101 flag:0 pid:3492 uid:1000
D/PointerIcon( 3492): setMouseCustomIcon IconType is same.101
D/mali_winsys( 4463): new_window_surface returns 0x3000,  [1440x2560]-format:1
D/InputMethodManagerService( 3492): windowGainedFocus mCurrentFocusedUserId - 0 and mSecureKeypadEnabled-false
W/IInputConnectionWrapper(13921): showStatusIcon on inactive InputConnection
D/PanelView( 3973): There is/are notification(s) 
V/ImageWallpaper( 4271): ----checkSurfaceSize : onVisibilityChanged mLastSurfaceWidth: 2880 mLastSurfaceHeight: 2560
I/ActivityManager( 3492): Displayed Component not be shown by security: +161ms
I/Timeline( 4463): Timeline: Activity_idle id: android.os.BinderProxy@3d105e5 time:552740
W/ActivityManager( 3492): userId = 0, bbcId = -10000
W/ActivityManager( 3492): NORMAL SET : dst_category = 701, src_allowCategory = 0,701-1023
W/ActivityManager( 3492): NORMAL SET : srcAppInfo.processName = com.google.process.gapps, destAppInfo.processName = com.google.android.gms
W/ActivityManager( 3492): userId = 0, bbcId = -10000
W/ActivityManager( 3492): NORMAL SET : dst_category = 701, src_allowCategory = 0,701-1023
W/ActivityManager( 3492): NORMAL SET : srcAppInfo.processName = com.google.process.gapps, destAppInfo.processName = com.google.android.gms
W/ActivityManager( 3492): userId = 0, bbcId = -10000
W/ActivityManager( 3492): NORMAL SET : dst_category = 701, src_allowCategory = 0,701-1023
W/ActivityManager( 3492): NORMAL SET : srcAppInfo.processName = com.google.process.gapps, destAppInfo.processName = com.google.android.gms
W/ActivityManager( 3492): userId = 0, bbcId = -10000
W/ActivityManager( 3492): NORMAL SET : dst_category = 701, src_allowCategory = 0,701-1023
W/ActivityManager( 3492): NORMAL SET : srcAppInfo.processName = com.google.process.gapps, destAppInfo.processName = com.google.android.gms
D/Finsky  (14581): [1] DailyHygiene.goMakeHygieneIfDirty: No need to run daily hygiene.
W/ActivityManager( 3492): userId = 0, bbcId = -10000
W/ActivityManager( 3492): NORMAL SET : dst_category = 701, src_allowCategory = 0,701-1023
W/ActivityManager( 3492): NORMAL SET : srcAppInfo.processName = com.android.vending, destAppInfo.processName = com.google.android.gms
E/Zygote  (14618): MountEmulatedStorage()
E/Zygote  (14618): v2
I/SELinux (14618): Function: selinux_compare_spd_ram, SPD-policy is existed. and_ver=SEPF_SM-G920F_5.0.2 ver=27
I/SELinux (14618): Function: selinux_compare_spd_ram , priority [2] , priority version is VE=SEPF_SM-G920F_5.1.1_0030
E/SELinux (14618): [DEBUG] get_category: variable seinfo: untrusted sensitivity: NULL, cateogry: NULL
W/Settings(14581): Setting download_manager_max_bytes_over_mobile has moved from android.provider.Settings.Secure to android.provider.Settings.Global.
W/Settings(14581): Setting download_manager_recommended_max_bytes_over_mobile has moved from android.provider.Settings.Secure to android.provider.Settings.Global.
D/TimaKeyStoreProvider(14618): TimaSignature is unavailable
D/ActivityThread(14618): Added TimaKeyStore provider
I/InjectionManager(14618): Inside getClassLibPath + mLibMap{0=, 1=}
I/InjectionManager(14618): Inside getClassLibPath caller 
I/MultiDex(14618): VM with version 2.1.0 has multidex support
I/MultiDex(14618): install
I/MultiDex(14618): VM has multidex support, MultiDex support library is disabled.
D/InjectionManager(14581): InjectionManager
D/InjectionManager(14581): fillFeatureStoreMap com.android.vending
I/InjectionManager(14581): Constructor com.android.vending, Feature store :{}
I/InjectionManager(14581): featureStore :{}
D/Finsky  (14581): [1] 2.run: Loaded library for account: [Q0IIPFFC17sUwFITILuKITdArfc]
D/Finsky  (14581): [1] 2.run: Finished loading 1 libraries.
W/ActivityManager( 3492): userId = 0, bbcId = -10000
W/ActivityManager( 3492): NORMAL SET : dst_category = 701, src_allowCategory = 0,701-1023
W/ActivityManager( 3492): NORMAL SET : srcAppInfo.processName = com.android.vending, destAppInfo.processName = com.google.android.gms
V/JNIHelp (14618): Registering com/google/android/gms/org/conscrypt/NativeCrypto's 227 native methods...
W/ActivityManager( 3492): userId = 0, bbcId = -10000
W/ActivityManager( 3492): NORMAL SET : dst_category = 701, src_allowCategory = 0,701-1023
W/ActivityManager( 3492): NORMAL SET : srcAppInfo.processName = com.google.android.apps.plus, destAppInfo.processName = com.google.android.apps.plus
D/Finsky  (14581): [1] GmsCoreHelper.cleanupNlp: result=false type=4
W/ActivityManager( 3492): userId = 0, bbcId = -10000
W/ActivityManager( 3492): NORMAL SET : dst_category = 701, src_allowCategory = 0,701-1023
W/ActivityManager( 3492): NORMAL SET : srcAppInfo.processName = com.google.android.apps.plus, destAppInfo.processName = com.google.android.apps.plus
W/ActivityManager( 3492): userId = 0, bbcId = -10000
W/ActivityManager( 3492): NORMAL SET : dst_category = 701, src_allowCategory = 0,701-1023
W/ActivityManager( 3492): NORMAL SET : srcAppInfo.processName = com.android.vending, destAppInfo.processName = com.android.vending
W/System.err(14581): remove failed: ENOENT (No such file or directory) : /data/data/com.android.vending/databases/assets14.db
W/System.err(14581): remove failed: ENOENT (No such file or directory) : /data/data/com.android.vending/databases/assets14.db-journal
W/System.err(14581): remove failed: ENOENT (No such file or directory) : /data/data/com.android.vending/databases/assets14.db-shm
W/System.err(14581): remove failed: ENOENT (No such file or directory) : /data/data/com.android.vending/databases/assets14.db-wal
W/System.err(14581): remove failed: ENOENT (No such file or directory) : /data/data/com.android.vending/databases/market_assets.db
W/System.err(14581): remove failed: ENOENT (No such file or directory) : /data/data/com.android.vending/databases/market_assets.db-journal
W/System.err(14581): remove failed: ENOENT (No such file or directory) : /data/data/com.android.vending/databases/market_assets.db-shm
W/System.err(14581): remove failed: ENOENT (No such file or directory) : /data/data/com.android.vending/databases/market_assets.db-wal
I/ProviderInstaller(14618): Installed default security provider GmsCore_OpenSSL
D/Finsky  (14581): [1] RestoreTracker.stopServiceIfDone: Restore complete with 0 success and 0 failed.
W/ActivityManager( 3492): userId = 0, bbcId = -10000
W/ActivityManager( 3492): NORMAL SET : dst_category = 701, src_allowCategory = 0,701-1023
W/ActivityManager( 3492): NORMAL SET : srcAppInfo.processName = com.google.android.gms, destAppInfo.processName = com.google.android.gms
D/InjectionManager(14618): InjectionManager
D/InjectionManager(14618): fillFeatureStoreMap com.google.android.gms
I/InjectionManager(14618): Constructor com.google.android.gms, Feature store :{}
I/InjectionManager(14618): featureStore :{}
W/ActivityManager( 3492): userId = 0, bbcId = -10000
W/ActivityManager( 3492): NORMAL SET : dst_category = 701, src_allowCategory = 0,701-1023
W/ActivityManager( 3492): NORMAL SET : srcAppInfo.processName = com.google.process.gapps, destAppInfo.processName = com.google.android.gms
D/GCM     ( 4394): GcmService start Intent { act=com.google.android.gms.INITIALIZE flg=0x10 pkg=com.google.android.gms cmp=com.google.android.gms/.gcm.GcmService } com.google.android.gms.INITIALIZE
W/ActivityManager( 3492): userId = 0, bbcId = -10000
W/ActivityManager( 3492): NORMAL SET : dst_category = 701, src_allowCategory = 0,701-1023
W/ActivityManager( 3492): NORMAL SET : srcAppInfo.processName = com.google.android.gms, destAppInfo.processName = com.google.android.gms
W/ActivityManager( 3492): userId = 0, bbcId = -10000
W/ActivityManager( 3492): NORMAL SET : dst_category = 701, src_allowCategory = 0,701-1023
W/ActivityManager( 3492): NORMAL SET : srcAppInfo.processName = com.google.android.gms, destAppInfo.processName = com.google.android.gms
D/AuthorizationBluetoothService( 4394): Received GmsCore event: Intent { act=com.google.android.gms.INITIALIZE flg=0x10 pkg=com.google.android.gms cmp=com.google.android.gms/.auth.be.proximity.authorization.bt.AuthorizationBluetoothService$AutoStarter }.
W/ActivityManager( 3492): userId = 0, bbcId = -10000
W/ActivityManager( 3492): NORMAL SET : dst_category = 701, src_allowCategory = 0,701-1023
W/ActivityManager( 3492): NORMAL SET : srcAppInfo.processName = com.google.android.gms, destAppInfo.processName = com.google.android.gms
W/ActivityManager( 3492): userId = 0, bbcId = -10000
W/ActivityManager( 3492): NORMAL SET : dst_category = 701, src_allowCategory = 0,701-1023
W/ActivityManager( 3492): NORMAL SET : srcAppInfo.processName = com.google.android.gms, destAppInfo.processName = com.google.android.gms
V/GmsCoreStatsServiceLauncher( 4208): Received broadcast intent Intent { act=com.google.android.gms.INITIALIZE flg=0x10 pkg=com.google.android.gms cmp=com.google.android.gms/.common.stats.GmsCoreStatsServiceLauncher }
W/ActivityManager( 3492): userId = 0, bbcId = -10000
W/ActivityManager( 3492): NORMAL SET : dst_category = 701, src_allowCategory = 0,701-1023
W/ActivityManager( 3492): NORMAL SET : srcAppInfo.processName = com.google.android.gms, destAppInfo.processName = com.google.android.gms
W/ActivityManager( 3492): userId = 0, bbcId = -10000
W/ActivityManager( 3492): NORMAL SET : dst_category = 701, src_allowCategory = 0,701-1023
W/ActivityManager( 3492): NORMAL SET : srcAppInfo.processName = com.google.android.gms, destAppInfo.processName = com.google.android.gms
W/ActivityManager( 3492): userId = 0, bbcId = -10000
W/ActivityManager( 3492): NORMAL SET : dst_category = 701, src_allowCategory = 0,701-1023
W/ActivityManager( 3492): NORMAL SET : srcAppInfo.processName = com.google.android.gms, destAppInfo.processName = com.google.android.gms
W/ActivityManager( 3492): userId = 0, bbcId = -10000
W/ActivityManager( 3492): NORMAL SET : dst_category = 701, src_allowCategory = 0,701-1023
W/ActivityManager( 3492): NORMAL SET : srcAppInfo.processName = com.google.android.gms, destAppInfo.processName = com.google.android.gms
W/ActivityManager( 3492): userId = 0, bbcId = -10000
W/ActivityManager( 3492): NORMAL SET : dst_category = 701, src_allowCategory = 0,701-1023
W/ActivityManager( 3492): NORMAL SET : srcAppInfo.processName = com.google.android.gms, destAppInfo.processName = com.google.android.gms
W/ActivityManager( 3492): userId = 0, bbcId = -10000
W/ActivityManager( 3492): NORMAL SET : dst_category = 701, src_allowCategory = 0,701-1023
W/ActivityManager( 3492): NORMAL SET : srcAppInfo.processName = com.google.android.gms, destAppInfo.processName = com.google.android.gms
D/WearableService(14103): callingUid 10011, callindPid: 14103
W/ActivityManager( 3492): userId = 0, bbcId = -10000
W/ActivityManager( 3492): NORMAL SET : dst_category = 701, src_allowCategory = 0,701-1023
W/ActivityManager( 3492): NORMAL SET : srcAppInfo.processName = com.google.android.gms, destAppInfo.processName = com.google.android.gms
W/ActivityManager( 3492): userId = 0, bbcId = -10000
W/ActivityManager( 3492): NORMAL SET : dst_category = 701, src_allowCategory = 0,701-1023
W/ActivityManager( 3492): NORMAL SET : srcAppInfo.processName = com.google.android.gms, destAppInfo.processName = com.google.android.gms
E/MDM     ( 4932): [244] b.run: Couldn't connect to Google API client: ConnectionResult{statusCode=API_UNAVAILABLE, resolution=null}
W/ActivityManager( 3492): userId = 0, bbcId = -10000
W/ActivityManager( 3492): NORMAL SET : dst_category = 701, src_allowCategory = 0,701-1023
W/ActivityManager( 3492): NORMAL SET : srcAppInfo.processName = com.google.android.gms, destAppInfo.processName = com.google.android.gms
W/ActivityManager( 3492): userId = 0, bbcId = -10000
W/ActivityManager( 3492): NORMAL SET : dst_category = 701, src_allowCategory = 0,701-1023
W/ActivityManager( 3492): NORMAL SET : srcAppInfo.processName = com.google.android.gms, destAppInfo.processName = com.google.android.gms
W/ActivityManager( 3492): userId = 0, bbcId = -10000
W/ActivityManager( 3492): NORMAL SET : dst_category = 701, src_allowCategory = 0,701-1023
W/ActivityManager( 3492): NORMAL SET : srcAppInfo.processName = com.google.android.gms, destAppInfo.processName = com.google.android.gms
W/ActivityManager( 3492): userId = 0, bbcId = -10000
W/ActivityManager( 3492): NORMAL SET : dst_category = 701, src_allowCategory = 0,701-1023
W/ActivityManager( 3492): NORMAL SET : srcAppInfo.processName = com.google.android.gms, destAppInfo.processName = com.google.android.gms
D/LocationInitializer( 4208): Restart initialization of location
W/ActivityManager( 3492): userId = 0, bbcId = -10000
W/ActivityManager( 3492): NORMAL SET : dst_category = 701, src_allowCategory = 0,701-1023
W/ActivityManager( 3492): NORMAL SET : srcAppInfo.processName = com.google.android.gms, destAppInfo.processName = com.google.android.gms
W/ActivityManager( 3492): userId = 0, bbcId = -10000
W/ActivityManager( 3492): NORMAL SET : dst_category = 701, src_allowCategory = 0,701-1023
W/ActivityManager( 3492): NORMAL SET : srcAppInfo.processName = com.google.process.gapps, destAppInfo.processName = com.google.android.gms
W/ActivityManager( 3492): userId = 0, bbcId = -10000
W/ActivityManager( 3492): NORMAL SET : dst_category = 701, src_allowCategory = 0,701-1023
W/ActivityManager( 3492): NORMAL SET : srcAppInfo.processName = com.google.process.gapps, destAppInfo.processName = com.google.android.gms
W/ActivityManager( 3492): userId = 0, bbcId = -10000
W/ActivityManager( 3492): NORMAL SET : dst_category = 701, src_allowCategory = 0,701-1023
W/ActivityManager( 3492): NORMAL SET : srcAppInfo.processName = com.google.process.gapps, destAppInfo.processName = com.google.android.gms
W/ActivityManager( 3492): userId = 0, bbcId = -10000
W/ActivityManager( 3492): NORMAL SET : dst_category = 701, src_allowCategory = 0,701-1023
W/ActivityManager( 3492): NORMAL SET : srcAppInfo.processName = com.google.process.gapps, destAppInfo.processName = com.google.android.gms
W/ActivityManager( 3492): userId = 0, bbcId = -10000
W/ActivityManager( 3492): NORMAL SET : dst_category = 701, src_allowCategory = 0,701-1023
W/ActivityManager( 3492): NORMAL SET : srcAppInfo.processName = com.google.process.gapps, destAppInfo.processName = com.google.android.gms
W/ActivityManager( 3492): userId = 0, bbcId = -10000
W/ActivityManager( 3492): NORMAL SET : dst_category = 701, src_allowCategory = 0,701-1023
W/ActivityManager( 3492): NORMAL SET : srcAppInfo.processName = com.google.process.gapps, destAppInfo.processName = com.google.android.gms
W/ActivityManager( 3492): userId = 0, bbcId = -10000
W/ActivityManager( 3492): NORMAL SET : dst_category = 701, src_allowCategory = 0,701-1023
W/ActivityManager( 3492): NORMAL SET : srcAppInfo.processName = com.google.process.gapps, destAppInfo.processName = com.google.android.gms
W/ActivityManager( 3492): userId = 0, bbcId = -10000
W/ActivityManager( 3492): NORMAL SET : dst_category = 701, src_allowCategory = 0,701-1023
W/ActivityManager( 3492): NORMAL SET : srcAppInfo.processName = com.google.process.gapps, destAppInfo.processName = com.google.android.gms
W/ActivityManager( 3492): userId = 0, bbcId = -10000
W/ActivityManager( 3492): NORMAL SET : dst_category = 701, src_allowCategory = 0,701-1023
W/ActivityManager( 3492): NORMAL SET : srcAppInfo.processName = com.google.process.gapps, destAppInfo.processName = com.google.android.gms
W/ActivityManager( 3492): userId = 0, bbcId = -10000
W/ActivityManager( 3492): NORMAL SET : dst_category = 701, src_allowCategory = 0,701-1023
W/ActivityManager( 3492): NORMAL SET : srcAppInfo.processName = com.google.process.gapps, destAppInfo.processName = com.google.android.gms
W/ActivityManager( 3492): userId = 0, bbcId = -10000
W/ActivityManager( 3492): NORMAL SET : dst_category = 701, src_allowCategory = 0,701-1023
W/ActivityManager( 3492): NORMAL SET : srcAppInfo.processName = com.google.process.gapps, destAppInfo.processName = com.google.android.gms
W/ActivityManager( 3492): userId = 0, bbcId = -10000
W/ActivityManager( 3492): NORMAL SET : dst_category = 701, src_allowCategory = 0,701-1023
W/ActivityManager( 3492): NORMAL SET : srcAppInfo.processName = com.google.process.gapps, destAppInfo.processName = com.google.android.gms
W/ActivityManager( 3492): userId = 0, bbcId = -10000
W/ActivityManager( 3492): NORMAL SET : dst_category = 701, src_allowCategory = 0,701-1023
W/ActivityManager( 3492): NORMAL SET : srcAppInfo.processName = com.google.process.gapps, destAppInfo.processName = com.google.android.gms
W/ActivityManager( 3492): userId = 0, bbcId = -10000
W/ActivityManager( 3492): NORMAL SET : dst_category = 701, src_allowCategory = 0,701-1023
W/ActivityManager( 3492): NORMAL SET : srcAppInfo.processName = com.google.process.gapps, destAppInfo.processName = com.google.android.gms
W/ActivityManager( 3492): userId = 0, bbcId = -10000
W/ActivityManager( 3492): NORMAL SET : dst_category = 701, src_allowCategory = 0,701-1023
W/ActivityManager( 3492): NORMAL SET : srcAppInfo.processName = com.google.process.gapps, destAppInfo.processName = com.google.android.gms
W/ActivityManager( 3492): userId = 0, bbcId = -10000
W/ActivityManager( 3492): NORMAL SET : dst_category = 701, src_allowCategory = 0,701-1023
W/ActivityManager( 3492): NORMAL SET : srcAppInfo.processName = com.google.process.gapps, destAppInfo.processName = com.google.android.gms
W/ActivityManager( 3492): userId = 0, bbcId = -10000
W/ActivityManager( 3492): NORMAL SET : dst_category = 701, src_allowCategory = 0,701-1023
W/ActivityManager( 3492): NORMAL SET : srcAppInfo.processName = com.google.process.gapps, destAppInfo.processName = com.google.android.gms
W/ActivityManager( 3492): userId = 0, bbcId = -10000
W/ActivityManager( 3492): NORMAL SET : dst_category = 701, src_allowCategory = 0,701-1023
W/ActivityManager( 3492): NORMAL SET : srcAppInfo.processName = com.google.process.gapps, destAppInfo.processName = com.google.android.gms
W/ActivityManager( 3492): userId = 0, bbcId = -10000
W/ActivityManager( 3492): NORMAL SET : dst_category = 701, src_allowCategory = 0,701-1023
W/ActivityManager( 3492): NORMAL SET : srcAppInfo.processName = com.google.process.gapps, destAppInfo.processName = com.google.android.gms
W/ActivityManager( 3492): userId = 0, bbcId = -10000
W/ActivityManager( 3492): NORMAL SET : dst_category = 701, src_allowCategory = 0,701-1023
W/ActivityManager( 3492): NORMAL SET : srcAppInfo.processName = com.google.android.gms, destAppInfo.processName = com.google.android.gms
W/ActivityManager( 3492): userId = 0, bbcId = -10000
W/ActivityManager( 3492): NORMAL SET : dst_category = 701, src_allowCategory = 0,701-1023
W/ActivityManager( 3492): NORMAL SET : srcAppInfo.processName = com.google.process.gapps, destAppInfo.processName = com.google.android.gms
W/ActivityManager( 3492): userId = 0, bbcId = -10000
W/ActivityManager( 3492): NORMAL SET : dst_category = 701, src_allowCategory = 0,701-1023
W/ActivityManager( 3492): NORMAL SET : srcAppInfo.processName = com.google.process.gapps, destAppInfo.processName = com.google.android.gms
W/ActivityManager( 3492): userId = 0, bbcId = -10000
W/ActivityManager( 3492): NORMAL SET : dst_category = 701, src_allowCategory = 0,701-1023
W/ActivityManager( 3492): NORMAL SET : srcAppInfo.processName = com.google.process.gapps, destAppInfo.processName = com.google.android.gms
W/ActivityManager( 3492): userId = 0, bbcId = -10000
W/ActivityManager( 3492): NORMAL SET : dst_category = 701, src_allowCategory = 0,701-1023
W/ActivityManager( 3492): NORMAL SET : srcAppInfo.processName = com.google.process.gapps, destAppInfo.processName = com.google.android.gms
W/ActivityManager( 3492): userId = 0, bbcId = -10000
W/ActivityManager( 3492): NORMAL SET : dst_category = 701, src_allowCategory = 0,701-1023
W/ActivityManager( 3492): NORMAL SET : srcAppInfo.processName = com.google.process.gapps, destAppInfo.processName = com.google.android.gms
W/ActivityManager( 3492): userId = 0, bbcId = -10000
W/ActivityManager( 3492): NORMAL SET : dst_category = 701, src_allowCategory = 0,701-1023
W/ActivityManager( 3492): NORMAL SET : srcAppInfo.processName = com.google.process.gapps, destAppInfo.processName = com.google.android.gms
W/ActivityManager( 3492): userId = 0, bbcId = -10000
W/ActivityManager( 3492): NORMAL SET : dst_category = 701, src_allowCategory = 0,701-1023
W/ActivityManager( 3492): NORMAL SET : srcAppInfo.processName = com.google.process.gapps, destAppInfo.processName = com.google.android.gms
W/ActivityManager( 3492): userId = 0, bbcId = -10000
W/ActivityManager( 3492): NORMAL SET : dst_category = 701, src_allowCategory = 0,701-1023
W/ActivityManager( 3492): NORMAL SET : srcAppInfo.processName = com.google.process.gapps, destAppInfo.processName = com.google.android.gms
W/ActivityManager( 3492): userId = 0, bbcId = -10000
W/ActivityManager( 3492): NORMAL SET : dst_category = 701, src_allowCategory = 0,701-1023
W/ActivityManager( 3492): NORMAL SET : srcAppInfo.processName = com.google.process.gapps, destAppInfo.processName = com.google.android.gms
W/ActivityManager( 3492): userId = 0, bbcId = -10000
W/ActivityManager( 3492): NORMAL SET : dst_category = 701, src_allowCategory = 0,701-1023
W/ActivityManager( 3492): NORMAL SET : srcAppInfo.processName = com.google.process.gapps, destAppInfo.processName = com.google.android.gms
W/ActivityManager( 3492): userId = 0, bbcId = -10000
W/ActivityManager( 3492): NORMAL SET : dst_category = 701, src_allowCategory = 0,701-1023
W/ActivityManager( 3492): NORMAL SET : srcAppInfo.processName = com.google.process.gapps, destAppInfo.processName = com.google.android.gms
W/ActivityManager( 3492): userId = 0, bbcId = -10000
W/ActivityManager( 3492): NORMAL SET : dst_category = 701, src_allowCategory = 0,701-1023
W/ActivityManager( 3492): NORMAL SET : srcAppInfo.processName = com.google.process.gapps, destAppInfo.processName = com.google.android.gms
W/ActivityManager( 3492): userId = 0, bbcId = -10000
W/ActivityManager( 3492): NORMAL SET : dst_category = 701, src_allowCategory = 0,701-1023
W/ActivityManager( 3492): NORMAL SET : srcAppInfo.processName = com.google.process.gapps, destAppInfo.processName = com.google.android.gms
W/ActivityManager( 3492): userId = 0, bbcId = -10000
W/ActivityManager( 3492): NORMAL SET : dst_category = 701, src_allowCategory = 0,701-1023
W/ActivityManager( 3492): NORMAL SET : srcAppInfo.processName = com.google.process.gapps, destAppInfo.processName = com.google.android.gms
W/ActivityManager( 3492): userId = 0, bbcId = -10000
W/ActivityManager( 3492): NORMAL SET : dst_category = 701, src_allowCategory = 0,701-1023
W/ActivityManager( 3492): NORMAL SET : srcAppInfo.processName = com.google.process.gapps, destAppInfo.processName = com.google.android.gms
W/ActivityManager( 3492): userId = 0, bbcId = -10000
W/ActivityManager( 3492): NORMAL SET : dst_category = 701, src_allowCategory = 0,701-1023
W/ActivityManager( 3492): NORMAL SET : srcAppInfo.processName = com.google.process.gapps, destAppInfo.processName = com.google.android.gms
W/ActivityManager( 3492): userId = 0, bbcId = -10000
W/ActivityManager( 3492): NORMAL SET : dst_category = 701, src_allowCategory = 0,701-1023
W/ActivityManager( 3492): NORMAL SET : srcAppInfo.processName = com.google.process.gapps, destAppInfo.processName = com.google.android.gms
W/ActivityManager( 3492): userId = 0, bbcId = -10000
W/ActivityManager( 3492): NORMAL SET : dst_category = 701, src_allowCategory = 0,701-1023
W/ActivityManager( 3492): NORMAL SET : srcAppInfo.processName = com.google.process.gapps, destAppInfo.processName = com.google.android.gms
W/ActivityManager( 3492): userId = 0, bbcId = -10000
W/ActivityManager( 3492): NORMAL SET : dst_category = 701, src_allowCategory = 0,701-1023
