--------- beginning of main
W/ActivityManager( 3492): userId = 0, bbcId = -10000
W/ActivityManager( 3492): NORMAL SET : dst_category = 701, src_allowCategory = 0,701-1023
W/ActivityManager( 3492): NORMAL SET : srcAppInfo.processName = com.google.android.gms, destAppInfo.processName = com.google.android.gms
D/MediaScanner( 4036): Constructor set externalStorageSdPath : null
D/MediaProvider( 4036): savePlaylistTableInBulkDeleter started
I/iu.UploadsManager( 4208): storage changed; old: -1, new: -1
D/MediaProvider( 4036): savePlaylistTableInBulkDeleter started - audio_playlists_map_personal_cache existed
D/MediaProvider( 4036): savePlaylistTableInBulkDeleter started - audio_playlists_map_personal_cache is empty
D/MediaProvider( 4036): savePlaylistTableInBulkDeleter finished
D/MediaScanner( 4036): Prescan. DB items number : 1930 DB_FILES_NUMBER_CACHING_LIMITATION : 7000  Caching mode : true
I/iu.UploadsManager( 4208): End new media; added: 0, uploading: 0, time: 132 ms
V/MediaScanner( 4036): processDirectory :  /storage/emulated/0
D/MediaScanner( 4036): Skipping:
D/MediaScanner( 4036): 7klwibgf7fvntblfd7(7Budiwrd7dblb7
D/MediaScanner( 4036): Skipping:
D/MediaScanner( 4036): 7klwibgf7fvntblfd7(75ebcf7
D/MediaScanner( 4036): Skipping:
D/MediaScanner( 4036): 7klwibgf7fvntblfd7(7DCRV75lpnvaubrtk7
E/MediaScanner( 4036): stat() failed for /storage/emulated/0/DCIM/.metadata/HighLight.meta: Permission denied
W/MTPRx   (12758): notification from stack 4
W/MTPRx   (12758): Inside Syncronising4
I/MTPRx   (12758): Inside sendBooster
I/NPS_MOBEX( 2976): wscSerialOverMTPServiceDataThread nReceiveLen : 3
I/NPS_MOBEX( 2976): wscSerialOverMTPServiceDataThread nReceiveLen : -1
I/NPS_MOBEX( 2976): wscSerialOverMTPServiceDataThread nTotal : 3
I/NPS_MOBEX( 2976): total buffer size : 3, header size : 3
I/NPS_MOBEX( 2976): wscMessageGet msgid:4100
I/NPS_MOBEX( 2976): wscObexAdapterEventHandler param1:1 param2:0
I/NPS_MOBEX( 2976): wscObexEngineGetWorkSpace
I/NPS_MOBEX( 2976): wscSerialOverMTPGetConnectionMode 1
I/NPS_MOBEX( 2976): wscObexEngineIdle Receive len = 3
I/NPS_MOBEX( 2976): wscObexEngineIdle nReceiveDataLen=3, nDataLen=3
I/NPS_MOBEX( 2976): wscObexServerOnResponse
I/NPS_MOBEX( 2976): wscObexServerOnResponse nCommand = 81
I/NPS_MOBEX( 2976): wscObexServerDisconnect
I/NPS_MOBEX( 2976): wscSerialOverMTPGetConnectionMode 1
I/NPS_MOBEX( 2976): wscSerialOverMTPServiceSend
I/NPS_MOBEX( 2976): OBEX send totallen : 3
D/SettingsProvider( 3492): name = mtp_sync_alive
I/NPS_MOBEX( 2976): sent:3
I/NPS_MOBEX( 2976): sendok
I/NPS_MOBEX( 2976): wscObexEngineEventHandler hParam=3 lParam=0
I/NPS_MOBEX( 2976): wscMessageGet msgid:4100
I/NPS_MOBEX( 2976): wscObexAdapterEventHandler param1:4 param2:0
I/NPS_MOBEX( 2976): wscObexEngineGetWorkSpace
I/NPS_MOBEX( 2976): wscObexAdapterEventHandler hParam=4 lParam=0
I/NPS_MOBEX( 2976): wscObexEngineFreeWorkSpace
I/NPS_MOBEX( 2976): wscObexEngineDeleteTarget
I/NPS_MOBEX( 2976): wscSerialOverMTPGetConnectionMode 1
I/NPS_MOBEX( 2976): wscSerialOverMTPSetConnectionMode 0
I/NPS_MOBEX( 2976): wscSerialOverMTPServiceEnd
I/NPS_MOBEX( 2976): g_MTPClientSocketId socket (10) close
I/NPS_MOBEX( 2976): socket(15) close
I/NPS_MOBEX( 2976): wscDataServiceEnd
I/NPS_MOBEX( 2976): wifi_wscDataServiceEnd
I/NPS_MOBEX( 2976): smldsMObexHandlerDisconnect szHeadType=m-obex/fs/profile_load
I/NPS_MOBEX( 2976): smldsMObexHandlerDBEnd
I/NPS_MOBEX( 2976): smldsPhoneFileAdapterFileDBEnd
D/NPS_WSSNPS(12529): [501.150648] WsNpsHandler close
D/NPS_WSSNPS(12529): [501.150648] WsNpsHandler destroy.
D/NPS_WSSNPS(12529): [501.150648] runServer m_thread1.join() End !!!!!
I/NPS_MOBEX( 2976): poll revents : 20
I/NPS_MOBEX( 2976): wscSerialOverMTPServiceDataThread End
W/MTPRx   (12758): notification from stack 3
E/MTPRx   (12758): in isSyncFinished posting message with delay of 4sec
W/MTPRx   (12758): notification from stack 4
D/SettingsProvider( 3492): name = mtp_sync_alive
W/MTPRx   (12758): notification from stack 3
E/MTPRx   (12758): in isSyncFinished posting message with delay of 4sec
D/MediaScanner( 4036): Skipping:
D/MediaScanner( 4036): 7klwibgf7fvntblfd7(7cwv5ebcfawws5wicb7
E/MTPJNIInterface(12758): In MTPJNIINterface onReceive:android.intent.action.MEDIA_SCANNER_FINISHED
D/MediaProvider( 4036): Network connect success, Call RequestAddressThread
W/ActivityManager( 3492): userId = 0, bbcId = -10000
W/ActivityManager( 3492): NORMAL SET : dst_category = 0, src_allowCategory = 0,2-1023
W/ActivityManager( 3492): NORMAL SET : srcAppInfo.processName = android.process.media, destAppInfo.processName = com.android.phone
E/CscFactoryReceiver( 4448): onReceive android.intent.action.MEDIA_SCANNER_FINISHED
D/CscFactoryReceiver( 4448): Media DB Scanner finished.
D/CscFactoryReceiver( 4448): start service to Set Notification
W/ActivityManager( 3492): userId = 0, bbcId = -10000
W/ActivityManager( 3492): NORMAL SET : dst_category = 0, src_allowCategory = 0,2-1023
W/ActivityManager( 3492): NORMAL SET : srcAppInfo.processName = com.android.phone, destAppInfo.processName = com.android.phone
D/CscFactoryReceiver( 4448): start service to Set Alarmtone
W/ActivityManager( 3492): userId = 0, bbcId = -10000
W/ActivityManager( 3492): NORMAL SET : dst_category = 0, src_allowCategory = 0,2-1023
W/ActivityManager( 3492): NORMAL SET : srcAppInfo.processName = com.android.phone, destAppInfo.processName = com.android.phone
D/CscUpdateService( 4448): onStart
E/CscUpdateService( 4448): costomer file is exists : it has been preconfiged.
D/CscUpdateService( 4448): only notification update
W/ActivityManager( 3492): userId = 0, bbcId = -10000
W/ActivityManager( 3492): NORMAL SET : dst_category = 0, src_allowCategory = 0,2-1023
W/ActivityManager( 3492): NORMAL SET : srcAppInfo.processName = android.process.media, destAppInfo.processName = com.samsung.dcm:DCMService
D/CscUpdateService( 4448): onStart
E/CscUpdateService( 4448): costomer file is exists : it has been preconfiged.
D/CscUpdateService( 4448): only alarmtone update
E/CscParser( 4448): update(): xml file exist
E/CscParser( 4448): update(): xml file exist
I/SystemBroadcastReceiver(12620): [#DCM#] Calling notifyListeners. 
W/ActivityManager( 3492): userId = 0, bbcId = -10000
W/ActivityManager( 3492): NORMAL SET : dst_category = 0, src_allowCategory = 0,2-1023
W/ActivityManager( 3492): NORMAL SET : srcAppInfo.processName = android.process.media, destAppInfo.processName = com.samsung.android.app.galaxyfinder
W/CSCSettings( 4448): Setting Ringtones (type) : 2
D/CscParser( 4448): MessageTone: null
W/CSCSettings( 4448): 1. Tag_Str: null
W/CSCSettings( 4448): Setting Ringtones (type) : 4
D/CscParser( 4448): AlarmTone: null
W/CSCSettings( 4448): 1. Tag_Str: null
D/MediaProvider( 4036): request id : [547, 686, 1335, 1491, 1492]
D/SLocation( 3492): requestLocationToPoi add id : 1, request size :  5
D/SLocation( 3492): use cache data
D/SLocation( 3492): reportAddressPendingMap value size : 1
W/SLocation( 3492): don't receive data : id : 1 mRequestNum = 5 mAddressArrayIdx = 1 mPoisArrayIdx = 5
D/SLocation( 3492): use cache data
D/SLocation( 3492): reportAddressPendingMap value size : 1
W/ActivityManager( 3492): userId = 0, bbcId = -10000
W/ActivityManager( 3492): NORMAL SET : dst_category = 0, src_allowCategory = 0,2-1023
W/ActivityManager( 3492): NORMAL SET : srcAppInfo.processName = android.process.media, destAppInfo.processName = com.sec.android.app.music
W/SLocation( 3492): don't receive data : id : 1 mRequestNum = 5 mAddressArrayIdx = 2 mPoisArrayIdx = 5
D/SLocation( 3492): use cache data
D/SLocation( 3492): reportAddressPendingMap value size : 1
W/SLocation( 3492): don't receive data : id : 1 mRequestNum = 5 mAddressArrayIdx = 3 mPoisArrayIdx = 5
D/SLocation( 3492): use cache data
D/SLocation( 3492): reportAddressPendingMap value size : 1
W/SLocation( 3492): don't receive data : id : 1 mRequestNum = 5 mAddressArrayIdx = 4 mPoisArrayIdx = 5
D/SLocation( 3492): use cache data
D/SLocation( 3492): reportAddressPendingMap value size : 1
I/StorageController(12620): [#DCM#] Bundle =  Bundle[{path=file:///storage/emulated/0, CleanBuffer=false}]
I/StorageController(12620): [#DCM#] Sending intent for OS Upgrade for Phone contents 
D/SLocation( 3492): success sendPendingIntent id : 1
D/MusicWidget(12639): notifyWidgetList() data set changed
W/ActivityManager( 3492): userId = 0, bbcId = -10000
W/ActivityManager( 3492): NORMAL SET : dst_category = 0, src_allowCategory = 0,2-1023
W/ActivityManager( 3492): NORMAL SET : srcAppInfo.processName = android.process.media, destAppInfo.processName = com.sec.android.gallery3d
D/MediaScannerReceiver(12654): Receive action.ACTION_MEDIA_SCANNER_FINISHED
D/MediaScannerReceiver(12654): handleMeidaScanFinish()
W/ActivityManager( 3492): userId = 0, bbcId = -10000
D/FaceInterface(12654): requestFaceScan() is called.
W/ActivityManager( 3492): NORMAL SET : dst_category = 701, src_allowCategory = 0,2-1023
W/ActivityManager( 3492): NORMAL SET : srcAppInfo.processName = android.process.media, destAppInfo.processName = com.google.android.music:main
I/FaceInterface(12654): startFaceScan() : waiting 5 sec
W/ActivityManager( 3492): userId = 0, bbcId = -10000
W/ActivityManager( 3492): NORMAL SET : dst_category = 701, src_allowCategory = 0,701-1023
W/ActivityManager( 3492): NORMAL SET : srcAppInfo.processName = com.google.android.music:main, destAppInfo.processName = com.google.android.music:main
W/ActivityManager( 3492): userId = 0, bbcId = -10000
W/ActivityManager( 3492): NORMAL SET : dst_category = 701, src_allowCategory = 0,701-1023
W/ActivityManager( 3492): NORMAL SET : srcAppInfo.processName = com.google.android.music:main, destAppInfo.processName = com.google.android.music:main
W/EventAlbumManager(12654): updateLocalDB() : query fail!! bucketId = null
D/MediaProvider( 4036): Received intent : Intent { act=com.samsung.get_address_poi flg=0x10 (has extras) } Call UpdateAddressThread
D/SLocation( 3492): PendingIntent onSendFinished intent :PendingIntent{22e93e95: PendingIntentRecord{2a9f3baa com.android.providers.media broadcastIntent}}
D/SLocation( 3492): removeSCurrentLocationToPoiReceiver id : 1
I/MediaStoreImporter(12570): Update: incremental Added music: 0 Updated music: 0 Deleted music: 0 Created playlists: 0 Updated playlists: 0 Deleted playlists: 0 Inserted playlist items: 0 Deleted playlist items: 0 Removed orphaned playlist items: 0
D/KeyguardViewMediator( 3973): received DELAYED_KEYGUARD_ACTION with seq = 3, mDelayedShowingSequence = 3
D/FactoryTest( 3973): checkAutomationTestOption() : option=0
D/FactoryTest( 3973): checkAutomationTestOption() : mode_screenlock=0
D/KeyguardViewMediator( 3973): isAutoUnlockEnabled in KeyguardViewMediator = true
D/KeyguardViewMediator( 3973): doKeyguard: showing the lock screen
D/KeyguardViewMediator( 3973): showLocked
D/KeyguardViewMediator( 3973): handleShow
D/KeyguardViewMediator( 3973): Kiosk container not exists on device. handleShow
D/KeyguardEffectViewUtil( 3973): wallpaperType :2
D/StatusBar-Window( 3973): fnf=false sanc=true, kni=false, sbf=false
D/CoverUI ( 3973): applyFocusableFlag() : Remove SAMSUNG_FLAG_SVIEW_COVER
D/CoverUI ( 3973): applyHeight h = -1, oc = true, ex = false, fa = false, ac = false, sc = false
D/KeyguardEffectViewUtil( 3973): wallpaperType :2
D/StatusBar-Window( 3973): fnf=false sanc=true, kni=false, sbf=false
D/CoverUI ( 3973): applyFocusableFlag() : Remove SAMSUNG_FLAG_SVIEW_COVER
D/CoverUI ( 3973): applyHeight h = -1, oc = true, ex = false, fa = false, ac = false, sc = false
D/PhoneStatusBar( 3973): updateKeyguardState :1
D/StatusBar( 3973): LSSN:1
D/StatusBar( 3973): SLN:S
E/LSO     ( 3973): LSO Service is not yet ready!!!
D/StatusBar-QSPanel( 3973): setSingleLine:true
D/StatusBar-QSPanel( 3973): adjustCellWidth mButtonWidth : 272, displayWidth : 1440
D/StatusBar-QSPanel( 3973): updateButtonInfo mButtonWidth : 272 mColumns:5 orien: 1 mButtonCorrectionWidth:32
D/StatusBar-QSPanel( 3973): setSingleLine height:384
D/PhoneStatusBar( 3973): updateQSpanelHeight: 384 height:608
D/PanelView( 3973): setQsHeight mQsMin:0 mQsMax:788 mQsEx:0.0mQsPeek:608
I/KeyguardEffectViewController( 3973): setKeyguardShowing = true
D/KeyguardEffectViewController( 3973): show()
V/KeyguardUpdateMonitor( 3973): *** register callback for com.android.keyguard.sec.effect.KeyguardEffectViewController$2@1fde257a
V/KeyguardUpdateMonitor( 3973): *** unregister callback for null
D/QSTile.TorchLightTile( 3973): handleUpdateState() state=MultiState[visible=true,icon=null,label=Flashlight,contentDescription=Flashlight is off.,dualLabelContentDescription=null,autoMirrorDrawable=true,iconId=2130838949,pairedDeviceName=null,alpha=1.0,imageAlpha=1.0,textAlpha=1.0,textTruncate=true,textEllipsis=false,tintColor =-1,value=2]
D/SecKeyguardStatusUtils( 3973): isPowerSavingMode() : false
D/SecKeyguardStatusUtils( 3973): isUltraPowerSavingMode() :false
D/KeyguardEffectViewController( 3973): isPreloadedWallpaper=true
D/SecKeyguardStatusUtils( 3973): isPowerSavingMode() : false
D/SecKeyguardStatusUtils( 3973): isUltraPowerSavingMode() :false
W/ActivityManager( 3492): userId = 0, bbcId = -10000
W/ActivityManager( 3492): NORMAL SET : dst_category = 0, src_allowCategory = 0,2-1023
W/ActivityManager( 3492): NORMAL SET : srcAppInfo.processName = com.android.systemui, destAppInfo.processName = com.android.systemui
E/Zygote  (13269): MountEmulatedStorage()
E/Zygote  (13269): v2
V/KeyguardEffectViewController( 3973): *** Keyguard wallpaper service started
D/VisualEffectCircleUnlockEffect( 3973): KeyguardEffectViewNone : show
D/VisualEffectCircleUnlockEffect( 3973): clearEffect
D/VisualEffectCircleUnlockEffect( 3973): cancelAllAnimator
D/VisualEffectCircleUnlockEffect( 3973): KeyguardEffectViewNone : show
D/VisualEffectCircleUnlockEffect( 3973): clearEffect
D/VisualEffectCircleUnlockEffect( 3973): cancelAllAnimator
I/KeyguardEffectViewController( 3973): setHidden = false
D/VisualEffectCircleUnlockEffect( 3973): clearEffect
D/VisualEffectCircleUnlockEffect( 3973): cancelAllAnimator
D/VisualEffectCircleUnlockEffect( 3973): clearEffect
D/VisualEffectCircleUnlockEffect( 3973): cancelAllAnimator
D/KeyguardEffectViewController( 3973): isFestivalActivated()false
I/KeyguardEffectViewController( 3973): setFestivalKeyguardShowing = true ,:false
D/KeyguardEffectViewController( 3973): isFestivalActivated()false
D/PhoneStatusBar( 3973): updateKeyguardPreviousState :0
D/PhoneStatusBar( 3973): makeExpandedVisible:false
I/SELinux (13269): Function: selinux_compare_spd_ram, SPD-policy is existed. and_ver=SEPF_SM-G920F_5.0.2 ver=27
I/SELinux (13269): Function: selinux_compare_spd_ram , priority [2] , priority version is VE=SEPF_SM-G920F_5.1.1_0030
D/KeyguardEffectViewUtil( 3973): wallpaperType :2
D/StatusBar-Window( 3973): fnf=false sanc=true, kni=false, sbf=true
D/CoverUI ( 3973): applyFocusableFlag() : Remove SAMSUNG_FLAG_SVIEW_COVER
D/CoverUI ( 3973): applyHeight h = -1, oc = true, ex = true, fa = false, ac = false, sc = false
E/SELinux (13269): [DEBUG] get_category: variable seinfo: platform sensitivity: NULL, cateogry: NULL
D/PhoneStatusBar( 3973): disable: < expand ICONS* alerts SYSTEM_INFO* back home recent clock search >
D/PhoneStatusBar( 3973): HomeCitySettingsDialog available = false, show = true
V/KeyguardUpdateMonitor( 3973): *** register callback for com.android.keyguard.KeyguardSimpleHostView$1@340c4fc
V/KeyguardUpdateMonitor( 3973): *** unregister callback for null
D/KeyguardReset( 3973): getInstance()
D/KeyguardSecurityView( 3973): checkSecurityPolicy : AUTO_WIPE = false , IT Policy = false
I/KeyguardSecurityView( 3973): addAttributionInfoViewIfNecessary
V/KeyguardSecurityView( 3973): showPrimarySecurityScreen(turningOff=false)
D/KeyguardSecurityView( 3973): showSecurityScreen(SPass)
V/KeyguardSecurityView( 3973): inflating id = 2130968650
V/KeyguardUpdateMonitor( 3973): *** register callback for com.android.keyguard.sec.KeyguardSPassUnlockView$1@3f6479da
V/KeyguardUpdateMonitor( 3973): *** unregister callback for null
D/FingerprintManager( 3973): ownName: null
I/FPMS_FingerprintManagerService( 5299): request: called from pid= 3973
D/bauth_client(native)( 5299): BAuthServiceClient, 22
D/bauth_client(native)( 5299): getBAuthService - EXIT
D/bauth_BASCommunicator( 2998): IBAuthService, 352
D/bauth_BASCommunicator( 2998): IBAuthService, 539
D/bauth_service( 2998): BAuthService, 412
D/bauth_FPBAuthService( 2998): FPBAuthService, 3921
D/bauth_FPBAuthService( 2998): FPBAuthService, 3922
D/bauth_FPBAuthService( 2998): FPBAuthService, 435
D/TimaKeyStoreProvider(13269): TimaSignature is unavailable
D/ActivityThread(13269): Added TimaKeyStore provider
D/bauth_FPBAuthSensorControl( 2998): FPBAuthSensorControl, 191
D/bauth_FPBAuthService( 2998): FPBAuthService, 452
D/bauth_FPBAuthService( 2998): FPBAuthService, 3939
D/bauth_FPBAuthSensorControl( 2998): FPBAuthSensorControl, 273
I/TLC_BAUTH( 2998): Call FUNC ID 0x3;444
I/tlc_communication( 2998): tlc_open() called;89
I/tlc_communication( 2998): Allocating WSM for TCI;106
I/tlc_communication( 2998): Opening the session;122
I/InjectionManager(13269): Inside getClassLibPath + mLibMap{0=, 1=}
I/InjectionManager(13269): Inside getClassLibPath caller 
D/InjectionManager(13269): InjectionManager
D/InjectionManager(13269): fillFeatureStoreMap com.android.systemui
I/InjectionManager(13269): Constructor com.android.systemui, Feature store :{}
I/InjectionManager(13269): featureStore :{}
D/SecKeyguardStatusUtils(13269): isUltraPowerSavingMode() :false
I/KeyguardWallpaperLiveViewController(13269): initConnection isUltraPowerSavingMode = false
I/KeyguardWallpaperConnection(13269): connect
W/ActivityManager( 3492): userId = 0, bbcId = -10000
W/ActivityManager( 3492): NORMAL SET : dst_category = 1023, src_allowCategory = 0,2-1023
W/ActivityManager( 3492): NORMAL SET : srcAppInfo.processName = com.android.systemui, destAppInfo.processName = com.yahoo.mobile.client.android.liveweather
I/KeyguardWallpaperConnection(13269): bind service was called
I/KeyguardWallpaperConnection(13269): onServiceConnected
I/KeyguardWallpaperConnection(13269): onServiceConnected completed
I/KeyguardWallpaperConnection(13269): Attach Engine = true
E/Performance(11700): Metric [WeatherForecastLoaderByWoeid - loadInBackground] Value [3] (ms)
I/SurfaceFlinger( 2949): id=42 createSurf (1x1),2 flag=404, XeatherWall
D/mali_winsys(11700): new_window_surface returns 0x3000,  [1440x2560]-format:2
I/NFXRenderer(11700): [NFXRenderer] onSurfaceCreated().
I/NFXRenderer(11700): [NFXRenderer] onSurfaceChanged()
D/        (12758): [mtp_send_serial_control] KIES_MTP_MESSAGE : STOP !! 
E/MTPJNIInterface(12758): sendkiesmessage: MsgId=>61442MsgVal=>0 MsgStr=>null
E/Performance(11700): Metric [WeatherForecastLoaderByWoeid - loadInBackground] Value [2] (ms)
I/nativefx::lib(11700): [NFXLib.java] screenDensity: 640.0
I/NativeFX(11700): [NFXLib.cpp] System creation requested by Java.
I/NativeFX(11700): [NFXLib.cpp] Creating system from lib version: yahoo_nativefx_v33
I/NativeFX(11700): [NFXLib.cpp] screenDensity: 640.000000
I/NativeFX(11700): [YView] buffer width:1440.000000 buffer height:2560.000000screen width (px):1440.000000 screen height (px):2560.000000 screen density:640.000000
I/NativeFX(11700): [YEffect] max OpenGL texture size: 8192
W/ActivityManager( 3492): userId = 0, bbcId = -10000
W/ActivityManager( 3492): NORMAL SET : dst_category = 0, src_allowCategory = 0,2-1023
W/ActivityManager( 3492): NORMAL SET : srcAppInfo.processName = com.samsung.android.MtpApplication, destAppInfo.processName = com.wssnps
D/NPS_WSSNPS(12529): [501.150648] com.intent.action.KIES_MTP_MESSAGE
D/NPS_WSSNPS(12529): [501.150648] KIES_MTP_MESSAGE Stop !!!
I/NPS_WSSNPS(12529): [501.150648] IsRemain_Asyncing nothing
W/ActivityManager( 3492): userId = 0, bbcId = -10000
W/ActivityManager( 3492): NORMAL SET : dst_category = 0, src_allowCategory = 0,2-1023
W/ActivityManager( 3492): NORMAL SET : srcAppInfo.processName = com.wssnps, destAppInfo.processName = com.wssnps
D/InputDispatcher( 3492): Focus left window: 3973
D/PointerIcon( 3492): setMouseIconStyle1 pointerType: 1001 iconType:101 flag:0 pid:3492 uid:1000
D/PointerIcon( 3492): setMouseCustomIcon IconType is same.101
D/NPS_WSSNPS(12529): [501.150648] Service onDestroy
I/NPS_WSSNPS(12529): [501.150648] smlBRConfigurationDelete
I/NPS_WSSNPS(12529): [501.150648] smlBRMessageDelete
I/NPS_WSSNPS(12529): [501.150648] smlBREmailDelete
I/NPS_WSSNPS(12529): [501.150648] smlBRAsyncEmailDelete
I/NPS_WSSNPS(12529): [501.150648] smlBRNetworkDelete
I/NPS_WSSNPS(12529): [501.150648] smlBRCallLogDelete
I/NPS_WSSNPS(12529): [501.150648] smlBRMiniDiaryDelete
I/NPS_WSSNPS(12529): [501.150648] smlBRPenMemoMDelete
I/NPS_WSSNPS(12529): [501.150648] smlBRSMemoDelete
I/NPS_WSSNPS(12529): [501.150648] verifier installed? false
I/NPS_WSSNPS(12529): [501.150648] BoostRelease
D/NPS_WSSNPS(12529): [501.150648] dsServerSocket close
I/NFXRenderer(11700): [NFXRenderer] Created system at address: 547864170528
I/NativeFX(11700): [WFXLib.cpp] createEffect() system at address:547864170528
I/NativeFX(11700): [WFXLib.cpp] Creating effect from lib version: yahoo_nfx_weathereffects_v39
I/NativeFX(11700): [WFXLib.cpp] Effect created successfully at address:547863934016
I/tlc_communication( 2998): tlc_open() successed;142
I/TLC_BAUTH( 2998): Check TCI buffer;480
I/TLC_BAUTH( 2998): Call FP cmd 0xf;298
I/tlc_communication( 2998): Send Trustlet TCI Message;215
I/tlc_communication( 2998): mcNotify is completed;225
I/tlc_communication( 2998): mcWaitNotification is completed;272
I/TLC_BAUTH( 2998): Check the Trustlet return code is completed;333
I/TLC_BAUTH( 2998): Call FUNC ID 0x10;174
I/TLC_BAUTH( 2998): FUNC ID 0x10 is completed;206
I/TLC_BAUTH( 2998): Call FP cmd 0x10;350
I/tlc_communication( 2998): Send Trustlet TCI Message;215
I/tlc_communication( 2998): mcNotify is completed;225
I/tlc_communication( 2998): mcWaitNotification is completed;272
I/TLC_BAUTH( 2998): Check the Trustlet return code is completed;377
I/TLC_BAUTH( 2998): FUNC ID 0x3 is completed;644
D/bauth_FPBAuthSensorControl( 2998): FPBAuthSensorControl, 273
D/bauth_FPBAuthSensorControl( 2998): FPBAuthSensorControl, 273
I/TLC_BAUTH( 2998): Call FP cmd 0x1;805
I/tlc_communication( 2998): Send Trustlet TCI Message;215
I/tlc_communication( 2998): mcNotify is completed;225
I/tlc_communication( 2998): mcWaitNotification is completed;272
I/TLC_BAUTH( 2998): Check the Trustlet return code is completed;862
D/bauth_FPBAuthService( 2998): check_opcode status = 0, opcode = 7, func_ret_val = 0, function_status = 0, timeout = 0
I/TLC_BAUTH( 2998): Call FP cmd 0x1;805
I/tlc_communication( 2998): Send Trustlet TCI Message;215
I/tlc_communication( 2998): mcNotify is completed;225
I/tlc_communication( 2998): mcWaitNotification is completed;272
I/TLC_BAUTH( 2998): Check the Trustlet return code is completed;862
D/bauth_FPBAuthService( 2998): check_opcode status = 0, opcode = 0, func_ret_val = 0, function_status = 0, timeout = 0
D/bauth_FPBAuthSensorControl( 2998): FPBAuthSensorControl, 273
D/bauth_FPBAuthService( 2998): cOp : 16
I/TLC_BAUTH( 2998): Call FP cmd 0xc;1565
I/TLC_BAUTH( 2998): Check Input Data Param buf addr = 0 , length = 0;1621
I/tlc_communication( 2998): Send Trustlet TCI Message;215
I/tlc_communication( 2998): mcNotify is completed;225
I/tlc_communication( 2998): mcWaitNotification is completed;272
I/TLC_BAUTH( 2998): Check the Trustlet return code is completed;1658
D/bauth_FPBAuthService( 2998): check_opcode status = 5, opcode = 0, func_ret_val = 0, function_status = 0, timeout = 0
D/bauth_FPBAuthService( 2998): FPBAuthService, 3804
D/bauth_FPBAuthService( 2998): FPBAuthService, 4850
D/bauth_service( 2998): BAuthService, 463
I/FPMS_SamsungFingerprintProxyFactory( 5299): getSensorStatus FP_PROXY FINISH (189ms) RESULT: 100040
D/bauth_client(native)( 5299): BAuthServiceClient, 22
D/bauth_client(native)( 5299): getBAuthService - EXIT
D/bauth_BASCommunicator( 2998): IBAuthService, 352
D/bauth_BASCommunicator( 2998): IBAuthService, 582
D/bauth_service( 2998): BAuthService, 581
D/bauth_service( 2998): BAuthService, 588
I/FPMS_SamsungFingerprintProxyFactory( 5299): request FP_PROXY FINISH (0ms) RESULT: 0
D/SecContentProvider2( 3492): uri = 15 selection = getLockScreenHiddenItems
D/SecContentProvider2( 3492): mCursor = null
I/WFXRenderer(11700): [WFXRenderer] Created effect at address:547863934016 with system at address:547864170528
D/SecKeyguardBottomAreaView( 3973): mUseBackUp= false mUseCenteredMessageArea= false
D/SecKeyguardBottomAreaView( 3973): shortcut value[0-off / 1-camera] = 1
D/SecKeyguardBottomAreaView( 3973): mKidsModeEnabled= false
D/SecKeyguardBottomAreaView( 3973): mIsHelpTextEnabled= true
D/SecContentProvider2( 3492): uri = 15 selection = getToastGravityEnabledState
D/SecContentProvider2( 3492): mCursor = null
D/SecKeyguardCircleEmergencyView( 3973): updateCurrentView()
D/SecContentProvider2( 3492): uri = 15 selection = getLockScreenHiddenItems
D/SecContentProvider2( 3492): mCursor = null
D/SecContentProvider2( 3492): uri = 15 selection = getToastGravityEnabledState
D/SecContentProvider2( 3492): mCursor = null
D/KeyguardSPassUnlockView( 3973): onFinishInflate
D/KeyguardSPassUnlockView( 3973): max failed attempt for device disable :0
D/KeyguardSPassUnlockView( 3973): isDeviceDisabledForMaxFailedAttempt return :false
D/KeyguardSPassUnlockView( 3973): onResume()
D/KeyguardSPassUnlockView( 3973): max failed attempt for device disable :0
D/KeyguardSPassUnlockView( 3973): isDeviceDisabledForMaxFailedAttempt return :false
D/KeyguardSpassUnlockThread( 3973): onResume()
D/KeyguardSpassUnlockThread( 3973): handleStopIdentify()
D/KeyguardEffectViewUtil( 3973): wallpaperType :2
D/StatusBar-Window( 3973): fnf=false sanc=true, kni=false, sbf=true
D/CoverUI ( 3973): applyFocusableFlag() : Remove SAMSUNG_FLAG_SVIEW_COVER
D/CoverUI ( 3973): applyHeight h = -1, oc = true, ex = true, fa = false, ac = false, sc = false
D/KeyguardViewMediator( 3973): updateKeyguardClockandNotifications( show = true)
D/PhoneStatusBar( 3973): updateKeyguardClockandNotifications( mShowLockscreenNotifications = true show = true)
D/PanelView( 3973): There is/are notification(s) 
D/KeyguardSPassUnlockView( 3973): onAttachedToWindow()
V/KeyguardUpdateMonitor( 3973): *** register callback for com.android.keyguard.EmergencyButton$1@c35b900
V/KeyguardUpdateMonitor( 3973): *** unregister callback for null
D/SecContentProvider2( 3492): uri = 15 selection = getLockScreenHiddenItems
D/SecContentProvider2( 3492): mCursor = null
D/SecContentProvider2( 3492): uri = 15 selection = getLockScreenHiddenItems
D/SecContentProvider2( 3492): mCursor = null
D/SecContentProvider2( 3492): uri = 15 selection = getLockScreenHiddenItems
D/SecContentProvider2( 3492): mCursor = null
D/SecKeyguardCircleView( 3973): onAttachedToWindow
V/KeyguardUpdateMonitor( 3973): *** register callback for com.android.keyguard.sec.SecKeyguardCircleView$1@273df539
V/KeyguardUpdateMonitor( 3973): *** unregister callback for null
V/KeyguardUpdateMonitor( 3973): *** register callback for com.android.keyguard.sec.SecKeyguardCircleEmergencyView$1@392ef77e
V/KeyguardUpdateMonitor( 3973): *** unregister callback for null
D/SecKeyguardCircleEmergencyView( 3973): updateCurrentView()
D/SecContentProvider2( 3492): uri = 15 selection = getLockScreenHiddenItems
D/SecContentProvider2( 3492): mCursor = null
D/SecKeyguardCircleEmergencyView( 3973): updateCurrentView()
D/SecContentProvider2( 3492): uri = 15 selection = getLockScreenHiddenItems
D/SecContentProvider2( 3492): mCursor = null
D/SecKeyguardCircleEmergencyView( 3973): updateCurrentView()
D/SecContentProvider2( 3492): uri = 15 selection = getLockScreenHiddenItems
D/SecContentProvider2( 3492): mCursor = null
I/NativeFX(11700): [WFXLib.cpp] Received bitmap. w:2048 h:4096 region: x:0 y:1440 top:0 bottom:2560
V/KeyguardUpdateMonitor( 3973): *** register callback for com.android.keyguard.KeyguardMessageArea$3@11dbf4df
V/KeyguardUpdateMonitor( 3973): *** unregister callback for null
D/SecContentProvider2( 3492): uri = 15 selection = getLockScreenHiddenItems
D/SecContentProvider2( 3492): mCursor = null
D/KeyguardMessageArea( 3973): onTimeChanged( mCharging = true )
D/SecKeyguardCircleView( 3973): onAttachedToWindow
V/KeyguardUpdateMonitor( 3973): *** register callback for com.android.keyguard.sec.SecKeyguardCircleView$1@22bd652c
V/KeyguardUpdateMonitor( 3973): *** unregister callback for null
I/SecAttributionInfoView( 3973): onAttachedToWindow
D/SecKeyguardStatusUtils( 3973): isUltraPowerSavingMode() :false
D/SecKeyguardStatusUtils( 3973): isUltraPowerSavingMode() :false
D/SecKeyguardStatusUtils( 3973): isUltraPowerSavingMode() :false
D/SecKeyguardStatusUtils( 3973): isUltraPowerSavingMode() :false
D/KeyguardUpdateMonitor( 3973): sendKeyguardVisibilityChanged(true)
D/KeyguardViewMediator( 3973): adjustStatusBarLocked: mShowing=true mOccluded=false isSecure=? --> flags=0x3200000
D/KeyguardPreviewContainer( 3973): refreshPhonePreviewIfNeeded - re-creating preview
D/KeyguardPreviewInflater( 3973): intent.getAction()=android.intent.action.DIAL
V/WindowOrientationListener( 3492): mSContextAutoRotationListener.getProposedRotation, mbResultFaceDectection: false
V/WindowOrientationListener( 3492): mSContextAutoRotationListener.getProposedRotation, Rotation: 0
V/WindowOrientationListener( 3492): mSContextAutoRotationListener.getProposedRotation, mbResultFaceDectection: false
V/WindowOrientationListener( 3492): mSContextAutoRotationListener.getProposedRotation, Rotation: 0
D/InputDispatcher( 3492): Focus entered window: 3973
D/PointerIcon( 3492): setMouseIconStyle1 pointerType: 1001 iconType:101 flag:0 pid:3492 uid:1000
D/PointerIcon( 3492): setMouseCustomIcon IconType is same.101
D/mali_winsys( 3973): new_window_surface returns 0x3000,  [1440x2560]-format:1
D/StatusBar-QSPanel( 3973): onLayout left:16 top:0 record.row:0
D/StatusBar-QSPanel( 3973): onLayout left:300 top:0 record.row:0
D/StatusBar-QSPanel( 3973): onLayout left:584 top:0 record.row:0
D/StatusBar-QSPanel( 3973): onLayout left:868 top:0 record.row:0
D/StatusBar-QSPanel( 3973): onLayout left:1152 top:0 record.row:0
D/StatusBar-QSPanel( 3973): onLayout left:1436 top:0 record.row:0
D/StatusBar-QSPanel( 3973): onLayout left:1720 top:0 record.row:0
D/StatusBar-QSPanel( 3973): onLayout left:2004 top:0 record.row:0
D/StatusBar-QSPanel( 3973): onLayout left:2288 top:0 record.row:0
D/StatusBar-QSPanel( 3973): onLayout left:2572 top:0 record.row:0
D/PhoneStatusBar( 3973): makeExpandedVisible:true
D/NotificationStackScrollLayout( 3973): hasNotification()-C:5
D/NotificationStackScrollLayout( 3973): hasNotification()-0-N:false
D/NotificationStackScrollLayout( 3973): hasNotification()-0-V:8
D/NotificationStackScrollLayout( 3973): hasNotification()-1-N:false
D/NotificationStackScrollLayout( 3973): hasNotification()-1-V:8
D/NotificationStackScrollLayout( 3973): hasNotification()-2-N:true
D/NotificationStackScrollLayout( 3973): hasNotification()-2-V:8
D/NotificationStackScrollLayout( 3973): hasNotification()-3-N:true
D/NotificationStackScrollLayout( 3973): hasNotification()-3-V:8
D/NotificationStackScrollLayout( 3973): hasNotification()-4-N:false
D/NotificationStackScrollLayout( 3973): hasNotification()-4-V:8
D/PanelView( 3973): There is/are no notification(s) 
D/SecKeyguardClockView( 3973): updateCMASText() mOwnerInfo=android.widget.TextView{17d176dc I.ED..C. ......ID 32,0-32,86 #7f0e039d app:id/keyguard_owner_info}
D/SecKeyguardClockView( 3973): disableNoti = false
D/PanelView( 3973): kidsfalse mQsExpansionEnabled:true
V/KeyguardEffectViewController( 3973): *** Keyguard wallpaper service connected (yay!)
D/KeyguardWallpaperService(13269): KeyguardWallpaperService executeCommand(1) called
D/KeyguardUpdateMonitor( 3973): handleKeyguardVisibilityChanged(1)
D/SecKeyguardStatusUtils( 3973): isUltraPowerSavingMode() :false
D/KeyguardEffectViewController( 3973): isCategoriesWallpaper = false, isLiveWallpaper = falseisHomeWallpaper = false
D/SecKeyguardClockView( 3973): updateCMASText() mOwnerInfo=android.widget.TextView{17d176dc I.ED..C. ......ID 32,0-32,86 #7f0e039d app:id/keyguard_owner_info}
D/SecKeyguardClockView( 3973): disableNoti = false
D/PhoneStatusBar( 3973): disable: < expand ICONS alerts SYSTEM_INFO BACK* HOME* RECENT* clock SEARCH* >
D/KeyguardSPassUnlockView( 3973): onWindowFocusChanged(): hasWindowFocus=true
D/KeyguardSPassUnlockView( 3973): onWindowFocusChanged - get focus
D/KeyguardSPassUnlockView( 3973): reset()
D/KeyguardSPassUnlockView( 3973): max failed attempt for device disable :0
D/KeyguardSPassUnlockView( 3973): isDeviceDisabledForMaxFailedAttempt return :false
D/KeyguardSpassUnlockThread( 3973): reset()
D/KeyguardUnlockEventHandler( 3973): reset()
D/KeyguardSpassUnlockThread( 3973): handleStopIdentify()
D/StatusBar-QSPanel( 3973): onLayout left:16 top:0 record.row:0
D/StatusBar-QSPanel( 3973): onLayout left:300 top:0 record.row:0
D/StatusBar-QSPanel( 3973): onLayout left:584 top:0 record.row:0
D/StatusBar-QSPanel( 3973): onLayout left:868 top:0 record.row:0
D/StatusBar-QSPanel( 3973): onLayout left:1152 top:0 record.row:0
D/StatusBar-QSPanel( 3973): onLayout left:1436 top:0 record.row:0
D/StatusBar-QSPanel( 3973): onLayout left:1720 top:0 record.row:0
D/StatusBar-QSPanel( 3973): onLayout left:2004 top:0 record.row:0
D/StatusBar-QSPanel( 3973): onLayout left:2288 top:0 record.row:0
D/StatusBar-QSPanel( 3973): onLayout left:2572 top:0 record.row:0
D/KeyguardViewMediator( 3973): handleKeyguardDoneDrawing
D/Recents_AlternateRecentsComponent( 4502): dismissHelpPopup 
D/PanelView( 3973): mClearAll.setVisibility - mIsFullyOpened : false isShade : false mHasNotification : false mIsUpwardFling : false mQsFullyExpanded : false isShadeLocked : false mClearAllVisible : false
D/PanelView( 3973): mClearAll.setVisibility - mIsFullyOpened : false isShade : false mHasNotification : false mIsUpwardFling : false mQsFullyExpanded : false isShadeLocked : false mClearAllVisible : false
D/SettingsProvider( 3492): name = just_lock_yahoo_livewallpaper_location_url
D/SettingsProvider( 3492): edmUri: content://com.sec.knox.provider/RestrictionPolicy3
D/SettingsProvider( 3492): projectionArgs: isSettingsChangesAllowed
D/SettingsProvider( 3492): selectionArgs: false
D/SettingsProvider( 3492): selectionArgs: 10182
D/SecContentProvider( 3492): uri = 17 selection = isSettingsChangesAllowed
D/SettingsProvider( 3492): ret = -1
D/SettingsProvider( 3492): name = just_lock_yahoo_livewallpaper_attribution_url
D/SettingsProvider( 3492): edmUri: content://com.sec.knox.provider/RestrictionPolicy3
D/SettingsProvider( 3492): projectionArgs: isSettingsChangesAllowed
D/SettingsProvider( 3492): selectionArgs: false
D/SettingsProvider( 3492): selectionArgs: 10182
D/SecContentProvider( 3492): uri = 17 selection = isSettingsChangesAllowed
D/SettingsProvider( 3492): ret = -1
D/SettingsProvider( 3492): name = just_lock_yahoo_livewallpaper_location_url
D/SettingsProvider( 3492): edmUri: content://com.sec.knox.provider/RestrictionPolicy3
D/SettingsProvider( 3492): projectionArgs: isSettingsChangesAllowed
D/SettingsProvider( 3492): selectionArgs: false
D/SettingsProvider( 3492): selectionArgs: 10182
D/SecContentProvider( 3492): uri = 17 selection = isSettingsChangesAllowed
D/SettingsProvider( 3492): ret = -1
D/SettingsProvider( 3492): name = just_lock_yahoo_livewallpaper_attribution_url
D/SettingsProvider( 3492): edmUri: content://com.sec.knox.provider/RestrictionPolicy3
D/SettingsProvider( 3492): projectionArgs: isSettingsChangesAllowed
D/SettingsProvider( 3492): selectionArgs: false
D/SettingsProvider( 3492): selectionArgs: 10182
D/SecContentProvider( 3492): uri = 17 selection = isSettingsChangesAllowed
D/SettingsProvider( 3492): ret = -1
D/PanelView( 3973): mClearAll.setVisibility - mIsFullyOpened : false isShade : false mHasNotification : false mIsUpwardFling : false mQsFullyExpanded : false isShadeLocked : false mClearAllVisible : false
E/WifiStateMachine( 3492): WifiStateMachine CMD_START_SCAN source 10011 txSuccessRate=1.74 rxSuccessRate=1.30 targetRoamBSSID=ac:f1:df:9d:7b:19 RSSI=-72
I/wpa_supplicant( 3928): wlan0: Setting scan request: 0 sec 0 usec
I/wpa_supplicant( 3928): P2P: Current p2p state = IDLE
I/BackgroundCompactionService( 3492): onStart. jobID=801
I/BackgroundCompactionService( 3492): onStart done. jobID=801
I/BackgroundCompactionService( 3492): Execute BGCompaction (type1). (2 times)
I/wpa_supplicant( 3928): Scan requested (ret=0) - scan timeout 30 seconds
I/BackgroundCompactionService( 3492): compact_memory command done
D/bauth_FPBAuthService( 2998): FPBAuthService, 4780
D/bauth_FPBAuthService( 2998): FPBAuthService, 4903
I/TLC_BAUTH( 2998): Call FP cmd 0xc;1565
I/tlc_communication( 2998): Send Trustlet TCI Message;215
I/tlc_communication( 2998): mcNotify is completed;225
D/KeyguardUpdateMonitor( 3973): received broadcast android.intent.action.BATTERY_CHANGED
I/PERF    ( 3973): received broadcast android.intent.action.BATTERY_CHANGED
D/KeyguardUpdateMonitor( 3973): handleBatteryUpdate
D/QSTile.TorchLightTile( 3973): ACTION_BATTERY_CHANGED - Level :: 100, Status :: 5
I/tlc_communication( 2998): mcWaitNotification is completed;272
I/TLC_BAUTH( 2998): Check the Trustlet return code is completed;1658
D/bauth_FPBAuthService( 2998): check_opcode status = 5, opcode = 0, func_ret_val = 0, function_status = 0, timeout = 0
D/bauth_FPBAuthService( 2998): FPBAuthService, 4953
I/TLC_BAUTH( 2998): Call FUNC ID 0x4;657
I/TLC_BAUTH( 2998): Free ION Memory;686
I/TLC_BAUTH( 2998): Call FUNC ID 0x20;224
I/TLC_BAUTH( 2998): FUNC ID 0x20 is completed;250
I/tlc_communication( 2998): tlc_close() called;155
I/tlc_communication( 2998): Closing the session;159
I/tlc_communication( 2998): Free WSM;175
I/tlc_communication( 2998): tlc_close() successed;202
I/TLC_BAUTH( 2998): FUNC ID 0x4 is completed;787
D/bauth_FPBAuthSensorControl( 2998): FPBAuthSensorControl, 191
D/bauth_FPBAuthService( 2998): FPBAuthService, 467
D/bauth_FPBAuthService( 2998): FPBAuthService, 4990
I/TLC_BAUTH( 2998): Call FUNC ID 0x3;444
I/tlc_communication( 2998): tlc_open() called;89
I/tlc_communication( 2998): Allocating WSM for TCI;106
I/tlc_communication( 2998): Opening the session;122
I/tlc_communication( 2998): tlc_open() successed;142
I/TLC_BAUTH( 2998): Check TCI buffer;480
I/TLC_BAUTH( 2998): Call FP cmd 0xf;298
I/tlc_communication( 2998): Send Trustlet TCI Message;215
I/tlc_communication( 2998): mcNotify is completed;225
I/tlc_communication( 2998): mcWaitNotification is completed;272
I/TLC_BAUTH( 2998): Check the Trustlet return code is completed;333
I/TLC_BAUTH( 2998): Call FUNC ID 0x10;174
I/TLC_BAUTH( 2998): FUNC ID 0x10 is completed;206
I/TLC_BAUTH( 2998): Call FP cmd 0x10;350
I/tlc_communication( 2998): Send Trustlet TCI Message;215
I/tlc_communication( 2998): mcNotify is completed;225
I/tlc_communication( 2998): mcWaitNotification is completed;272
I/TLC_BAUTH( 2998): Check the Trustlet return code is completed;377
I/TLC_BAUTH( 2998): FUNC ID 0x3 is completed;644
D/bauth_FPBAuthService( 2998): FPBAuthService, 5009
D/bauth_FPBAuthService( 2998): FPBAuthService, 5026
D/bauth_FPBAuthService( 2998): FPBAuthService, 4803
D/KeyguardSPassUnlockView( 3973): handleShowFingerPrintInstruction( show finger pirnt instructions )
I/wpa_supplicant( 3928): nl80211: Received scan results (18 BSSes)
I/wpa_supplicant( 3928): same, connected : AC.7B.19, current : AC.7B.19
D/Tethering( 3492): interfaceLinkStateChanged wlan0, true
D/Tethering( 3492): interfaceStatusChanged wlan0, true
D/CAE     ( 3492): updatePassiveCurrentPosition(ActivityTrackerHandler.java:137) - send the passive current position to SensorHub
I/CAE     ( 3492): sendCmdToSensorHub(SensorHubCommManager.java:144) - -63, 22, 1, -23, -114, -108, 2, 19, 98, -78, 0, 0, 0, 0, 23, 14, 48, 0, 4, 0, 0, 0, 0, 2,
D/SensorHubManager( 3492): SendSensorHubData: send data = -63, 22, 1, -23, -114, -108, 2, 19, 98, -78, 0, 0, 0, 0, 23, 14, 48, 0, 4, 0, 0, 0, 0, 2
D/Sensorhubs( 2979): sendContextData: -63, 22, 1, -23, -114, -108, 2, 19, 98, -78, 0, 0, 0, 0, 23, 14, 48, 0, 4, 0, 0, 0, 0, 2
W/MTPRx   (12758): notification from stack 12
D/SettingsProvider( 3492): name = mtp_sync_alive
D/SettingsProvider( 3492): name = mtp_sync_alive
E/MTPRx   (12758): MS triggered
W/ActivityManager( 3492): userId = 0, bbcId = -10000
W/ActivityManager( 3492): NORMAL SET : dst_category = 0, src_allowCategory = 0,2-1023
W/ActivityManager( 3492): NORMAL SET : srcAppInfo.processName = com.samsung.android.MtpApplication, destAppInfo.processName = android.process.media
W/ActivityManager( 3492): userId = 0, bbcId = -10000
W/ActivityManager( 3492): NORMAL SET : dst_category = 0, src_allowCategory = 0,2-1023
W/ActivityManager( 3492): NORMAL SET : srcAppInfo.processName = android.process.media, destAppInfo.processName = android.process.media
W/ActivityManager( 3492): userId = 0, bbcId = -10000
W/ActivityManager( 3492): NORMAL SET : dst_category = 701, src_allowCategory = 0,2-1023
W/ActivityManager( 3492): NORMAL SET : srcAppInfo.processName = android.process.media, destAppInfo.processName = com.google.android.music:main
W/ActivityManager( 3492): userId = 0, bbcId = -10000
W/ActivityManager( 3492): NORMAL SET : dst_category = 701, src_allowCategory = 0,701-1023
W/ActivityManager( 3492): NORMAL SET : srcAppInfo.processName = com.google.android.music:main, destAppInfo.processName = com.google.android.music:main
D/MediaScanner( 4036): Constructor set externalStorageSdPath : null
D/MediaProvider( 4036): savePlaylistTableInBulkDeleter started
D/MediaProvider( 4036): savePlaylistTableInBulkDeleter started - audio_playlists_map_personal_cache existed
D/MediaProvider( 4036): savePlaylistTableInBulkDeleter started - audio_playlists_map_personal_cache is empty
D/MediaProvider( 4036): savePlaylistTableInBulkDeleter finished
I/iu.UploadsManager( 4208): storage changed; old: -1, new: -1
D/MediaScanner( 4036): Prescan. DB items number : 1930 DB_FILES_NUMBER_CACHING_LIMITATION : 7000  Caching mode : true
V/MediaScanner( 4036): processDirectory :  /storage/emulated/0
D/MediaScanner( 4036): Skipping:
D/MediaScanner( 4036): 7klwibgf7fvntblfd7(7Budiwrd7dblb7
D/MediaScanner( 4036): Skipping:
D/MediaScanner( 4036): 7klwibgf7fvntblfd7(75ebcf7
D/MediaScanner( 4036): Skipping:
D/MediaScanner( 4036): 7klwibgf7fvntblfd7(7DCRV75lpnvaubrtk7
E/MediaScanner( 4036): stat() failed for /storage/emulated/0/DCIM/.metadata/HighLight.meta: Permission denied
D/MediaScanner( 4036): Skipping:
D/MediaScanner( 4036): 7klwibgf7fvntblfd7(7cwv5ebcfawws5wicb7
E/MTPJNIInterface(12758): In MTPJNIINterface onReceive:android.intent.action.MEDIA_SCANNER_FINISHED
W/ActivityManager( 3492): userId = 0, bbcId = -10000
W/ActivityManager( 3492): NORMAL SET : dst_category = 0, src_allowCategory = 0,2-1023
W/ActivityManager( 3492): NORMAL SET : srcAppInfo.processName = android.process.media, destAppInfo.processName = com.android.phone
D/MediaProvider( 4036): Network connect success, Call RequestAddressThread
E/CscFactoryReceiver( 4448): onReceive android.intent.action.MEDIA_SCANNER_FINISHED
D/CscFactoryReceiver( 4448): Media DB Scanner finished.
D/CscFactoryReceiver( 4448): start service to Set Notification
I/FaceInterface(12654): startFaceScan() : going on
D/FaceInterface(12654): startFaceScan() is called.
I/art     ( 3492): Explicit concurrent mark sweep GC freed 79748(4MB) AllocSpace objects, 17(1500KB) LOS objects, 17% free, 75MB/91MB, paused 1.961ms total 258.519ms
W/ActivityManager( 3492): userId = 0, bbcId = -10000
W/ActivityManager( 3492): NORMAL SET : dst_category = 0, src_allowCategory = 0,2-1023
W/ActivityManager( 3492): NORMAL SET : srcAppInfo.processName = com.android.phone, destAppInfo.processName = com.android.phone
D/ContentApp( 4036): startScan() is called.
D/CscFactoryReceiver( 4448): start service to Set Alarmtone
D/ContentApp( 4036): startScan() is end.
W/ActivityManager( 3492): userId = 0, bbcId = -10000
W/ActivityManager( 3492): NORMAL SET : dst_category = 0, src_allowCategory = 0,2-1023
D/ContentApp( 4036): face_restore FINISHED_TYPE: 3
W/ActivityManager( 3492): NORMAL SET : srcAppInfo.processName = com.android.phone, destAppInfo.processName = com.android.phone
D/FaceScanner( 4036): isNeedToRestore : start
D/CscUpdateService( 4448): onStart
E/CscUpdateService( 4448): costomer file is exists : it has been preconfiged.
D/CscUpdateService( 4448): only notification update
D/CscUpdateService( 4448): onStart
E/CscParser( 4448): update(): xml file exist
E/CscUpdateService( 4448): costomer file is exists : it has been preconfiged.
D/CscUpdateService( 4448): only alarmtone update
E/CscParser( 4448): update(): xml file exist
W/ActivityManager( 3492): userId = 0, bbcId = -10000
W/ActivityManager( 3492): NORMAL SET : dst_category = 0, src_allowCategory = 0,2-1023
W/ActivityManager( 3492): NORMAL SET : srcAppInfo.processName = android.process.media, destAppInfo.processName = com.samsung.dcm:DCMService
W/CSCSettings( 4448): Setting Ringtones (type) : 2
D/CscParser( 4448): MessageTone: null
W/CSCSettings( 4448): 1. Tag_Str: null
W/CSCSettings( 4448): Setting Ringtones (type) : 4
D/CscParser( 4448): AlarmTone: null
W/CSCSettings( 4448): 1. Tag_Str: null
I/SystemBroadcastReceiver(12620): [#DCM#] Calling notifyListeners. 
D/MediaProvider( 4036): request id : [547, 686, 1335, 1491, 1492]
D/SLocation( 3492): requestLocationToPoi add id : 1, request size :  5
D/SLocation( 3492): use cache data
D/SLocation( 3492): reportAddressPendingMap value size : 1
W/SLocation( 3492): don't receive data : id : 1 mRequestNum = 5 mAddressArrayIdx = 1 mPoisArrayIdx = 5
D/SLocation( 3492): use cache data
D/SLocation( 3492): reportAddressPendingMap value size : 1
W/SLocation( 3492): don't receive data : id : 1 mRequestNum = 5 mAddressArrayIdx = 2 mPoisArrayIdx = 5
D/SLocation( 3492): use cache data
D/SLocation( 3492): reportAddressPendingMap value size : 1
W/SLocation( 3492): don't receive data : id : 1 mRequestNum = 5 mAddressArrayIdx = 3 mPoisArrayIdx = 5
D/SLocation( 3492): use cache data
D/SLocation( 3492): reportAddressPendingMap value size : 1
W/SLocation( 3492): don't receive data : id : 1 mRequestNum = 5 mAddressArrayIdx = 4 mPoisArrayIdx = 5
D/SLocation( 3492): use cache data
D/SLocation( 3492): reportAddressPendingMap value size : 1
W/ActivityManager( 3492): userId = 0, bbcId = -10000
W/ActivityManager( 3492): NORMAL SET : dst_category = 0, src_allowCategory = 0,2-1023
W/ActivityManager( 3492): NORMAL SET : srcAppInfo.processName = android.process.media, destAppInfo.processName = com.samsung.android.app.galaxyfinder
D/SLocation( 3492): success sendPendingIntent id : 1
W/ActivityManager( 3492): userId = 0, bbcId = -10000
W/ActivityManager( 3492): NORMAL SET : dst_category = 0, src_allowCategory = 0,2-1023
W/ActivityManager( 3492): NORMAL SET : srcAppInfo.processName = android.process.media, destAppInfo.processName = com.sec.android.app.music
D/MusicWidget(12639): notifyWidgetList() data set changed
I/StorageController(12620): [#DCM#] Bundle =  Bundle[{path=file:///storage/emulated/0, CleanBuffer=false}]
I/StorageController(12620): [#DCM#] Sending intent for OS Upgrade for Phone contents 
W/ActivityManager( 3492): userId = 0, bbcId = -10000
W/ActivityManager( 3492): NORMAL SET : dst_category = 0, src_allowCategory = 0,2-1023
W/ActivityManager( 3492): NORMAL SET : srcAppInfo.processName = android.process.media, destAppInfo.processName = com.sec.android.gallery3d
D/MediaScannerReceiver(12654): Receive action.ACTION_MEDIA_SCANNER_FINISHED
D/MediaScannerReceiver(12654): handleMeidaScanFinish()
D/FaceInterface(12654): requestFaceScan() is called.
W/ActivityManager( 3492): userId = 0, bbcId = -10000
W/ActivityManager( 3492): NORMAL SET : dst_category = 701, src_allowCategory = 0,2-1023
W/ActivityManager( 3492): NORMAL SET : srcAppInfo.processName = android.process.media, destAppInfo.processName = com.google.android.music:main
I/FaceInterface(12654): startFaceScan() : waiting 5 sec
W/ActivityManager( 3492): userId = 0, bbcId = -10000
W/ActivityManager( 3492): NORMAL SET : dst_category = 701, src_allowCategory = 0,701-1023
W/ActivityManager( 3492): NORMAL SET : srcAppInfo.processName = com.google.android.music:main, destAppInfo.processName = com.google.android.music:main
W/ActivityManager( 3492): userId = 0, bbcId = -10000
W/ActivityManager( 3492): NORMAL SET : dst_category = 701, src_allowCategory = 0,701-1023
W/ActivityManager( 3492): NORMAL SET : srcAppInfo.processName = com.google.android.music:main, destAppInfo.processName = com.google.android.music:main
W/EventAlbumManager(12654): updateLocalDB() : query fail!! bucketId = null
D/MediaProvider( 4036): Received intent : Intent { act=com.samsung.get_address_poi flg=0x10 (has extras) } Call UpdateAddressThread
D/SLocation( 3492): PendingIntent onSendFinished intent :PendingIntent{e6a3d62: PendingIntentRecord{2a9f3baa com.android.providers.media broadcastIntent}}
D/SLocation( 3492): removeSCurrentLocationToPoiReceiver id : 1
I/MediaStoreImporter(12570): Update: incremental Added music: 0 Updated music: 0 Deleted music: 0 Created playlists: 0 Updated playlists: 0 Deleted playlists: 0 Inserted playlist items: 0 Deleted playlist items: 0 Removed orphaned playlist items: 0
D/KeyguardUpdateMonitor( 3973): received broadcast android.intent.action.TIME_TICK
I/PERF    ( 3973): received broadcast android.intent.action.TIME_TICK
D/KeyguardUpdateMonitor( 3973): handleTimeUpdate
